
     Program PWSCF v.5.0.1 starts on  1Aug2012 at 14:41:43 

     This program is part of the open-source Quantum ESPRESSO suite
     for quantum simulation of materials; please cite
         "P. Giannozzi et al., J. Phys.:Condens. Matter 21 395502 (2009);
          URL http://www.quantum-espresso.org", 
     in publications or presentations arising from this work. More details at
     http://www.quantum-espresso.org/quote.php

     Serial version

     Current dimensions of program PWSCF are:
     Max number of different atomic species (ntypx) = 10
     Max number of k-points (npk) =  40000
     Max angular momentum in pseudopotentials (lmaxx) =  3
     Waiting for input...
     Reading input from standard input
               file C.pbe-rrkjus.UPF: wavefunction(s)  2S 2P renormalized
               file H.pbe-rrkjus.UPF: wavefunction(s)  1S renormalized

     G-vector sticks info
     --------------------
     sticks:   dense  smooth     PW     G-vecs:    dense   smooth      PW
     Sum        4335     869    283               480629    42995    7821



     bravais-lattice index     =            8
     lattice parameter (alat)  =       4.6686  a.u.
     unit-cell volume          =    2543.8720 (a.u.)^3
     number of atoms/cell      =            4
     number of atomic types    =            2
     number of electrons       =        10.00
     number of Kohn-Sham states=            5
     kinetic-energy cutoff     =      25.0000  Ry
     charge density cutoff     =     500.0000  Ry
     convergence threshold     =      1.0E-10
     mixing beta               =       0.7000
     number of iterations used =            8  plain     mixing
     Exchange-correlation      =  SLA  PW   PBE  PBE ( 1 4 3 4 0)
     EXX-fraction              =        0.00

     celldm(1)=   4.668583  celldm(2)=   5.000000  celldm(3)=   5.000000
     celldm(4)=   0.000000  celldm(5)=   0.000000  celldm(6)=   0.000000

     crystal axes: (cart. coord. in units of alat)
               a(1) = (   1.000000   0.000000   0.000000 )  
               a(2) = (   0.000000   5.000000   0.000000 )  
               a(3) = (   0.000000   0.000000   5.000000 )  

     reciprocal axes: (cart. coord. in units 2 pi/alat)
               b(1) = (  1.000000  0.000000  0.000000 )  
               b(2) = (  0.000000  0.200000  0.000000 )  
               b(3) = (  0.000000  0.000000  0.200000 )  


     PseudoPot. # 1 for C  read from file:
     ../pseudo/C.pbe-rrkjus.UPF
     MD5 check sum: a5cc68578e6c79c9731b675496d79ba7
     Pseudo is Ultrasoft, Zval =  4.0
     Generated by new atomic code, or converted to UPF format
     Using radial grid of  627 points,  4 beta functions with: 
                l(1) =   0
                l(2) =   0
                l(3) =   1
                l(4) =   1
     Q(r) pseudized with 0 coefficients 


     PseudoPot. # 2 for H  read from file:
     ../pseudo/H.pbe-rrkjus.UPF
     MD5 check sum: 570d2d78b8586c06526eb89f0cb0f8d3
     Pseudo is Ultrasoft, Zval =  1.0
     Generated by new atomic code, or converted to UPF format
     Using radial grid of 1061 points,  2 beta functions with: 
                l(1) =   0
                l(2) =   0
     Q(r) pseudized with 0 coefficients 


     atomic species   valence    mass     pseudopotential
        C              4.00    12.01100     C ( 1.00)
        H              1.00     1.00794     H ( 1.00)

     No symmetry found



   Cartesian axes

     site n.     atom                  positions (alat units)
         1           C   tau(   1) = (   0.0012979   2.4334932   2.4286151  )
         2           C   tau(   2) = (   0.5138075   2.6964246   2.4286383  )
         3           H   tau(   3) = (   0.0010790   1.9900921   2.4286564  )
         4           H   tau(   4) = (   0.5138317   3.1398245   2.4286925  )

     number of k points=     7
                       cart. coord. in units 2pi/alat
        k(    1) = (   0.0000000   0.0000000   0.0000000), wk =   0.1666667
        k(    2) = (   0.0833333   0.0000000   0.0000000), wk =   0.3333333
        k(    3) = (   0.1666667   0.0000000   0.0000000), wk =   0.3333333
        k(    4) = (   0.2500000   0.0000000   0.0000000), wk =   0.3333333
        k(    5) = (   0.3333333   0.0000000   0.0000000), wk =   0.3333333
        k(    6) = (   0.4166667   0.0000000   0.0000000), wk =   0.3333333
        k(    7) = (  -0.5000000   0.0000000   0.0000000), wk =   0.1666667

     Dense  grid:   480629 G-vectors     FFT dimensions: (  36, 180, 180)

     Smooth grid:    42995 G-vectors     FFT dimensions: (  15,  75,  75)

     Largest allocated arrays     est. size (Mb)     dimensions
        Kohn-Sham Wavefunctions         0.41 Mb     (   5395,    5)
        NL pseudopotentials             1.65 Mb     (   5395,   20)
        Each V/rho on FFT grid         17.80 Mb     (1166400)
        Each G-vector array             3.67 Mb     ( 480629)
        G-vector shells                 0.04 Mb     (   5590)
     Largest temporary arrays     est. size (Mb)     dimensions
        Auxiliary wavefunctions         1.65 Mb     (   5395,   20)
        Each subspace H/S matrix        0.01 Mb     (  20,  20)
        Each <psi_i|beta_j> matrix      0.00 Mb     (     20,    5)
        Arrays for rho mixing         142.38 Mb     (1166400,   8)

     Initial potential from superposition of free atoms
     Check: negative starting charge=   -0.000192

     starting charge    9.80749, renormalised to   10.00000

     negative rho (up, down):  0.195E-03 0.000E+00
     Starting wfc are   10 randomized atomic wfcs

     total cpu time spent up to now is        4.0 secs

     Self-consistent Calculation

     iteration #  1     ecut=    25.00 Ry     beta=0.70
     Davidson diagonalization with overlap
     ethr =  1.00E-02,  avg # of iterations =  2.0

     negative rho (up, down):  0.495E-04 0.000E+00

     total cpu time spent up to now is        8.2 secs

     total energy              =     -25.00033208 Ry
     Harris-Foulkes estimate   =     -25.48255703 Ry
     estimated scf accuracy    <       0.73445731 Ry

     iteration #  2     ecut=    25.00 Ry     beta=0.70
     Davidson diagonalization with overlap
     ethr =  7.34E-03,  avg # of iterations =  2.0

     negative rho (up, down):  0.369E-04 0.000E+00

     total cpu time spent up to now is       12.2 secs

     total energy              =     -25.09767430 Ry
     Harris-Foulkes estimate   =     -25.13135844 Ry
     estimated scf accuracy    <       0.06191891 Ry

     iteration #  3     ecut=    25.00 Ry     beta=0.70
     Davidson diagonalization with overlap
     ethr =  6.19E-04,  avg # of iterations =  2.0

     negative rho (up, down):  0.126E-04 0.000E+00

     total cpu time spent up to now is       16.0 secs

     total energy              =     -25.10870791 Ry
     Harris-Foulkes estimate   =     -25.11138166 Ry
     estimated scf accuracy    <       0.00455828 Ry

     iteration #  4     ecut=    25.00 Ry     beta=0.70
     Davidson diagonalization with overlap
     ethr =  4.56E-05,  avg # of iterations =  2.0

     negative rho (up, down):  0.795E-05 0.000E+00

     total cpu time spent up to now is       19.8 secs

     total energy              =     -25.10978452 Ry
     Harris-Foulkes estimate   =     -25.10977747 Ry
     estimated scf accuracy    <       0.00012093 Ry

     iteration #  5     ecut=    25.00 Ry     beta=0.70
     Davidson diagonalization with overlap
     ethr =  1.21E-06,  avg # of iterations =  2.3

     negative rho (up, down):  0.555E-05 0.000E+00

     total cpu time spent up to now is       23.7 secs

     total energy              =     -25.10981151 Ry
     Harris-Foulkes estimate   =     -25.10981205 Ry
     estimated scf accuracy    <       0.00000376 Ry

     iteration #  6     ecut=    25.00 Ry     beta=0.70
     Davidson diagonalization with overlap
     ethr =  3.76E-08,  avg # of iterations =  2.3

     negative rho (up, down):  0.572E-05 0.000E+00

     total cpu time spent up to now is       27.6 secs

     total energy              =     -25.10981242 Ry
     Harris-Foulkes estimate   =     -25.10981244 Ry
     estimated scf accuracy    <       0.00000011 Ry

     iteration #  7     ecut=    25.00 Ry     beta=0.70
     Davidson diagonalization with overlap
     ethr =  1.10E-09,  avg # of iterations =  2.9

     negative rho (up, down):  0.563E-05 0.000E+00

     total cpu time spent up to now is       31.5 secs

     total energy              =     -25.10981247 Ry
     Harris-Foulkes estimate   =     -25.10981252 Ry
     estimated scf accuracy    <       0.00000016 Ry

     iteration #  8     ecut=    25.00 Ry     beta=0.70
     Davidson diagonalization with overlap
     ethr =  1.10E-09,  avg # of iterations =  2.7

     negative rho (up, down):  0.536E-05 0.000E+00

     total cpu time spent up to now is       35.2 secs

     total energy              =     -25.10981249 Ry
     Harris-Foulkes estimate   =     -25.10981249 Ry
     estimated scf accuracy    <          1.4E-09 Ry

     iteration #  9     ecut=    25.00 Ry     beta=0.70
     Davidson diagonalization with overlap
     ethr =  1.40E-11,  avg # of iterations =  2.4

     negative rho (up, down):  0.534E-05 0.000E+00

     total cpu time spent up to now is       39.1 secs

     total energy              =     -25.10981249 Ry
     Harris-Foulkes estimate   =     -25.10981249 Ry
     estimated scf accuracy    <          2.3E-10 Ry

     iteration # 10     ecut=    25.00 Ry     beta=0.70
     Davidson diagonalization with overlap
     ethr =  2.29E-12,  avg # of iterations =  2.7

     negative rho (up, down):  0.534E-05 0.000E+00

     total cpu time spent up to now is       42.8 secs

     End of self-consistent calculation

          k = 0.0000 0.0000 0.0000 (  5395 PWs)   bands (ev):

   -20.2102 -13.4916  -8.4129  -8.3406  -7.8628

          k = 0.0833 0.0000 0.0000 (  5387 PWs)   bands (ev):

   -20.0940 -13.3881  -8.7550  -8.2622  -7.9254

          k = 0.1667 0.0000 0.0000 (  5371 PWs)   bands (ev):

   -19.7463 -13.0941  -9.8959  -8.0030  -7.8130

          k = 0.2500 0.0000 0.0000 (  5355 PWs)   bands (ev):

   -19.1707 -12.7363 -11.2545  -8.1822  -7.0717

          k = 0.3333 0.0000 0.0000 (  5372 PWs)   bands (ev):

   -18.3736 -13.3554 -11.5388  -8.5708  -6.0530

          k = 0.4167 0.0000 0.0000 (  5380 PWs)   bands (ev):

   -17.3682 -14.7669 -10.8375  -9.1979  -4.7852

          k =-0.5000 0.0000 0.0000 (  5344 PWs)   bands (ev):

   -16.3320 -15.9637 -10.0538  -9.9383  -3.5200

!    total energy              =     -25.10981249 Ry
     Harris-Foulkes estimate   =     -25.10981249 Ry
     estimated scf accuracy    <          1.4E-11 Ry

     The total energy is the sum of the following terms:

     one-electron contribution =    -103.86785873 Ry
     hartree contribution      =      53.11244786 Ry
     xc contribution           =      -8.36942949 Ry
     ewald contribution        =      34.01502786 Ry

     convergence has been achieved in  10 iterations

     Forces acting on atoms (Ry/au):

     atom    1 type  1   force =     0.00076144    0.00157588    0.00003047
     atom    2 type  1   force =    -0.00084768   -0.00157859   -0.00000078
     atom    3 type  2   force =     0.00010488   -0.00098807   -0.00001844
     atom    4 type  2   force =    -0.00001864    0.00099078   -0.00001126

     Total force =     0.002871     Total SCF correction =     0.000007


     entering subroutine stress ...

          total   stress  (Ry/bohr**3)                   (kbar)     P=   -1.67
  -0.00000989  -0.00000040  -0.00000000         -1.46     -0.06     -0.00
  -0.00000040  -0.00001128   0.00000000         -0.06     -1.66      0.00
  -0.00000000   0.00000000  -0.00001288         -0.00      0.00     -1.89


     Writing output data file cnhn.save

     init_run     :      3.63s CPU      3.91s WALL (       1 calls)
     electrons    :     36.65s CPU     38.75s WALL (       1 calls)
     forces       :      1.97s CPU      2.02s WALL (       1 calls)
     stress       :      6.56s CPU      6.70s WALL (       1 calls)

     Called by init_run:
     wfcinit      :      0.60s CPU      0.64s WALL (       1 calls)
     potinit      :      1.50s CPU      1.60s WALL (       1 calls)

     Called by electrons:
     c_bands      :      8.23s CPU      8.39s WALL (      10 calls)
     sum_band     :     10.10s CPU     10.37s WALL (      10 calls)
     v_of_rho     :     10.46s CPU     11.04s WALL (      11 calls)
     newd         :      7.37s CPU      8.37s WALL (      11 calls)
     mix_rho      :      1.14s CPU      1.17s WALL (      10 calls)

     Called by c_bands:
     init_us_2    :      0.31s CPU      0.36s WALL (     161 calls)
     cegterg      :      7.88s CPU      8.00s WALL (      70 calls)

     Called by *egterg:
     h_psi        :      7.60s CPU      7.62s WALL (     240 calls)
     s_psi        :      0.23s CPU      0.23s WALL (     240 calls)
     g_psi        :      0.05s CPU      0.05s WALL (     163 calls)
     cdiaghg      :      0.03s CPU      0.05s WALL (     233 calls)

     Called by h_psi:
     add_vuspsi   :      0.23s CPU      0.23s WALL (     240 calls)

     General routines
     calbec       :      0.36s CPU      0.36s WALL (     324 calls)
     fft          :      9.16s CPU      9.18s WALL (     180 calls)
     ffts         :      0.06s CPU      0.06s WALL (      21 calls)
     fftw         :      5.09s CPU      5.10s WALL (    2486 calls)
     interpolate  :      1.29s CPU      1.40s WALL (      21 calls)
     davcio       :      0.00s CPU      0.02s WALL (     231 calls)


     PWSCF        :    48.99s CPU        51.72s WALL


   This run was terminated on:  14:42:34   1Aug2012            

=------------------------------------------------------------------------------=
   JOB DONE.
=------------------------------------------------------------------------------=
