
     Program Q2R v.5.0          starts on  1Aug2012 at 15:58: 7 

     This program is part of the open-source Quantum ESPRESSO suite
     for quantum simulation of materials; please cite
         "P. Giannozzi et al., J. Phys.:Condens. Matter 21 395502 (2009);
          URL http://www.quantum-espresso.org", 
     in publications or presentations arising from this work. More details at
     http://www.quantum-espresso.org/quote.php

     Serial version

     reading grid info from file cnhn.dyn0
  reading force constants from file cnhn.dyn1
 macroscopic fields = T
  58.49000  -0.40026   0.00002
  -0.40025   1.10633  -0.00000
  -0.00005   0.00000   1.07028
  na=            1
  -1.65989   1.08364   0.00234
   0.00111   0.11477  -0.00007
  -0.00001   0.00028  -0.11119
  na=            2
  -1.66419   1.08408  -0.00170
   0.00106   0.11479   0.00006
  -0.00001   0.00033  -0.11118
  na=            3
  -0.07413  -1.09186  -0.00065
  -0.00148  -0.09526   0.00003
  -0.00000  -0.00006   0.13123
  na=            4
  -0.07294  -1.09198   0.00001
  -0.00139  -0.09525  -0.00003
   0.00000  -0.00007   0.13123
zasr rotation axis in 1D system=    1
Norm of the difference between old and new effective charges:    1.73582456555877073789
  nqs=            1
 q=   0.00000000  0.00000000  0.00000000
  reading force constants from file cnhn.dyn2
  nqs=            2
 q=   0.16666667  0.00000000  0.00000000
 q=  -0.16666667 -0.00000000 -0.00000000
  reading force constants from file cnhn.dyn3
  nqs=            2
 q=   0.33333333  0.00000000  0.00000000
 q=  -0.33333333 -0.00000000 -0.00000000
  reading force constants from file cnhn.dyn4
  nqs=            1
 q=  -0.50000000  0.00000000  0.00000000

      q-space grid ok, #points =    6
asr rotation axis in 1D system=    1
Norm of the difference between old and new effective charges:    0.00000000000000024851
Norm of the difference between old and new force-constants:   0.01439053967104895158
  1  1  1  1     1.362723
  1  1  1  2    -0.137994
  1  1  1  3    -0.016088
  1  1  1  4     0.000000
  1  1  1  5    -0.016088
  1  1  1  6    -0.137994
  2  1  1  1    -0.420817
  2  1  1  2    -0.608199
  2  1  1  3     0.027660
  2  1  1  4     0.000000
  2  1  1  5    -0.000817
  2  1  1  6     0.028780
  3  1  1  1    -0.101026
  3  1  1  2     0.003296
  3  1  1  3     0.001467
  3  1  1  4     0.000000
  3  1  1  5     0.001228
  3  1  1  6     0.002419
  4  1  1  1     0.007637
  4  1  1  2     0.004555
  4  1  1  3     0.004056
  4  1  1  4     0.000000
  4  1  1  5     0.004395
  4  1  1  6    -0.000519
  1  1  2  1    -0.100671
  1  1  2  2     0.017225
  1  1  2  3    -0.004283
  1  1  2  4     0.000000
  1  1  2  5     0.005026
  1  1  2  6    -0.011220
  2  1  2  1    -0.171430
  2  1  2  2     0.274596
  2  1  2  3    -0.010472
  2  1  2  4     0.000000
  2  1  2  5     0.005060
  2  1  2  6     0.013590
  3  1  2  1    -0.002856
  3  1  2  2     0.007645
  3  1  2  3    -0.002728
  3  1  2  4     0.000000
  3  1  2  5     0.001472
  3  1  2  6    -0.005264
  4  1  2  1     0.001527
  4  1  2  2    -0.003740
  4  1  2  3     0.000165
  4  1  2  4     0.000000
  4  1  2  5    -0.002520
  4  1  2  6    -0.002396
  1  1  3  1    -0.000625
  1  1  3  2    -0.000188
  1  1  3  3    -0.000120
  1  1  3  4     0.000000
  1  1  3  5    -0.000108
  1  1  3  6    -0.000244
  2  1  3  1    -0.000709
  2  1  3  2    -0.000020
  2  1  3  3     0.000088
  2  1  3  4     0.000000
  2  1  3  5    -0.000109
  2  1  3  6    -0.000295
  3  1  3  1    -0.000033
  3  1  3  2    -0.000072
  3  1  3  3     0.000052
  3  1  3  4     0.000000
  3  1  3  5    -0.000136
  3  1  3  6    -0.000171
  4  1  3  1    -0.000066
  4  1  3  2     0.000016
  4  1  3  3     0.000202
  4  1  3  4     0.000000
  4  1  3  5    -0.000021
  4  1  3  6    -0.000139
  1  2  1  1    -0.100671
  1  2  1  2    -0.011220
  1  2  1  3     0.005026
  1  2  1  4     0.000000
  1  2  1  5    -0.004283
  1  2  1  6     0.017225
  2  2  1  1    -0.171407
  2  2  1  2     0.274613
  2  2  1  3    -0.010472
  2  2  1  4     0.000000
  2  2  1  5     0.005058
  2  2  1  6     0.013593
  3  2  1  1    -0.003847
  3  2  1  2    -0.003816
  3  2  1  3    -0.000284
  3  2  1  4     0.000000
  3  2  1  5    -0.001477
  3  2  1  6     0.002790
  4  2  1  1    -0.054479
  4  2  1  2     0.054441
  4  2  1  3     0.000196
  4  2  1  4     0.000000
  4  2  1  5     0.000513
  4  2  1  6    -0.000284
  1  2  2  1     1.286379
  1  2  2  2     0.026389
  1  2  2  3     0.002859
  1  2  2  4     0.000000
  1  2  2  5     0.002859
  1  2  2  6     0.026389
  2  2  2  1    -0.302254
  2  2  2  2    -0.373785
  2  2  2  3    -0.006049
  2  2  2  4     0.000000
  2  2  2  5    -0.000058
  2  2  2  6    -0.006492
  3  2  2  1    -0.606002
  3  2  2  2     0.002300
  3  2  2  3     0.001299
  3  2  2  4     0.000000
  3  2  2  5     0.000481
  3  2  2  6     0.003223
  4  2  2  1    -0.028140
  4  2  2  2    -0.030085
  4  2  2  3    -0.001075
  4  2  2  4     0.000000
  4  2  2  5     0.000441
  4  2  2  6    -0.001028
  1  2  3  1     0.000144
  1  2  3  2    -0.000007
  1  2  3  3    -0.000050
  1  2  3  4     0.000000
  1  2  3  5     0.000106
  1  2  3  6     0.000244
  2  2  3  1     0.000032
  2  2  3  2    -0.000165
  2  2  3  3    -0.000092
  2  2  3  4     0.000000
  2  2  3  5     0.000095
  2  2  3  6     0.000203
  3  2  3  1     0.000011
  3  2  3  2    -0.000066
  3  2  3  3    -0.000061
  3  2  3  4     0.000000
  3  2  3  5     0.000027
  3  2  3  6    -0.000027
  4  2  3  1    -0.000074
  4  2  3  2    -0.000129
  4  2  3  3    -0.000072
  4  2  3  4     0.000000
  4  2  3  5     0.000018
  4  2  3  6    -0.000003
  1  3  1  1    -0.000625
  1  3  1  2    -0.000244
  1  3  1  3    -0.000108
  1  3  1  4     0.000000
  1  3  1  5    -0.000120
  1  3  1  6    -0.000188
  2  3  1  1    -0.000156
  2  3  1  2    -0.000538
  2  3  1  3    -0.000097
  2  3  1  4     0.000000
  2  3  1  5     0.000085
  2  3  1  6    -0.000058
  3  3  1  1    -0.000081
  3  3  1  2    -0.000049
  3  3  1  3    -0.000019
  3  3  1  4     0.000000
  3  3  1  5    -0.000011
  3  3  1  6    -0.000025
  4  3  1  1    -0.000042
  4  3  1  2    -0.000071
  4  3  1  3    -0.000015
  4  3  1  4     0.000000
  4  3  1  5     0.000005
  4  3  1  6    -0.000017
  1  3  2  1     0.000144
  1  3  2  2     0.000244
  1  3  2  3     0.000106
  1  3  2  4     0.000000
  1  3  2  5    -0.000050
  1  3  2  6    -0.000007
  2  3  2  1     0.000304
  2  3  2  2     0.000191
  2  3  2  3     0.000022
  2  3  2  4     0.000000
  2  3  2  5     0.000078
  2  3  2  6     0.000184
  3  3  2  1    -0.000076
  3  3  2  2     0.000035
  3  3  2  3     0.000030
  3  3  2  4     0.000000
  3  3  2  5    -0.000067
  3  3  2  6    -0.000095
  4  3  2  1     0.000082
  4  3  2  2    -0.000058
  4  3  2  3    -0.000038
  4  3  2  4     0.000000
  4  3  2  5     0.000064
  4  3  2  6     0.000080
  1  3  3  1     0.244176
  1  3  3  2     0.010173
  1  3  3  3     0.000633
  1  3  3  4     0.000000
  1  3  3  5     0.000633
  1  3  3  6     0.010173
  2  3  3  1    -0.108826
  2  3  3  2    -0.103075
  2  3  3  3     0.006314
  2  3  3  4     0.000000
  2  3  3  5    -0.002697
  2  3  3  6     0.017230
  3  3  3  1    -0.073521
  3  3  3  2    -0.003656
  3  3  3  3    -0.001561
  3  3  3  4     0.000000
  3  3  3  5    -0.001284
  3  3  3  6    -0.009588
  4  3  3  1     0.006966
  4  3  3  2     0.010544
  4  3  3  3    -0.000839
  4  3  3  4     0.000000
  4  3  3  5    -0.000538
  4  3  3  6    -0.000596
