
  ======================================================================
              =                                            =
              =     *** WanT *** Wannier Transport Code    =
              =        (www.wannier-transport.org)         =
              =      Ultra Soft Pseudopotential Implem.    =
              =                                            =
  ======================================================================


  Program <dos>  v. 2.5.0alpha2  starts ...
  Date 17Apr2014 at 20:19:20 

     Number of MPI processes:       6



          BUILT :    Thu 17 Apr 2014 06:13:20 PM CEST
           HOST :    x86_64-unknown-linux-gnu
           ARCH :    x86_64
             CC :    icc
            CPP :    cpp
            F90 :    mpif90
            F77 :    ifort
         DFLAGS :    -D__INTEL -D__FFTW -D__MPI -D__PARA
      BLAS LIBS :    -L/home/ferretti/want/install -lmkl_em64t_nothread
    LAPACK LIBS :    
       FFT LIBS :    
      MASS LIBS :    


  checking for fmt internal... no
  checking for fmt wannier90... no
  checking for fmt crystal... no
  checking for fmt qexml... ok

  DFT-data fmt automaticaly detected: qexml

  ======================================================================
  =  INPUT Summary                                                     =
  ======================================================================

                      fileout :     ./dos_Au1_PROJ.dat
                         type :     gaussian
               spin component :     all
                        delta :     0.05000 eV
                           nk :      1   1 400
                            s :      0   0   0
                        nktot :        400
                         emin :    -12.000
                         emax :      4.000
                           ne :      800
                        shift :      0.000
                        scale :      1.000
                       nprint :       50
              compute projdos :     FALSE
           compute fermi surf :     FALSE
                 DFT datafile :     ./SCRATCH/gold1.save/atomic_proj.xml
              use ortho basis :     FALSE
                atmproj shift :         5.000000
                 atmproj nbnd :         0
                  atmproj thr :         0.900000
                   have sigma :     FALSE

  ======================================================================
  =  Post Processing Init                                              =
  ======================================================================

   file fmt: atmproj
   ATMPROJ conversion to be done using: 
     atmproj_nbnd :     10
     atmproj_thr  :      0.900000
     atmproj_sh   :      5.000000

  ./SCRATCH/gold1.save/atomic_proj.xml converted to internal fmt
  DFT-data read from file: gold1.save/data-file.xml

      Windows data read from file: gold1_WanT.space
     Subspace data read from file: gold1_WanT.space
  Hamiltonian data read from file: gold1_WanT.ham



  ======================================================================
  =  DFT data                                                          =
  ======================================================================

 <LATTICE>
  Alat  =      20.0000000 (Bohr)
  Alat  =      10.5835400 (Ang )
  Omega =    1889.7280000 (Bohr^3)
  Omega =     280.0284636 (Ang^3 )

  Crystal axes:
                in Bohr units                           in Alat units
    a(1) = (   20.00000    0.00000    0.00000 )    (    1.00000    0.00000    0.00000 )
    a(2) = (    0.00000   20.00000    0.00000 )    (    0.00000    1.00000    0.00000 )
    a(3) = (    0.00000    0.00000    4.72432 )    (    0.00000    0.00000    0.23622 )
                in Ang units
    a(1) = (   10.58354    0.00000    0.00000 )
    a(2) = (    0.00000   10.58354    0.00000 )
    a(3) = (    0.00000    0.00000    2.50000 )

   Reciprocal lattice vectors:
                in Bohr^-1 units                        in 2Pi/Alat units
    b(1) = (    0.31416    0.00000    0.00000 )    (    1.00000    0.00000    0.00000 )
    b(2) = (    0.00000    0.31416    0.00000 )    (    0.00000    1.00000    0.00000 )
    b(3) = (    0.00000    0.00000    1.32997 )    (    0.00000    0.00000    4.23341 )
 </LATTICE>

 <K-POINTS>
         nproc =     6   (Parallelism over kpts)
  global nkpts =     8
   local nkpts =     2
  Monkhorst-Pack grid:      nk = (   1   1   8 ),      shift = (   0   0   0 )

  K-point grid: (cart. coord. in Bohr^-1)
    k (    1) =    (    0.0000000   0.0000000   0.0000000 ),   weight =      0.1250000
    k (    2) =    (    0.0000000   0.0000000   0.1662458 ),   weight =      0.1250000
    k (    3) =    (    0.0000000   0.0000000   0.3324915 ),   weight =      0.1250000
    k (    4) =    (    0.0000000   0.0000000   0.4987373 ),   weight =      0.1250000
    k (    5) =    (    0.0000000   0.0000000  -0.6649830 ),   weight =      0.1250000
    k (    6) =    (    0.0000000   0.0000000  -0.4987373 ),   weight =      0.1250000
    k (    7) =    (    0.0000000   0.0000000  -0.3324915 ),   weight =      0.1250000
    k (    8) =    (    0.0000000   0.0000000  -0.1662458 ),   weight =      0.1250000
 </K-POINTS>

 <R-GRID>
         nrtot =     9
  R-grid generators:      nr = (   1   1   8 )

  R-grid vectors:         (crystal units)
    R (    1) =    (       0      0     -3 ),   wr =      1.0000000
    R (    2) =    (       0      0     -2 ),   wr =      1.0000000
    R (    3) =    (       0      0     -1 ),   wr =      1.0000000
    R (    4) =    (       0      0      0 ),   wr =      1.0000000
    R (    5) =    (       0      0      1 ),   wr =      1.0000000
    R (    6) =    (       0      0      2 ),   wr =      1.0000000
    R (    7) =    (       0      0      3 ),   wr =      1.0000000
    R (    8) =    (       0      0      4 ),   wr =      0.5000000
    R (    9) =    (       0      0     -4 ),   wr =      0.5000000
 </R-GRID>


  ======================================================================
  =  DOS computation using Wannier Functions                           =
  ======================================================================

  nktot =   400
  Monkhorst-Pack grid:      nk = (   1   1 400 ),      shift = (   0   0   0 )
  Generated kpt mesh: (cart. coord. in Bohr^-1)

    k (    1) =    (   0.00000  0.00000  0.00332 ),    weight =   0.0025000
    k (    2) =    (   0.00000  0.00000  0.00665 ),    weight =   0.0025000
    k (    3) =    (   0.00000  0.00000  0.00997 ),    weight =   0.0025000
    k (    4) =    (   0.00000  0.00000  0.01330 ),    weight =   0.0025000
    k (    5) =    (   0.00000  0.00000  0.01662 ),    weight =   0.0025000
    k (    6) =    (   0.00000  0.00000  0.01995 ),    weight =   0.0025000
    k (    7) =    (   0.00000  0.00000  0.02327 ),    weight =   0.0025000
    k (    8) =    (   0.00000  0.00000  0.02660 ),    weight =   0.0025000
    k (    9) =    (   0.00000  0.00000  0.02992 ),    weight =   0.0025000
    k (   10) =    (   0.00000  0.00000  0.03325 ),    weight =   0.0025000
    k (   11) =    (   0.00000  0.00000  0.03657 ),    weight =   0.0025000
    k (   12) =    (   0.00000  0.00000  0.03990 ),    weight =   0.0025000
    k (   13) =    (   0.00000  0.00000  0.04322 ),    weight =   0.0025000
    k (   14) =    (   0.00000  0.00000  0.04655 ),    weight =   0.0025000
    k (   15) =    (   0.00000  0.00000  0.04987 ),    weight =   0.0025000
    k (   16) =    (   0.00000  0.00000  0.05320 ),    weight =   0.0025000
    k (   17) =    (   0.00000  0.00000  0.05652 ),    weight =   0.0025000
    k (   18) =    (   0.00000  0.00000  0.05985 ),    weight =   0.0025000
    k (   19) =    (   0.00000  0.00000  0.06317 ),    weight =   0.0025000
    k (   20) =    (   0.00000  0.00000  0.06650 ),    weight =   0.0025000
    k (   21) =    (   0.00000  0.00000  0.06982 ),    weight =   0.0025000
    k (   22) =    (   0.00000  0.00000  0.07315 ),    weight =   0.0025000
    k (   23) =    (   0.00000  0.00000  0.07647 ),    weight =   0.0025000
    k (   24) =    (   0.00000  0.00000  0.07980 ),    weight =   0.0025000
    k (   25) =    (   0.00000  0.00000  0.08312 ),    weight =   0.0025000
    k (   26) =    (   0.00000  0.00000  0.08645 ),    weight =   0.0025000
    k (   27) =    (   0.00000  0.00000  0.08977 ),    weight =   0.0025000
    k (   28) =    (   0.00000  0.00000  0.09310 ),    weight =   0.0025000
    k (   29) =    (   0.00000  0.00000  0.09642 ),    weight =   0.0025000
    k (   30) =    (   0.00000  0.00000  0.09975 ),    weight =   0.0025000
    k (   31) =    (   0.00000  0.00000  0.10307 ),    weight =   0.0025000
    k (   32) =    (   0.00000  0.00000  0.10640 ),    weight =   0.0025000
    k (   33) =    (   0.00000  0.00000  0.10972 ),    weight =   0.0025000
    k (   34) =    (   0.00000  0.00000  0.11305 ),    weight =   0.0025000
    k (   35) =    (   0.00000  0.00000  0.11637 ),    weight =   0.0025000
    k (   36) =    (   0.00000  0.00000  0.11970 ),    weight =   0.0025000
    k (   37) =    (   0.00000  0.00000  0.12302 ),    weight =   0.0025000
    k (   38) =    (   0.00000  0.00000  0.12635 ),    weight =   0.0025000
    k (   39) =    (   0.00000  0.00000  0.12967 ),    weight =   0.0025000
    k (   40) =    (   0.00000  0.00000  0.13300 ),    weight =   0.0025000
    k (   41) =    (   0.00000  0.00000  0.13632 ),    weight =   0.0025000
    k (   42) =    (   0.00000  0.00000  0.13965 ),    weight =   0.0025000
    k (   43) =    (   0.00000  0.00000  0.14297 ),    weight =   0.0025000
    k (   44) =    (   0.00000  0.00000  0.14630 ),    weight =   0.0025000
    k (   45) =    (   0.00000  0.00000  0.14962 ),    weight =   0.0025000
    k (   46) =    (   0.00000  0.00000  0.15295 ),    weight =   0.0025000
    k (   47) =    (   0.00000  0.00000  0.15627 ),    weight =   0.0025000
    k (   48) =    (   0.00000  0.00000  0.15960 ),    weight =   0.0025000
    k (   49) =    (   0.00000  0.00000  0.16292 ),    weight =   0.0025000
    k (   50) =    (   0.00000  0.00000  0.16625 ),    weight =   0.0025000
    k (   51) =    (   0.00000  0.00000  0.16957 ),    weight =   0.0025000
    k (   52) =    (   0.00000  0.00000  0.17290 ),    weight =   0.0025000
    k (   53) =    (   0.00000  0.00000  0.17622 ),    weight =   0.0025000
    k (   54) =    (   0.00000  0.00000  0.17955 ),    weight =   0.0025000
    k (   55) =    (   0.00000  0.00000  0.18287 ),    weight =   0.0025000
    k (   56) =    (   0.00000  0.00000  0.18620 ),    weight =   0.0025000
    k (   57) =    (   0.00000  0.00000  0.18952 ),    weight =   0.0025000
    k (   58) =    (   0.00000  0.00000  0.19285 ),    weight =   0.0025000
    k (   59) =    (   0.00000  0.00000  0.19617 ),    weight =   0.0025000
    k (   60) =    (   0.00000  0.00000  0.19949 ),    weight =   0.0025000
    k (   61) =    (   0.00000  0.00000  0.20282 ),    weight =   0.0025000
    k (   62) =    (   0.00000  0.00000  0.20614 ),    weight =   0.0025000
    k (   63) =    (   0.00000  0.00000  0.20947 ),    weight =   0.0025000
    k (   64) =    (   0.00000  0.00000  0.21279 ),    weight =   0.0025000
    k (   65) =    (   0.00000  0.00000  0.21612 ),    weight =   0.0025000
    k (   66) =    (   0.00000  0.00000  0.21944 ),    weight =   0.0025000
    k (   67) =    (   0.00000  0.00000  0.22277 ),    weight =   0.0025000
    k (   68) =    (   0.00000  0.00000  0.22609 ),    weight =   0.0025000
    k (   69) =    (   0.00000  0.00000  0.22942 ),    weight =   0.0025000
    k (   70) =    (   0.00000  0.00000  0.23274 ),    weight =   0.0025000
    k (   71) =    (   0.00000  0.00000  0.23607 ),    weight =   0.0025000
    k (   72) =    (   0.00000  0.00000  0.23939 ),    weight =   0.0025000
    k (   73) =    (   0.00000  0.00000  0.24272 ),    weight =   0.0025000
    k (   74) =    (   0.00000  0.00000  0.24604 ),    weight =   0.0025000
    k (   75) =    (   0.00000  0.00000  0.24937 ),    weight =   0.0025000
    k (   76) =    (   0.00000  0.00000  0.25269 ),    weight =   0.0025000
    k (   77) =    (   0.00000  0.00000  0.25602 ),    weight =   0.0025000
    k (   78) =    (   0.00000  0.00000  0.25934 ),    weight =   0.0025000
    k (   79) =    (   0.00000  0.00000  0.26267 ),    weight =   0.0025000
    k (   80) =    (   0.00000  0.00000  0.26599 ),    weight =   0.0025000
    k (   81) =    (   0.00000  0.00000  0.26932 ),    weight =   0.0025000
    k (   82) =    (   0.00000  0.00000  0.27264 ),    weight =   0.0025000
    k (   83) =    (   0.00000  0.00000  0.27597 ),    weight =   0.0025000
    k (   84) =    (   0.00000  0.00000  0.27929 ),    weight =   0.0025000
    k (   85) =    (   0.00000  0.00000  0.28262 ),    weight =   0.0025000
    k (   86) =    (   0.00000  0.00000  0.28594 ),    weight =   0.0025000
    k (   87) =    (   0.00000  0.00000  0.28927 ),    weight =   0.0025000
    k (   88) =    (   0.00000  0.00000  0.29259 ),    weight =   0.0025000
    k (   89) =    (   0.00000  0.00000  0.29592 ),    weight =   0.0025000
    k (   90) =    (   0.00000  0.00000  0.29924 ),    weight =   0.0025000
    k (   91) =    (   0.00000  0.00000  0.30257 ),    weight =   0.0025000
    k (   92) =    (   0.00000  0.00000  0.30589 ),    weight =   0.0025000
    k (   93) =    (   0.00000  0.00000  0.30922 ),    weight =   0.0025000
    k (   94) =    (   0.00000  0.00000  0.31254 ),    weight =   0.0025000
    k (   95) =    (   0.00000  0.00000  0.31587 ),    weight =   0.0025000
    k (   96) =    (   0.00000  0.00000  0.31919 ),    weight =   0.0025000
    k (   97) =    (   0.00000  0.00000  0.32252 ),    weight =   0.0025000
    k (   98) =    (   0.00000  0.00000  0.32584 ),    weight =   0.0025000
    k (   99) =    (   0.00000  0.00000  0.32917 ),    weight =   0.0025000
    k (  100) =    (   0.00000  0.00000  0.33249 ),    weight =   0.0025000
    k (  101) =    (   0.00000  0.00000  0.33582 ),    weight =   0.0025000
    k (  102) =    (   0.00000  0.00000  0.33914 ),    weight =   0.0025000
    k (  103) =    (   0.00000  0.00000  0.34247 ),    weight =   0.0025000
    k (  104) =    (   0.00000  0.00000  0.34579 ),    weight =   0.0025000
    k (  105) =    (   0.00000  0.00000  0.34912 ),    weight =   0.0025000
    k (  106) =    (   0.00000  0.00000  0.35244 ),    weight =   0.0025000
    k (  107) =    (   0.00000  0.00000  0.35577 ),    weight =   0.0025000
    k (  108) =    (   0.00000  0.00000  0.35909 ),    weight =   0.0025000
    k (  109) =    (   0.00000  0.00000  0.36242 ),    weight =   0.0025000
    k (  110) =    (   0.00000  0.00000  0.36574 ),    weight =   0.0025000
    k (  111) =    (   0.00000  0.00000  0.36907 ),    weight =   0.0025000
    k (  112) =    (   0.00000  0.00000  0.37239 ),    weight =   0.0025000
    k (  113) =    (   0.00000  0.00000  0.37572 ),    weight =   0.0025000
    k (  114) =    (   0.00000  0.00000  0.37904 ),    weight =   0.0025000
    k (  115) =    (   0.00000  0.00000  0.38237 ),    weight =   0.0025000
    k (  116) =    (   0.00000  0.00000  0.38569 ),    weight =   0.0025000
    k (  117) =    (   0.00000  0.00000  0.38902 ),    weight =   0.0025000
    k (  118) =    (   0.00000  0.00000  0.39234 ),    weight =   0.0025000
    k (  119) =    (   0.00000  0.00000  0.39566 ),    weight =   0.0025000
    k (  120) =    (   0.00000  0.00000  0.39899 ),    weight =   0.0025000
    k (  121) =    (   0.00000  0.00000  0.40231 ),    weight =   0.0025000
    k (  122) =    (   0.00000  0.00000  0.40564 ),    weight =   0.0025000
    k (  123) =    (   0.00000  0.00000  0.40896 ),    weight =   0.0025000
    k (  124) =    (   0.00000  0.00000  0.41229 ),    weight =   0.0025000
    k (  125) =    (   0.00000  0.00000  0.41561 ),    weight =   0.0025000
    k (  126) =    (   0.00000  0.00000  0.41894 ),    weight =   0.0025000
    k (  127) =    (   0.00000  0.00000  0.42226 ),    weight =   0.0025000
    k (  128) =    (   0.00000  0.00000  0.42559 ),    weight =   0.0025000
    k (  129) =    (   0.00000  0.00000  0.42891 ),    weight =   0.0025000
    k (  130) =    (   0.00000  0.00000  0.43224 ),    weight =   0.0025000
    k (  131) =    (   0.00000  0.00000  0.43556 ),    weight =   0.0025000
    k (  132) =    (   0.00000  0.00000  0.43889 ),    weight =   0.0025000
    k (  133) =    (   0.00000  0.00000  0.44221 ),    weight =   0.0025000
    k (  134) =    (   0.00000  0.00000  0.44554 ),    weight =   0.0025000
    k (  135) =    (   0.00000  0.00000  0.44886 ),    weight =   0.0025000
    k (  136) =    (   0.00000  0.00000  0.45219 ),    weight =   0.0025000
    k (  137) =    (   0.00000  0.00000  0.45551 ),    weight =   0.0025000
    k (  138) =    (   0.00000  0.00000  0.45884 ),    weight =   0.0025000
    k (  139) =    (   0.00000  0.00000  0.46216 ),    weight =   0.0025000
    k (  140) =    (   0.00000  0.00000  0.46549 ),    weight =   0.0025000
    k (  141) =    (   0.00000  0.00000  0.46881 ),    weight =   0.0025000
    k (  142) =    (   0.00000  0.00000  0.47214 ),    weight =   0.0025000
    k (  143) =    (   0.00000  0.00000  0.47546 ),    weight =   0.0025000
    k (  144) =    (   0.00000  0.00000  0.47879 ),    weight =   0.0025000
    k (  145) =    (   0.00000  0.00000  0.48211 ),    weight =   0.0025000
    k (  146) =    (   0.00000  0.00000  0.48544 ),    weight =   0.0025000
    k (  147) =    (   0.00000  0.00000  0.48876 ),    weight =   0.0025000
    k (  148) =    (   0.00000  0.00000  0.49209 ),    weight =   0.0025000
    k (  149) =    (   0.00000  0.00000  0.49541 ),    weight =   0.0025000
    k (  150) =    (   0.00000  0.00000  0.49874 ),    weight =   0.0025000
    k (  151) =    (   0.00000  0.00000  0.50206 ),    weight =   0.0025000
    k (  152) =    (   0.00000  0.00000  0.50539 ),    weight =   0.0025000
    k (  153) =    (   0.00000  0.00000  0.50871 ),    weight =   0.0025000
    k (  154) =    (   0.00000  0.00000  0.51204 ),    weight =   0.0025000
    k (  155) =    (   0.00000  0.00000  0.51536 ),    weight =   0.0025000
    k (  156) =    (   0.00000  0.00000  0.51869 ),    weight =   0.0025000
    k (  157) =    (   0.00000  0.00000  0.52201 ),    weight =   0.0025000
    k (  158) =    (   0.00000  0.00000  0.52534 ),    weight =   0.0025000
    k (  159) =    (   0.00000  0.00000  0.52866 ),    weight =   0.0025000
    k (  160) =    (   0.00000  0.00000  0.53199 ),    weight =   0.0025000
    k (  161) =    (   0.00000  0.00000  0.53531 ),    weight =   0.0025000
    k (  162) =    (   0.00000  0.00000  0.53864 ),    weight =   0.0025000
    k (  163) =    (   0.00000  0.00000  0.54196 ),    weight =   0.0025000
    k (  164) =    (   0.00000  0.00000  0.54529 ),    weight =   0.0025000
    k (  165) =    (   0.00000  0.00000  0.54861 ),    weight =   0.0025000
    k (  166) =    (   0.00000  0.00000  0.55194 ),    weight =   0.0025000
    k (  167) =    (   0.00000  0.00000  0.55526 ),    weight =   0.0025000
    k (  168) =    (   0.00000  0.00000  0.55859 ),    weight =   0.0025000
    k (  169) =    (   0.00000  0.00000  0.56191 ),    weight =   0.0025000
    k (  170) =    (   0.00000  0.00000  0.56524 ),    weight =   0.0025000
    k (  171) =    (   0.00000  0.00000  0.56856 ),    weight =   0.0025000
    k (  172) =    (   0.00000  0.00000  0.57189 ),    weight =   0.0025000
    k (  173) =    (   0.00000  0.00000  0.57521 ),    weight =   0.0025000
    k (  174) =    (   0.00000  0.00000  0.57854 ),    weight =   0.0025000
    k (  175) =    (   0.00000  0.00000  0.58186 ),    weight =   0.0025000
    k (  176) =    (   0.00000  0.00000  0.58519 ),    weight =   0.0025000
    k (  177) =    (   0.00000  0.00000  0.58851 ),    weight =   0.0025000
    k (  178) =    (   0.00000  0.00000  0.59183 ),    weight =   0.0025000
    k (  179) =    (   0.00000  0.00000  0.59516 ),    weight =   0.0025000
    k (  180) =    (   0.00000  0.00000  0.59848 ),    weight =   0.0025000
    k (  181) =    (   0.00000  0.00000  0.60181 ),    weight =   0.0025000
    k (  182) =    (   0.00000  0.00000  0.60513 ),    weight =   0.0025000
    k (  183) =    (   0.00000  0.00000  0.60846 ),    weight =   0.0025000
    k (  184) =    (   0.00000  0.00000  0.61178 ),    weight =   0.0025000
    k (  185) =    (   0.00000  0.00000  0.61511 ),    weight =   0.0025000
    k (  186) =    (   0.00000  0.00000  0.61843 ),    weight =   0.0025000
    k (  187) =    (   0.00000  0.00000  0.62176 ),    weight =   0.0025000
    k (  188) =    (   0.00000  0.00000  0.62508 ),    weight =   0.0025000
    k (  189) =    (   0.00000  0.00000  0.62841 ),    weight =   0.0025000
    k (  190) =    (   0.00000  0.00000  0.63173 ),    weight =   0.0025000
    k (  191) =    (   0.00000  0.00000  0.63506 ),    weight =   0.0025000
    k (  192) =    (   0.00000  0.00000  0.63838 ),    weight =   0.0025000
    k (  193) =    (   0.00000  0.00000  0.64171 ),    weight =   0.0025000
    k (  194) =    (   0.00000  0.00000  0.64503 ),    weight =   0.0025000
    k (  195) =    (   0.00000  0.00000  0.64836 ),    weight =   0.0025000
    k (  196) =    (   0.00000  0.00000  0.65168 ),    weight =   0.0025000
    k (  197) =    (   0.00000  0.00000  0.65501 ),    weight =   0.0025000
    k (  198) =    (   0.00000  0.00000  0.65833 ),    weight =   0.0025000
    k (  199) =    (   0.00000  0.00000  0.66166 ),    weight =   0.0025000
    k (  200) =    (   0.00000  0.00000 -0.66498 ),    weight =   0.0025000
    k (  201) =    (   0.00000  0.00000 -0.66166 ),    weight =   0.0025000
    k (  202) =    (   0.00000  0.00000 -0.65833 ),    weight =   0.0025000
    k (  203) =    (   0.00000  0.00000 -0.65501 ),    weight =   0.0025000
    k (  204) =    (   0.00000  0.00000 -0.65168 ),    weight =   0.0025000
    k (  205) =    (   0.00000  0.00000 -0.64836 ),    weight =   0.0025000
    k (  206) =    (   0.00000  0.00000 -0.64503 ),    weight =   0.0025000
    k (  207) =    (   0.00000  0.00000 -0.64171 ),    weight =   0.0025000
    k (  208) =    (   0.00000  0.00000 -0.63838 ),    weight =   0.0025000
    k (  209) =    (   0.00000  0.00000 -0.63506 ),    weight =   0.0025000
    k (  210) =    (   0.00000  0.00000 -0.63173 ),    weight =   0.0025000
    k (  211) =    (   0.00000  0.00000 -0.62841 ),    weight =   0.0025000
    k (  212) =    (   0.00000  0.00000 -0.62508 ),    weight =   0.0025000
    k (  213) =    (   0.00000  0.00000 -0.62176 ),    weight =   0.0025000
    k (  214) =    (   0.00000  0.00000 -0.61843 ),    weight =   0.0025000
    k (  215) =    (   0.00000  0.00000 -0.61511 ),    weight =   0.0025000
    k (  216) =    (   0.00000  0.00000 -0.61178 ),    weight =   0.0025000
    k (  217) =    (   0.00000  0.00000 -0.60846 ),    weight =   0.0025000
    k (  218) =    (   0.00000  0.00000 -0.60513 ),    weight =   0.0025000
    k (  219) =    (   0.00000  0.00000 -0.60181 ),    weight =   0.0025000
    k (  220) =    (   0.00000  0.00000 -0.59848 ),    weight =   0.0025000
    k (  221) =    (   0.00000  0.00000 -0.59516 ),    weight =   0.0025000
    k (  222) =    (   0.00000  0.00000 -0.59183 ),    weight =   0.0025000
    k (  223) =    (   0.00000  0.00000 -0.58851 ),    weight =   0.0025000
    k (  224) =    (   0.00000  0.00000 -0.58519 ),    weight =   0.0025000
    k (  225) =    (   0.00000  0.00000 -0.58186 ),    weight =   0.0025000
    k (  226) =    (   0.00000  0.00000 -0.57854 ),    weight =   0.0025000
    k (  227) =    (   0.00000  0.00000 -0.57521 ),    weight =   0.0025000
    k (  228) =    (   0.00000  0.00000 -0.57189 ),    weight =   0.0025000
    k (  229) =    (   0.00000  0.00000 -0.56856 ),    weight =   0.0025000
    k (  230) =    (   0.00000  0.00000 -0.56524 ),    weight =   0.0025000
    k (  231) =    (   0.00000  0.00000 -0.56191 ),    weight =   0.0025000
    k (  232) =    (   0.00000  0.00000 -0.55859 ),    weight =   0.0025000
    k (  233) =    (   0.00000  0.00000 -0.55526 ),    weight =   0.0025000
    k (  234) =    (   0.00000  0.00000 -0.55194 ),    weight =   0.0025000
    k (  235) =    (   0.00000  0.00000 -0.54861 ),    weight =   0.0025000
    k (  236) =    (   0.00000  0.00000 -0.54529 ),    weight =   0.0025000
    k (  237) =    (   0.00000  0.00000 -0.54196 ),    weight =   0.0025000
    k (  238) =    (   0.00000  0.00000 -0.53864 ),    weight =   0.0025000
    k (  239) =    (   0.00000  0.00000 -0.53531 ),    weight =   0.0025000
    k (  240) =    (   0.00000  0.00000 -0.53199 ),    weight =   0.0025000
    k (  241) =    (   0.00000  0.00000 -0.52866 ),    weight =   0.0025000
    k (  242) =    (   0.00000  0.00000 -0.52534 ),    weight =   0.0025000
    k (  243) =    (   0.00000  0.00000 -0.52201 ),    weight =   0.0025000
    k (  244) =    (   0.00000  0.00000 -0.51869 ),    weight =   0.0025000
    k (  245) =    (   0.00000  0.00000 -0.51536 ),    weight =   0.0025000
    k (  246) =    (   0.00000  0.00000 -0.51204 ),    weight =   0.0025000
    k (  247) =    (   0.00000  0.00000 -0.50871 ),    weight =   0.0025000
    k (  248) =    (   0.00000  0.00000 -0.50539 ),    weight =   0.0025000
    k (  249) =    (   0.00000  0.00000 -0.50206 ),    weight =   0.0025000
    k (  250) =    (   0.00000  0.00000 -0.49874 ),    weight =   0.0025000
    k (  251) =    (   0.00000  0.00000 -0.49541 ),    weight =   0.0025000
    k (  252) =    (   0.00000  0.00000 -0.49209 ),    weight =   0.0025000
    k (  253) =    (   0.00000  0.00000 -0.48876 ),    weight =   0.0025000
    k (  254) =    (   0.00000  0.00000 -0.48544 ),    weight =   0.0025000
    k (  255) =    (   0.00000  0.00000 -0.48211 ),    weight =   0.0025000
    k (  256) =    (   0.00000  0.00000 -0.47879 ),    weight =   0.0025000
    k (  257) =    (   0.00000  0.00000 -0.47546 ),    weight =   0.0025000
    k (  258) =    (   0.00000  0.00000 -0.47214 ),    weight =   0.0025000
    k (  259) =    (   0.00000  0.00000 -0.46881 ),    weight =   0.0025000
    k (  260) =    (   0.00000  0.00000 -0.46549 ),    weight =   0.0025000
    k (  261) =    (   0.00000  0.00000 -0.46216 ),    weight =   0.0025000
    k (  262) =    (   0.00000  0.00000 -0.45884 ),    weight =   0.0025000
    k (  263) =    (   0.00000  0.00000 -0.45551 ),    weight =   0.0025000
    k (  264) =    (   0.00000  0.00000 -0.45219 ),    weight =   0.0025000
    k (  265) =    (   0.00000  0.00000 -0.44886 ),    weight =   0.0025000
    k (  266) =    (   0.00000  0.00000 -0.44554 ),    weight =   0.0025000
    k (  267) =    (   0.00000  0.00000 -0.44221 ),    weight =   0.0025000
    k (  268) =    (   0.00000  0.00000 -0.43889 ),    weight =   0.0025000
    k (  269) =    (   0.00000  0.00000 -0.43556 ),    weight =   0.0025000
    k (  270) =    (   0.00000  0.00000 -0.43224 ),    weight =   0.0025000
    k (  271) =    (   0.00000  0.00000 -0.42891 ),    weight =   0.0025000
    k (  272) =    (   0.00000  0.00000 -0.42559 ),    weight =   0.0025000
    k (  273) =    (   0.00000  0.00000 -0.42226 ),    weight =   0.0025000
    k (  274) =    (   0.00000  0.00000 -0.41894 ),    weight =   0.0025000
    k (  275) =    (   0.00000  0.00000 -0.41561 ),    weight =   0.0025000
    k (  276) =    (   0.00000  0.00000 -0.41229 ),    weight =   0.0025000
    k (  277) =    (   0.00000  0.00000 -0.40896 ),    weight =   0.0025000
    k (  278) =    (   0.00000  0.00000 -0.40564 ),    weight =   0.0025000
    k (  279) =    (   0.00000  0.00000 -0.40231 ),    weight =   0.0025000
    k (  280) =    (   0.00000  0.00000 -0.39899 ),    weight =   0.0025000
    k (  281) =    (   0.00000  0.00000 -0.39566 ),    weight =   0.0025000
    k (  282) =    (   0.00000  0.00000 -0.39234 ),    weight =   0.0025000
    k (  283) =    (   0.00000  0.00000 -0.38902 ),    weight =   0.0025000
    k (  284) =    (   0.00000  0.00000 -0.38569 ),    weight =   0.0025000
    k (  285) =    (   0.00000  0.00000 -0.38237 ),    weight =   0.0025000
    k (  286) =    (   0.00000  0.00000 -0.37904 ),    weight =   0.0025000
    k (  287) =    (   0.00000  0.00000 -0.37572 ),    weight =   0.0025000
    k (  288) =    (   0.00000  0.00000 -0.37239 ),    weight =   0.0025000
    k (  289) =    (   0.00000  0.00000 -0.36907 ),    weight =   0.0025000
    k (  290) =    (   0.00000  0.00000 -0.36574 ),    weight =   0.0025000
    k (  291) =    (   0.00000  0.00000 -0.36242 ),    weight =   0.0025000
    k (  292) =    (   0.00000  0.00000 -0.35909 ),    weight =   0.0025000
    k (  293) =    (   0.00000  0.00000 -0.35577 ),    weight =   0.0025000
    k (  294) =    (   0.00000  0.00000 -0.35244 ),    weight =   0.0025000
    k (  295) =    (   0.00000  0.00000 -0.34912 ),    weight =   0.0025000
    k (  296) =    (   0.00000  0.00000 -0.34579 ),    weight =   0.0025000
    k (  297) =    (   0.00000  0.00000 -0.34247 ),    weight =   0.0025000
    k (  298) =    (   0.00000  0.00000 -0.33914 ),    weight =   0.0025000
    k (  299) =    (   0.00000  0.00000 -0.33582 ),    weight =   0.0025000
    k (  300) =    (   0.00000  0.00000 -0.33249 ),    weight =   0.0025000
    k (  301) =    (   0.00000  0.00000 -0.32917 ),    weight =   0.0025000
    k (  302) =    (   0.00000  0.00000 -0.32584 ),    weight =   0.0025000
    k (  303) =    (   0.00000  0.00000 -0.32252 ),    weight =   0.0025000
    k (  304) =    (   0.00000  0.00000 -0.31919 ),    weight =   0.0025000
    k (  305) =    (   0.00000  0.00000 -0.31587 ),    weight =   0.0025000
    k (  306) =    (   0.00000  0.00000 -0.31254 ),    weight =   0.0025000
    k (  307) =    (   0.00000  0.00000 -0.30922 ),    weight =   0.0025000
    k (  308) =    (   0.00000  0.00000 -0.30589 ),    weight =   0.0025000
    k (  309) =    (   0.00000  0.00000 -0.30257 ),    weight =   0.0025000
    k (  310) =    (   0.00000  0.00000 -0.29924 ),    weight =   0.0025000
    k (  311) =    (   0.00000  0.00000 -0.29592 ),    weight =   0.0025000
    k (  312) =    (   0.00000  0.00000 -0.29259 ),    weight =   0.0025000
    k (  313) =    (   0.00000  0.00000 -0.28927 ),    weight =   0.0025000
    k (  314) =    (   0.00000  0.00000 -0.28594 ),    weight =   0.0025000
    k (  315) =    (   0.00000  0.00000 -0.28262 ),    weight =   0.0025000
    k (  316) =    (   0.00000  0.00000 -0.27929 ),    weight =   0.0025000
    k (  317) =    (   0.00000  0.00000 -0.27597 ),    weight =   0.0025000
    k (  318) =    (   0.00000  0.00000 -0.27264 ),    weight =   0.0025000
    k (  319) =    (   0.00000  0.00000 -0.26932 ),    weight =   0.0025000
    k (  320) =    (   0.00000  0.00000 -0.26599 ),    weight =   0.0025000
    k (  321) =    (   0.00000  0.00000 -0.26267 ),    weight =   0.0025000
    k (  322) =    (   0.00000  0.00000 -0.25934 ),    weight =   0.0025000
    k (  323) =    (   0.00000  0.00000 -0.25602 ),    weight =   0.0025000
    k (  324) =    (   0.00000  0.00000 -0.25269 ),    weight =   0.0025000
    k (  325) =    (   0.00000  0.00000 -0.24937 ),    weight =   0.0025000
    k (  326) =    (   0.00000  0.00000 -0.24604 ),    weight =   0.0025000
    k (  327) =    (   0.00000  0.00000 -0.24272 ),    weight =   0.0025000
    k (  328) =    (   0.00000  0.00000 -0.23939 ),    weight =   0.0025000
    k (  329) =    (   0.00000  0.00000 -0.23607 ),    weight =   0.0025000
    k (  330) =    (   0.00000  0.00000 -0.23274 ),    weight =   0.0025000
    k (  331) =    (   0.00000  0.00000 -0.22942 ),    weight =   0.0025000
    k (  332) =    (   0.00000  0.00000 -0.22609 ),    weight =   0.0025000
    k (  333) =    (   0.00000  0.00000 -0.22277 ),    weight =   0.0025000
    k (  334) =    (   0.00000  0.00000 -0.21944 ),    weight =   0.0025000
    k (  335) =    (   0.00000  0.00000 -0.21612 ),    weight =   0.0025000
    k (  336) =    (   0.00000  0.00000 -0.21279 ),    weight =   0.0025000
    k (  337) =    (   0.00000  0.00000 -0.20947 ),    weight =   0.0025000
    k (  338) =    (   0.00000  0.00000 -0.20614 ),    weight =   0.0025000
    k (  339) =    (   0.00000  0.00000 -0.20282 ),    weight =   0.0025000
    k (  340) =    (   0.00000  0.00000 -0.19949 ),    weight =   0.0025000
    k (  341) =    (   0.00000  0.00000 -0.19617 ),    weight =   0.0025000
    k (  342) =    (   0.00000  0.00000 -0.19285 ),    weight =   0.0025000
    k (  343) =    (   0.00000  0.00000 -0.18952 ),    weight =   0.0025000
    k (  344) =    (   0.00000  0.00000 -0.18620 ),    weight =   0.0025000
    k (  345) =    (   0.00000  0.00000 -0.18287 ),    weight =   0.0025000
    k (  346) =    (   0.00000  0.00000 -0.17955 ),    weight =   0.0025000
    k (  347) =    (   0.00000  0.00000 -0.17622 ),    weight =   0.0025000
    k (  348) =    (   0.00000  0.00000 -0.17290 ),    weight =   0.0025000
    k (  349) =    (   0.00000  0.00000 -0.16957 ),    weight =   0.0025000
    k (  350) =    (   0.00000  0.00000 -0.16625 ),    weight =   0.0025000
    k (  351) =    (   0.00000  0.00000 -0.16292 ),    weight =   0.0025000
    k (  352) =    (   0.00000  0.00000 -0.15960 ),    weight =   0.0025000
    k (  353) =    (   0.00000  0.00000 -0.15627 ),    weight =   0.0025000
    k (  354) =    (   0.00000  0.00000 -0.15295 ),    weight =   0.0025000
    k (  355) =    (   0.00000  0.00000 -0.14962 ),    weight =   0.0025000
    k (  356) =    (   0.00000  0.00000 -0.14630 ),    weight =   0.0025000
    k (  357) =    (   0.00000  0.00000 -0.14297 ),    weight =   0.0025000
    k (  358) =    (   0.00000  0.00000 -0.13965 ),    weight =   0.0025000
    k (  359) =    (   0.00000  0.00000 -0.13632 ),    weight =   0.0025000
    k (  360) =    (   0.00000  0.00000 -0.13300 ),    weight =   0.0025000
    k (  361) =    (   0.00000  0.00000 -0.12967 ),    weight =   0.0025000
    k (  362) =    (   0.00000  0.00000 -0.12635 ),    weight =   0.0025000
    k (  363) =    (   0.00000  0.00000 -0.12302 ),    weight =   0.0025000
    k (  364) =    (   0.00000  0.00000 -0.11970 ),    weight =   0.0025000
    k (  365) =    (   0.00000  0.00000 -0.11637 ),    weight =   0.0025000
    k (  366) =    (   0.00000  0.00000 -0.11305 ),    weight =   0.0025000
    k (  367) =    (   0.00000  0.00000 -0.10972 ),    weight =   0.0025000
    k (  368) =    (   0.00000  0.00000 -0.10640 ),    weight =   0.0025000
    k (  369) =    (   0.00000  0.00000 -0.10307 ),    weight =   0.0025000
    k (  370) =    (   0.00000  0.00000 -0.09975 ),    weight =   0.0025000
    k (  371) =    (   0.00000  0.00000 -0.09642 ),    weight =   0.0025000
    k (  372) =    (   0.00000  0.00000 -0.09310 ),    weight =   0.0025000
    k (  373) =    (   0.00000  0.00000 -0.08977 ),    weight =   0.0025000
    k (  374) =    (   0.00000  0.00000 -0.08645 ),    weight =   0.0025000
    k (  375) =    (   0.00000  0.00000 -0.08312 ),    weight =   0.0025000
    k (  376) =    (   0.00000  0.00000 -0.07980 ),    weight =   0.0025000
    k (  377) =    (   0.00000  0.00000 -0.07647 ),    weight =   0.0025000
    k (  378) =    (   0.00000  0.00000 -0.07315 ),    weight =   0.0025000
    k (  379) =    (   0.00000  0.00000 -0.06982 ),    weight =   0.0025000
    k (  380) =    (   0.00000  0.00000 -0.06650 ),    weight =   0.0025000
    k (  381) =    (   0.00000  0.00000 -0.06317 ),    weight =   0.0025000
    k (  382) =    (   0.00000  0.00000 -0.05985 ),    weight =   0.0025000
    k (  383) =    (   0.00000  0.00000 -0.05652 ),    weight =   0.0025000
    k (  384) =    (   0.00000  0.00000 -0.05320 ),    weight =   0.0025000
    k (  385) =    (   0.00000  0.00000 -0.04987 ),    weight =   0.0025000
    k (  386) =    (   0.00000  0.00000 -0.04655 ),    weight =   0.0025000
    k (  387) =    (   0.00000  0.00000 -0.04322 ),    weight =   0.0025000
    k (  388) =    (   0.00000  0.00000 -0.03990 ),    weight =   0.0025000
    k (  389) =    (   0.00000  0.00000 -0.03657 ),    weight =   0.0025000
    k (  390) =    (   0.00000  0.00000 -0.03325 ),    weight =   0.0025000
    k (  391) =    (   0.00000  0.00000 -0.02992 ),    weight =   0.0025000
    k (  392) =    (   0.00000  0.00000 -0.02660 ),    weight =   0.0025000
    k (  393) =    (   0.00000  0.00000 -0.02327 ),    weight =   0.0025000
    k (  394) =    (   0.00000  0.00000 -0.01995 ),    weight =   0.0025000
    k (  395) =    (   0.00000  0.00000 -0.01662 ),    weight =   0.0025000
    k (  396) =    (   0.00000  0.00000 -0.01330 ),    weight =   0.0025000
    k (  397) =    (   0.00000  0.00000 -0.00997 ),    weight =   0.0025000
    k (  398) =    (   0.00000  0.00000 -0.00665 ),    weight =   0.0025000
    k (  399) =    (   0.00000  0.00000 -0.00332 ),    weight =   0.0025000
    k (  400) =    (   0.00000  0.00000  0.00000 ),    weight =   0.0025000


  ======================================================================
  =  Loop over energies                                                =
  ======================================================================

  Computing E(     1 ) =    -12.00000 eV
                              Total time spent up to now :     0.26 secs

  Computing E(    50 ) =    -11.01877 eV
                              Total time spent up to now :     0.29 secs

  Computing E(   100 ) =    -10.01752 eV
                              Total time spent up to now :     0.32 secs

  Computing E(   150 ) =     -9.01627 eV
                              Total time spent up to now :     0.35 secs

  Computing E(   200 ) =     -8.01502 eV
                              Total time spent up to now :     0.38 secs

  Computing E(   250 ) =     -7.01377 eV
                              Total time spent up to now :     0.40 secs

  Computing E(   300 ) =     -6.01252 eV
                              Total time spent up to now :     0.43 secs

  Computing E(   350 ) =     -5.01126 eV
                              Total time spent up to now :     0.46 secs

  Computing E(   400 ) =     -4.01001 eV
                              Total time spent up to now :     0.49 secs

  Computing E(   450 ) =     -3.00876 eV
                              Total time spent up to now :     0.52 secs

  Computing E(   500 ) =     -2.00751 eV
                              Total time spent up to now :     0.54 secs

  Computing E(   550 ) =     -1.00626 eV
                              Total time spent up to now :     0.57 secs

  Computing E(   600 ) =     -0.00501 eV
                              Total time spent up to now :     0.60 secs

  Computing E(   650 ) =      0.99625 eV
                              Total time spent up to now :     0.63 secs

  Computing E(   700 ) =      1.99750 eV
                              Total time spent up to now :     0.66 secs

  Computing E(   750 ) =      2.99875 eV
                              Total time spent up to now :     0.69 secs

  Computing E(   800 ) =      4.00000 eV
                              Total time spent up to now :     0.71 secs


  Total DOS written on file:    ./dos_Au1_PROJ.dat

  ======================================================================

   <global routines>
             clock number :    13

                      dos :     0.00s CPU 

                dos_input :     0.08s CPU
           datafiles_init :     0.09s CPU
      atmproj_to_internal :     0.08s CPU
             compute_rham :     0.00s CPU (      18 calls,   0.000 s avg)
            postproc_init :     0.08s CPU
             want_dftread :     0.03s CPU
                want_init :     0.00s CPU
       para_get_poolindex :     0.00s CPU (       8 calls,   0.000 s avg)
             windows_read :     0.05s CPU
            subspace_read :     0.00s CPU
                   do_dos :     0.48s CPU
             compute_kham :     0.00s CPU (     134 calls,   0.000 s avg)


