
  ======================================================================
              =                                            =
              =     *** WanT *** Wannier Transport Code    =
              =        (www.wannier-transport.org)         =
              =      Ultra Soft Pseudopotential Implem.    =
              =                                            =
  ======================================================================


  Program <dos>  v. 2.5.0alpha2  starts ...
  Date 17Apr2014 at 20:32:44 

     Number of MPI processes:       6



          BUILT :    Thu 17 Apr 2014 06:13:20 PM CEST
           HOST :    x86_64-unknown-linux-gnu
           ARCH :    x86_64
             CC :    icc
            CPP :    cpp
            F90 :    mpif90
            F77 :    ifort
         DFLAGS :    -D__INTEL -D__FFTW -D__MPI -D__PARA
      BLAS LIBS :    -L/home/ferretti/want/install -lmkl_em64t_nothread
    LAPACK LIBS :    
       FFT LIBS :    
      MASS LIBS :    


  checking for fmt internal... no
  checking for fmt wannier90... no
  checking for fmt crystal... no
  checking for fmt qexml... ok

  DFT-data fmt automaticaly detected: qexml

  ======================================================================
  =  INPUT Summary                                                     =
  ======================================================================

                      fileout :     ./dos_Au8_PROJ.dat
                         type :     gaussian
               spin component :     all
                        delta :     0.05000 eV
                           nk :      1   1 400
                            s :      0   0   0
                        nktot :        400
                         emin :    -12.000
                         emax :      4.000
                           ne :      800
                        shift :      0.000
                        scale :      1.000
                       nprint :       50
              compute projdos :     FALSE
           compute fermi surf :     FALSE
                 DFT datafile :     ./SCRATCH/gold8.save/atomic_proj.xml
              use ortho basis :     TRUE
                atmproj shift :         5.000000
                 atmproj nbnd :         0
                  atmproj thr :         0.900000
                   have sigma :     FALSE

  ======================================================================
  =  Post Processing Init                                              =
  ======================================================================

   file fmt: atmproj
   ATMPROJ conversion to be done using: 
     atmproj_nbnd :     80
     atmproj_thr  :      0.900000
     atmproj_sh   :      5.000000

  ./SCRATCH/gold8.save/atomic_proj.xml converted to internal fmt
  WARNING from routine kpoints_allocate:
  too many CPU used

  WARNING from routine kpoints_allocate:
  too many CPU used

  DFT-data read from file: gold8.save/data-file.xml

      Windows data read from file: gold8_WanT.space
     Subspace data read from file: gold8_WanT.space
  Hamiltonian data read from file: gold8_WanT.ham



  ======================================================================
  =  DFT data                                                          =
  ======================================================================

 <LATTICE>
  Alat  =      20.0000000 (Bohr)
  Alat  =      10.5835400 (Ang )
  Omega =   15117.8150222 (Bohr^3)
  Omega =    2240.2263786 (Ang^3 )

  Crystal axes:
                in Bohr units                           in Alat units
    a(1) = (   20.00000    0.00000    0.00000 )    (    1.00000    0.00000    0.00000 )
    a(2) = (    0.00000   20.00000    0.00000 )    (    0.00000    1.00000    0.00000 )
    a(3) = (    0.00000    0.00000   37.79454 )    (    0.00000    0.00000    1.88973 )
                in Ang units
    a(1) = (   10.58354    0.00000    0.00000 )
    a(2) = (    0.00000   10.58354    0.00000 )
    a(3) = (    0.00000    0.00000   20.00000 )

   Reciprocal lattice vectors:
                in Bohr^-1 units                        in 2Pi/Alat units
    b(1) = (    0.31416    0.00000    0.00000 )    (    1.00000    0.00000    0.00000 )
    b(2) = (    0.00000    0.31416    0.00000 )    (    0.00000    1.00000    0.00000 )
    b(3) = (    0.00000    0.00000    0.16625 )    (    0.00000    0.00000    0.52918 )
 </LATTICE>

 <K-POINTS>
         nproc =     6   (Parallelism over kpts)
  global nkpts =     4
   local nkpts =     1
  Monkhorst-Pack grid:      nk = (   1   1   4 ),      shift = (   0   0   0 )

  K-point grid: (cart. coord. in Bohr^-1)
    k (    1) =    (    0.0000000   0.0000000   0.0000000 ),   weight =      0.2500000
    k (    2) =    (    0.0000000   0.0000000   0.0415615 ),   weight =      0.2500000
    k (    3) =    (    0.0000000   0.0000000  -0.0831229 ),   weight =      0.2500000
    k (    4) =    (    0.0000000   0.0000000  -0.0415615 ),   weight =      0.2500000
 </K-POINTS>

 <R-GRID>
         nrtot =     5
  R-grid generators:      nr = (   1   1   4 )

  R-grid vectors:         (crystal units)
    R (    1) =    (       0      0     -1 ),   wr =      1.0000000
    R (    2) =    (       0      0      0 ),   wr =      1.0000000
    R (    3) =    (       0      0      1 ),   wr =      1.0000000
    R (    4) =    (       0      0      2 ),   wr =      0.5000000
    R (    5) =    (       0      0     -2 ),   wr =      0.5000000
 </R-GRID>


  ======================================================================
  =  DOS computation using Wannier Functions                           =
  ======================================================================

  nktot =   400
  Monkhorst-Pack grid:      nk = (   1   1 400 ),      shift = (   0   0   0 )
  Generated kpt mesh: (cart. coord. in Bohr^-1)

    k (    1) =    (   0.00000  0.00000  0.00042 ),    weight =   0.0025000
    k (    2) =    (   0.00000  0.00000  0.00083 ),    weight =   0.0025000
    k (    3) =    (   0.00000  0.00000  0.00125 ),    weight =   0.0025000
    k (    4) =    (   0.00000  0.00000  0.00166 ),    weight =   0.0025000
    k (    5) =    (   0.00000  0.00000  0.00208 ),    weight =   0.0025000
    k (    6) =    (   0.00000  0.00000  0.00249 ),    weight =   0.0025000
    k (    7) =    (   0.00000  0.00000  0.00291 ),    weight =   0.0025000
    k (    8) =    (   0.00000  0.00000  0.00332 ),    weight =   0.0025000
    k (    9) =    (   0.00000  0.00000  0.00374 ),    weight =   0.0025000
    k (   10) =    (   0.00000  0.00000  0.00416 ),    weight =   0.0025000
    k (   11) =    (   0.00000  0.00000  0.00457 ),    weight =   0.0025000
    k (   12) =    (   0.00000  0.00000  0.00499 ),    weight =   0.0025000
    k (   13) =    (   0.00000  0.00000  0.00540 ),    weight =   0.0025000
    k (   14) =    (   0.00000  0.00000  0.00582 ),    weight =   0.0025000
    k (   15) =    (   0.00000  0.00000  0.00623 ),    weight =   0.0025000
    k (   16) =    (   0.00000  0.00000  0.00665 ),    weight =   0.0025000
    k (   17) =    (   0.00000  0.00000  0.00707 ),    weight =   0.0025000
    k (   18) =    (   0.00000  0.00000  0.00748 ),    weight =   0.0025000
    k (   19) =    (   0.00000  0.00000  0.00790 ),    weight =   0.0025000
    k (   20) =    (   0.00000  0.00000  0.00831 ),    weight =   0.0025000
    k (   21) =    (   0.00000  0.00000  0.00873 ),    weight =   0.0025000
    k (   22) =    (   0.00000  0.00000  0.00914 ),    weight =   0.0025000
    k (   23) =    (   0.00000  0.00000  0.00956 ),    weight =   0.0025000
    k (   24) =    (   0.00000  0.00000  0.00997 ),    weight =   0.0025000
    k (   25) =    (   0.00000  0.00000  0.01039 ),    weight =   0.0025000
    k (   26) =    (   0.00000  0.00000  0.01081 ),    weight =   0.0025000
    k (   27) =    (   0.00000  0.00000  0.01122 ),    weight =   0.0025000
    k (   28) =    (   0.00000  0.00000  0.01164 ),    weight =   0.0025000
    k (   29) =    (   0.00000  0.00000  0.01205 ),    weight =   0.0025000
    k (   30) =    (   0.00000  0.00000  0.01247 ),    weight =   0.0025000
    k (   31) =    (   0.00000  0.00000  0.01288 ),    weight =   0.0025000
    k (   32) =    (   0.00000  0.00000  0.01330 ),    weight =   0.0025000
    k (   33) =    (   0.00000  0.00000  0.01372 ),    weight =   0.0025000
    k (   34) =    (   0.00000  0.00000  0.01413 ),    weight =   0.0025000
    k (   35) =    (   0.00000  0.00000  0.01455 ),    weight =   0.0025000
    k (   36) =    (   0.00000  0.00000  0.01496 ),    weight =   0.0025000
    k (   37) =    (   0.00000  0.00000  0.01538 ),    weight =   0.0025000
    k (   38) =    (   0.00000  0.00000  0.01579 ),    weight =   0.0025000
    k (   39) =    (   0.00000  0.00000  0.01621 ),    weight =   0.0025000
    k (   40) =    (   0.00000  0.00000  0.01662 ),    weight =   0.0025000
    k (   41) =    (   0.00000  0.00000  0.01704 ),    weight =   0.0025000
    k (   42) =    (   0.00000  0.00000  0.01746 ),    weight =   0.0025000
    k (   43) =    (   0.00000  0.00000  0.01787 ),    weight =   0.0025000
    k (   44) =    (   0.00000  0.00000  0.01829 ),    weight =   0.0025000
    k (   45) =    (   0.00000  0.00000  0.01870 ),    weight =   0.0025000
    k (   46) =    (   0.00000  0.00000  0.01912 ),    weight =   0.0025000
    k (   47) =    (   0.00000  0.00000  0.01953 ),    weight =   0.0025000
    k (   48) =    (   0.00000  0.00000  0.01995 ),    weight =   0.0025000
    k (   49) =    (   0.00000  0.00000  0.02037 ),    weight =   0.0025000
    k (   50) =    (   0.00000  0.00000  0.02078 ),    weight =   0.0025000
    k (   51) =    (   0.00000  0.00000  0.02120 ),    weight =   0.0025000
    k (   52) =    (   0.00000  0.00000  0.02161 ),    weight =   0.0025000
    k (   53) =    (   0.00000  0.00000  0.02203 ),    weight =   0.0025000
    k (   54) =    (   0.00000  0.00000  0.02244 ),    weight =   0.0025000
    k (   55) =    (   0.00000  0.00000  0.02286 ),    weight =   0.0025000
    k (   56) =    (   0.00000  0.00000  0.02327 ),    weight =   0.0025000
    k (   57) =    (   0.00000  0.00000  0.02369 ),    weight =   0.0025000
    k (   58) =    (   0.00000  0.00000  0.02411 ),    weight =   0.0025000
    k (   59) =    (   0.00000  0.00000  0.02452 ),    weight =   0.0025000
    k (   60) =    (   0.00000  0.00000  0.02494 ),    weight =   0.0025000
    k (   61) =    (   0.00000  0.00000  0.02535 ),    weight =   0.0025000
    k (   62) =    (   0.00000  0.00000  0.02577 ),    weight =   0.0025000
    k (   63) =    (   0.00000  0.00000  0.02618 ),    weight =   0.0025000
    k (   64) =    (   0.00000  0.00000  0.02660 ),    weight =   0.0025000
    k (   65) =    (   0.00000  0.00000  0.02701 ),    weight =   0.0025000
    k (   66) =    (   0.00000  0.00000  0.02743 ),    weight =   0.0025000
    k (   67) =    (   0.00000  0.00000  0.02785 ),    weight =   0.0025000
    k (   68) =    (   0.00000  0.00000  0.02826 ),    weight =   0.0025000
    k (   69) =    (   0.00000  0.00000  0.02868 ),    weight =   0.0025000
    k (   70) =    (   0.00000  0.00000  0.02909 ),    weight =   0.0025000
    k (   71) =    (   0.00000  0.00000  0.02951 ),    weight =   0.0025000
    k (   72) =    (   0.00000  0.00000  0.02992 ),    weight =   0.0025000
    k (   73) =    (   0.00000  0.00000  0.03034 ),    weight =   0.0025000
    k (   74) =    (   0.00000  0.00000  0.03076 ),    weight =   0.0025000
    k (   75) =    (   0.00000  0.00000  0.03117 ),    weight =   0.0025000
    k (   76) =    (   0.00000  0.00000  0.03159 ),    weight =   0.0025000
    k (   77) =    (   0.00000  0.00000  0.03200 ),    weight =   0.0025000
    k (   78) =    (   0.00000  0.00000  0.03242 ),    weight =   0.0025000
    k (   79) =    (   0.00000  0.00000  0.03283 ),    weight =   0.0025000
    k (   80) =    (   0.00000  0.00000  0.03325 ),    weight =   0.0025000
    k (   81) =    (   0.00000  0.00000  0.03366 ),    weight =   0.0025000
    k (   82) =    (   0.00000  0.00000  0.03408 ),    weight =   0.0025000
    k (   83) =    (   0.00000  0.00000  0.03450 ),    weight =   0.0025000
    k (   84) =    (   0.00000  0.00000  0.03491 ),    weight =   0.0025000
    k (   85) =    (   0.00000  0.00000  0.03533 ),    weight =   0.0025000
    k (   86) =    (   0.00000  0.00000  0.03574 ),    weight =   0.0025000
    k (   87) =    (   0.00000  0.00000  0.03616 ),    weight =   0.0025000
    k (   88) =    (   0.00000  0.00000  0.03657 ),    weight =   0.0025000
    k (   89) =    (   0.00000  0.00000  0.03699 ),    weight =   0.0025000
    k (   90) =    (   0.00000  0.00000  0.03741 ),    weight =   0.0025000
    k (   91) =    (   0.00000  0.00000  0.03782 ),    weight =   0.0025000
    k (   92) =    (   0.00000  0.00000  0.03824 ),    weight =   0.0025000
    k (   93) =    (   0.00000  0.00000  0.03865 ),    weight =   0.0025000
    k (   94) =    (   0.00000  0.00000  0.03907 ),    weight =   0.0025000
    k (   95) =    (   0.00000  0.00000  0.03948 ),    weight =   0.0025000
    k (   96) =    (   0.00000  0.00000  0.03990 ),    weight =   0.0025000
    k (   97) =    (   0.00000  0.00000  0.04031 ),    weight =   0.0025000
    k (   98) =    (   0.00000  0.00000  0.04073 ),    weight =   0.0025000
    k (   99) =    (   0.00000  0.00000  0.04115 ),    weight =   0.0025000
    k (  100) =    (   0.00000  0.00000  0.04156 ),    weight =   0.0025000
    k (  101) =    (   0.00000  0.00000  0.04198 ),    weight =   0.0025000
    k (  102) =    (   0.00000  0.00000  0.04239 ),    weight =   0.0025000
    k (  103) =    (   0.00000  0.00000  0.04281 ),    weight =   0.0025000
    k (  104) =    (   0.00000  0.00000  0.04322 ),    weight =   0.0025000
    k (  105) =    (   0.00000  0.00000  0.04364 ),    weight =   0.0025000
    k (  106) =    (   0.00000  0.00000  0.04406 ),    weight =   0.0025000
    k (  107) =    (   0.00000  0.00000  0.04447 ),    weight =   0.0025000
    k (  108) =    (   0.00000  0.00000  0.04489 ),    weight =   0.0025000
    k (  109) =    (   0.00000  0.00000  0.04530 ),    weight =   0.0025000
    k (  110) =    (   0.00000  0.00000  0.04572 ),    weight =   0.0025000
    k (  111) =    (   0.00000  0.00000  0.04613 ),    weight =   0.0025000
    k (  112) =    (   0.00000  0.00000  0.04655 ),    weight =   0.0025000
    k (  113) =    (   0.00000  0.00000  0.04696 ),    weight =   0.0025000
    k (  114) =    (   0.00000  0.00000  0.04738 ),    weight =   0.0025000
    k (  115) =    (   0.00000  0.00000  0.04780 ),    weight =   0.0025000
    k (  116) =    (   0.00000  0.00000  0.04821 ),    weight =   0.0025000
    k (  117) =    (   0.00000  0.00000  0.04863 ),    weight =   0.0025000
    k (  118) =    (   0.00000  0.00000  0.04904 ),    weight =   0.0025000
    k (  119) =    (   0.00000  0.00000  0.04946 ),    weight =   0.0025000
    k (  120) =    (   0.00000  0.00000  0.04987 ),    weight =   0.0025000
    k (  121) =    (   0.00000  0.00000  0.05029 ),    weight =   0.0025000
    k (  122) =    (   0.00000  0.00000  0.05070 ),    weight =   0.0025000
    k (  123) =    (   0.00000  0.00000  0.05112 ),    weight =   0.0025000
    k (  124) =    (   0.00000  0.00000  0.05154 ),    weight =   0.0025000
    k (  125) =    (   0.00000  0.00000  0.05195 ),    weight =   0.0025000
    k (  126) =    (   0.00000  0.00000  0.05237 ),    weight =   0.0025000
    k (  127) =    (   0.00000  0.00000  0.05278 ),    weight =   0.0025000
    k (  128) =    (   0.00000  0.00000  0.05320 ),    weight =   0.0025000
    k (  129) =    (   0.00000  0.00000  0.05361 ),    weight =   0.0025000
    k (  130) =    (   0.00000  0.00000  0.05403 ),    weight =   0.0025000
    k (  131) =    (   0.00000  0.00000  0.05445 ),    weight =   0.0025000
    k (  132) =    (   0.00000  0.00000  0.05486 ),    weight =   0.0025000
    k (  133) =    (   0.00000  0.00000  0.05528 ),    weight =   0.0025000
    k (  134) =    (   0.00000  0.00000  0.05569 ),    weight =   0.0025000
    k (  135) =    (   0.00000  0.00000  0.05611 ),    weight =   0.0025000
    k (  136) =    (   0.00000  0.00000  0.05652 ),    weight =   0.0025000
    k (  137) =    (   0.00000  0.00000  0.05694 ),    weight =   0.0025000
    k (  138) =    (   0.00000  0.00000  0.05735 ),    weight =   0.0025000
    k (  139) =    (   0.00000  0.00000  0.05777 ),    weight =   0.0025000
    k (  140) =    (   0.00000  0.00000  0.05819 ),    weight =   0.0025000
    k (  141) =    (   0.00000  0.00000  0.05860 ),    weight =   0.0025000
    k (  142) =    (   0.00000  0.00000  0.05902 ),    weight =   0.0025000
    k (  143) =    (   0.00000  0.00000  0.05943 ),    weight =   0.0025000
    k (  144) =    (   0.00000  0.00000  0.05985 ),    weight =   0.0025000
    k (  145) =    (   0.00000  0.00000  0.06026 ),    weight =   0.0025000
    k (  146) =    (   0.00000  0.00000  0.06068 ),    weight =   0.0025000
    k (  147) =    (   0.00000  0.00000  0.06110 ),    weight =   0.0025000
    k (  148) =    (   0.00000  0.00000  0.06151 ),    weight =   0.0025000
    k (  149) =    (   0.00000  0.00000  0.06193 ),    weight =   0.0025000
    k (  150) =    (   0.00000  0.00000  0.06234 ),    weight =   0.0025000
    k (  151) =    (   0.00000  0.00000  0.06276 ),    weight =   0.0025000
    k (  152) =    (   0.00000  0.00000  0.06317 ),    weight =   0.0025000
    k (  153) =    (   0.00000  0.00000  0.06359 ),    weight =   0.0025000
    k (  154) =    (   0.00000  0.00000  0.06400 ),    weight =   0.0025000
    k (  155) =    (   0.00000  0.00000  0.06442 ),    weight =   0.0025000
    k (  156) =    (   0.00000  0.00000  0.06484 ),    weight =   0.0025000
    k (  157) =    (   0.00000  0.00000  0.06525 ),    weight =   0.0025000
    k (  158) =    (   0.00000  0.00000  0.06567 ),    weight =   0.0025000
    k (  159) =    (   0.00000  0.00000  0.06608 ),    weight =   0.0025000
    k (  160) =    (   0.00000  0.00000  0.06650 ),    weight =   0.0025000
    k (  161) =    (   0.00000  0.00000  0.06691 ),    weight =   0.0025000
    k (  162) =    (   0.00000  0.00000  0.06733 ),    weight =   0.0025000
    k (  163) =    (   0.00000  0.00000  0.06775 ),    weight =   0.0025000
    k (  164) =    (   0.00000  0.00000  0.06816 ),    weight =   0.0025000
    k (  165) =    (   0.00000  0.00000  0.06858 ),    weight =   0.0025000
    k (  166) =    (   0.00000  0.00000  0.06899 ),    weight =   0.0025000
    k (  167) =    (   0.00000  0.00000  0.06941 ),    weight =   0.0025000
    k (  168) =    (   0.00000  0.00000  0.06982 ),    weight =   0.0025000
    k (  169) =    (   0.00000  0.00000  0.07024 ),    weight =   0.0025000
    k (  170) =    (   0.00000  0.00000  0.07065 ),    weight =   0.0025000
    k (  171) =    (   0.00000  0.00000  0.07107 ),    weight =   0.0025000
    k (  172) =    (   0.00000  0.00000  0.07149 ),    weight =   0.0025000
    k (  173) =    (   0.00000  0.00000  0.07190 ),    weight =   0.0025000
    k (  174) =    (   0.00000  0.00000  0.07232 ),    weight =   0.0025000
    k (  175) =    (   0.00000  0.00000  0.07273 ),    weight =   0.0025000
    k (  176) =    (   0.00000  0.00000  0.07315 ),    weight =   0.0025000
    k (  177) =    (   0.00000  0.00000  0.07356 ),    weight =   0.0025000
    k (  178) =    (   0.00000  0.00000  0.07398 ),    weight =   0.0025000
    k (  179) =    (   0.00000  0.00000  0.07440 ),    weight =   0.0025000
    k (  180) =    (   0.00000  0.00000  0.07481 ),    weight =   0.0025000
    k (  181) =    (   0.00000  0.00000  0.07523 ),    weight =   0.0025000
    k (  182) =    (   0.00000  0.00000  0.07564 ),    weight =   0.0025000
    k (  183) =    (   0.00000  0.00000  0.07606 ),    weight =   0.0025000
    k (  184) =    (   0.00000  0.00000  0.07647 ),    weight =   0.0025000
    k (  185) =    (   0.00000  0.00000  0.07689 ),    weight =   0.0025000
    k (  186) =    (   0.00000  0.00000  0.07730 ),    weight =   0.0025000
    k (  187) =    (   0.00000  0.00000  0.07772 ),    weight =   0.0025000
    k (  188) =    (   0.00000  0.00000  0.07814 ),    weight =   0.0025000
    k (  189) =    (   0.00000  0.00000  0.07855 ),    weight =   0.0025000
    k (  190) =    (   0.00000  0.00000  0.07897 ),    weight =   0.0025000
    k (  191) =    (   0.00000  0.00000  0.07938 ),    weight =   0.0025000
    k (  192) =    (   0.00000  0.00000  0.07980 ),    weight =   0.0025000
    k (  193) =    (   0.00000  0.00000  0.08021 ),    weight =   0.0025000
    k (  194) =    (   0.00000  0.00000  0.08063 ),    weight =   0.0025000
    k (  195) =    (   0.00000  0.00000  0.08104 ),    weight =   0.0025000
    k (  196) =    (   0.00000  0.00000  0.08146 ),    weight =   0.0025000
    k (  197) =    (   0.00000  0.00000  0.08188 ),    weight =   0.0025000
    k (  198) =    (   0.00000  0.00000  0.08229 ),    weight =   0.0025000
    k (  199) =    (   0.00000  0.00000  0.08271 ),    weight =   0.0025000
    k (  200) =    (   0.00000  0.00000 -0.08312 ),    weight =   0.0025000
    k (  201) =    (   0.00000  0.00000 -0.08271 ),    weight =   0.0025000
    k (  202) =    (   0.00000  0.00000 -0.08229 ),    weight =   0.0025000
    k (  203) =    (   0.00000  0.00000 -0.08188 ),    weight =   0.0025000
    k (  204) =    (   0.00000  0.00000 -0.08146 ),    weight =   0.0025000
    k (  205) =    (   0.00000  0.00000 -0.08104 ),    weight =   0.0025000
    k (  206) =    (   0.00000  0.00000 -0.08063 ),    weight =   0.0025000
    k (  207) =    (   0.00000  0.00000 -0.08021 ),    weight =   0.0025000
    k (  208) =    (   0.00000  0.00000 -0.07980 ),    weight =   0.0025000
    k (  209) =    (   0.00000  0.00000 -0.07938 ),    weight =   0.0025000
    k (  210) =    (   0.00000  0.00000 -0.07897 ),    weight =   0.0025000
    k (  211) =    (   0.00000  0.00000 -0.07855 ),    weight =   0.0025000
    k (  212) =    (   0.00000  0.00000 -0.07814 ),    weight =   0.0025000
    k (  213) =    (   0.00000  0.00000 -0.07772 ),    weight =   0.0025000
    k (  214) =    (   0.00000  0.00000 -0.07730 ),    weight =   0.0025000
    k (  215) =    (   0.00000  0.00000 -0.07689 ),    weight =   0.0025000
    k (  216) =    (   0.00000  0.00000 -0.07647 ),    weight =   0.0025000
    k (  217) =    (   0.00000  0.00000 -0.07606 ),    weight =   0.0025000
    k (  218) =    (   0.00000  0.00000 -0.07564 ),    weight =   0.0025000
    k (  219) =    (   0.00000  0.00000 -0.07523 ),    weight =   0.0025000
    k (  220) =    (   0.00000  0.00000 -0.07481 ),    weight =   0.0025000
    k (  221) =    (   0.00000  0.00000 -0.07440 ),    weight =   0.0025000
    k (  222) =    (   0.00000  0.00000 -0.07398 ),    weight =   0.0025000
    k (  223) =    (   0.00000  0.00000 -0.07356 ),    weight =   0.0025000
    k (  224) =    (   0.00000  0.00000 -0.07315 ),    weight =   0.0025000
    k (  225) =    (   0.00000  0.00000 -0.07273 ),    weight =   0.0025000
    k (  226) =    (   0.00000  0.00000 -0.07232 ),    weight =   0.0025000
    k (  227) =    (   0.00000  0.00000 -0.07190 ),    weight =   0.0025000
    k (  228) =    (   0.00000  0.00000 -0.07149 ),    weight =   0.0025000
    k (  229) =    (   0.00000  0.00000 -0.07107 ),    weight =   0.0025000
    k (  230) =    (   0.00000  0.00000 -0.07065 ),    weight =   0.0025000
    k (  231) =    (   0.00000  0.00000 -0.07024 ),    weight =   0.0025000
    k (  232) =    (   0.00000  0.00000 -0.06982 ),    weight =   0.0025000
    k (  233) =    (   0.00000  0.00000 -0.06941 ),    weight =   0.0025000
    k (  234) =    (   0.00000  0.00000 -0.06899 ),    weight =   0.0025000
    k (  235) =    (   0.00000  0.00000 -0.06858 ),    weight =   0.0025000
    k (  236) =    (   0.00000  0.00000 -0.06816 ),    weight =   0.0025000
    k (  237) =    (   0.00000  0.00000 -0.06775 ),    weight =   0.0025000
    k (  238) =    (   0.00000  0.00000 -0.06733 ),    weight =   0.0025000
    k (  239) =    (   0.00000  0.00000 -0.06691 ),    weight =   0.0025000
    k (  240) =    (   0.00000  0.00000 -0.06650 ),    weight =   0.0025000
    k (  241) =    (   0.00000  0.00000 -0.06608 ),    weight =   0.0025000
    k (  242) =    (   0.00000  0.00000 -0.06567 ),    weight =   0.0025000
    k (  243) =    (   0.00000  0.00000 -0.06525 ),    weight =   0.0025000
    k (  244) =    (   0.00000  0.00000 -0.06484 ),    weight =   0.0025000
    k (  245) =    (   0.00000  0.00000 -0.06442 ),    weight =   0.0025000
    k (  246) =    (   0.00000  0.00000 -0.06400 ),    weight =   0.0025000
    k (  247) =    (   0.00000  0.00000 -0.06359 ),    weight =   0.0025000
    k (  248) =    (   0.00000  0.00000 -0.06317 ),    weight =   0.0025000
    k (  249) =    (   0.00000  0.00000 -0.06276 ),    weight =   0.0025000
    k (  250) =    (   0.00000  0.00000 -0.06234 ),    weight =   0.0025000
    k (  251) =    (   0.00000  0.00000 -0.06193 ),    weight =   0.0025000
    k (  252) =    (   0.00000  0.00000 -0.06151 ),    weight =   0.0025000
    k (  253) =    (   0.00000  0.00000 -0.06110 ),    weight =   0.0025000
    k (  254) =    (   0.00000  0.00000 -0.06068 ),    weight =   0.0025000
    k (  255) =    (   0.00000  0.00000 -0.06026 ),    weight =   0.0025000
    k (  256) =    (   0.00000  0.00000 -0.05985 ),    weight =   0.0025000
    k (  257) =    (   0.00000  0.00000 -0.05943 ),    weight =   0.0025000
    k (  258) =    (   0.00000  0.00000 -0.05902 ),    weight =   0.0025000
    k (  259) =    (   0.00000  0.00000 -0.05860 ),    weight =   0.0025000
    k (  260) =    (   0.00000  0.00000 -0.05819 ),    weight =   0.0025000
    k (  261) =    (   0.00000  0.00000 -0.05777 ),    weight =   0.0025000
    k (  262) =    (   0.00000  0.00000 -0.05735 ),    weight =   0.0025000
    k (  263) =    (   0.00000  0.00000 -0.05694 ),    weight =   0.0025000
    k (  264) =    (   0.00000  0.00000 -0.05652 ),    weight =   0.0025000
    k (  265) =    (   0.00000  0.00000 -0.05611 ),    weight =   0.0025000
    k (  266) =    (   0.00000  0.00000 -0.05569 ),    weight =   0.0025000
    k (  267) =    (   0.00000  0.00000 -0.05528 ),    weight =   0.0025000
    k (  268) =    (   0.00000  0.00000 -0.05486 ),    weight =   0.0025000
    k (  269) =    (   0.00000  0.00000 -0.05445 ),    weight =   0.0025000
    k (  270) =    (   0.00000  0.00000 -0.05403 ),    weight =   0.0025000
    k (  271) =    (   0.00000  0.00000 -0.05361 ),    weight =   0.0025000
    k (  272) =    (   0.00000  0.00000 -0.05320 ),    weight =   0.0025000
    k (  273) =    (   0.00000  0.00000 -0.05278 ),    weight =   0.0025000
    k (  274) =    (   0.00000  0.00000 -0.05237 ),    weight =   0.0025000
    k (  275) =    (   0.00000  0.00000 -0.05195 ),    weight =   0.0025000
    k (  276) =    (   0.00000  0.00000 -0.05154 ),    weight =   0.0025000
    k (  277) =    (   0.00000  0.00000 -0.05112 ),    weight =   0.0025000
    k (  278) =    (   0.00000  0.00000 -0.05070 ),    weight =   0.0025000
    k (  279) =    (   0.00000  0.00000 -0.05029 ),    weight =   0.0025000
    k (  280) =    (   0.00000  0.00000 -0.04987 ),    weight =   0.0025000
    k (  281) =    (   0.00000  0.00000 -0.04946 ),    weight =   0.0025000
    k (  282) =    (   0.00000  0.00000 -0.04904 ),    weight =   0.0025000
    k (  283) =    (   0.00000  0.00000 -0.04863 ),    weight =   0.0025000
    k (  284) =    (   0.00000  0.00000 -0.04821 ),    weight =   0.0025000
    k (  285) =    (   0.00000  0.00000 -0.04780 ),    weight =   0.0025000
    k (  286) =    (   0.00000  0.00000 -0.04738 ),    weight =   0.0025000
    k (  287) =    (   0.00000  0.00000 -0.04696 ),    weight =   0.0025000
    k (  288) =    (   0.00000  0.00000 -0.04655 ),    weight =   0.0025000
    k (  289) =    (   0.00000  0.00000 -0.04613 ),    weight =   0.0025000
    k (  290) =    (   0.00000  0.00000 -0.04572 ),    weight =   0.0025000
    k (  291) =    (   0.00000  0.00000 -0.04530 ),    weight =   0.0025000
    k (  292) =    (   0.00000  0.00000 -0.04489 ),    weight =   0.0025000
    k (  293) =    (   0.00000  0.00000 -0.04447 ),    weight =   0.0025000
    k (  294) =    (   0.00000  0.00000 -0.04406 ),    weight =   0.0025000
    k (  295) =    (   0.00000  0.00000 -0.04364 ),    weight =   0.0025000
    k (  296) =    (   0.00000  0.00000 -0.04322 ),    weight =   0.0025000
    k (  297) =    (   0.00000  0.00000 -0.04281 ),    weight =   0.0025000
    k (  298) =    (   0.00000  0.00000 -0.04239 ),    weight =   0.0025000
    k (  299) =    (   0.00000  0.00000 -0.04198 ),    weight =   0.0025000
    k (  300) =    (   0.00000  0.00000 -0.04156 ),    weight =   0.0025000
    k (  301) =    (   0.00000  0.00000 -0.04115 ),    weight =   0.0025000
    k (  302) =    (   0.00000  0.00000 -0.04073 ),    weight =   0.0025000
    k (  303) =    (   0.00000  0.00000 -0.04031 ),    weight =   0.0025000
    k (  304) =    (   0.00000  0.00000 -0.03990 ),    weight =   0.0025000
    k (  305) =    (   0.00000  0.00000 -0.03948 ),    weight =   0.0025000
    k (  306) =    (   0.00000  0.00000 -0.03907 ),    weight =   0.0025000
    k (  307) =    (   0.00000  0.00000 -0.03865 ),    weight =   0.0025000
    k (  308) =    (   0.00000  0.00000 -0.03824 ),    weight =   0.0025000
    k (  309) =    (   0.00000  0.00000 -0.03782 ),    weight =   0.0025000
    k (  310) =    (   0.00000  0.00000 -0.03741 ),    weight =   0.0025000
    k (  311) =    (   0.00000  0.00000 -0.03699 ),    weight =   0.0025000
    k (  312) =    (   0.00000  0.00000 -0.03657 ),    weight =   0.0025000
    k (  313) =    (   0.00000  0.00000 -0.03616 ),    weight =   0.0025000
    k (  314) =    (   0.00000  0.00000 -0.03574 ),    weight =   0.0025000
    k (  315) =    (   0.00000  0.00000 -0.03533 ),    weight =   0.0025000
    k (  316) =    (   0.00000  0.00000 -0.03491 ),    weight =   0.0025000
    k (  317) =    (   0.00000  0.00000 -0.03450 ),    weight =   0.0025000
    k (  318) =    (   0.00000  0.00000 -0.03408 ),    weight =   0.0025000
    k (  319) =    (   0.00000  0.00000 -0.03366 ),    weight =   0.0025000
    k (  320) =    (   0.00000  0.00000 -0.03325 ),    weight =   0.0025000
    k (  321) =    (   0.00000  0.00000 -0.03283 ),    weight =   0.0025000
    k (  322) =    (   0.00000  0.00000 -0.03242 ),    weight =   0.0025000
    k (  323) =    (   0.00000  0.00000 -0.03200 ),    weight =   0.0025000
    k (  324) =    (   0.00000  0.00000 -0.03159 ),    weight =   0.0025000
    k (  325) =    (   0.00000  0.00000 -0.03117 ),    weight =   0.0025000
    k (  326) =    (   0.00000  0.00000 -0.03076 ),    weight =   0.0025000
    k (  327) =    (   0.00000  0.00000 -0.03034 ),    weight =   0.0025000
    k (  328) =    (   0.00000  0.00000 -0.02992 ),    weight =   0.0025000
    k (  329) =    (   0.00000  0.00000 -0.02951 ),    weight =   0.0025000
    k (  330) =    (   0.00000  0.00000 -0.02909 ),    weight =   0.0025000
    k (  331) =    (   0.00000  0.00000 -0.02868 ),    weight =   0.0025000
    k (  332) =    (   0.00000  0.00000 -0.02826 ),    weight =   0.0025000
    k (  333) =    (   0.00000  0.00000 -0.02785 ),    weight =   0.0025000
    k (  334) =    (   0.00000  0.00000 -0.02743 ),    weight =   0.0025000
    k (  335) =    (   0.00000  0.00000 -0.02701 ),    weight =   0.0025000
    k (  336) =    (   0.00000  0.00000 -0.02660 ),    weight =   0.0025000
    k (  337) =    (   0.00000  0.00000 -0.02618 ),    weight =   0.0025000
    k (  338) =    (   0.00000  0.00000 -0.02577 ),    weight =   0.0025000
    k (  339) =    (   0.00000  0.00000 -0.02535 ),    weight =   0.0025000
    k (  340) =    (   0.00000  0.00000 -0.02494 ),    weight =   0.0025000
    k (  341) =    (   0.00000  0.00000 -0.02452 ),    weight =   0.0025000
    k (  342) =    (   0.00000  0.00000 -0.02411 ),    weight =   0.0025000
    k (  343) =    (   0.00000  0.00000 -0.02369 ),    weight =   0.0025000
    k (  344) =    (   0.00000  0.00000 -0.02327 ),    weight =   0.0025000
    k (  345) =    (   0.00000  0.00000 -0.02286 ),    weight =   0.0025000
    k (  346) =    (   0.00000  0.00000 -0.02244 ),    weight =   0.0025000
    k (  347) =    (   0.00000  0.00000 -0.02203 ),    weight =   0.0025000
    k (  348) =    (   0.00000  0.00000 -0.02161 ),    weight =   0.0025000
    k (  349) =    (   0.00000  0.00000 -0.02120 ),    weight =   0.0025000
    k (  350) =    (   0.00000  0.00000 -0.02078 ),    weight =   0.0025000
    k (  351) =    (   0.00000  0.00000 -0.02037 ),    weight =   0.0025000
    k (  352) =    (   0.00000  0.00000 -0.01995 ),    weight =   0.0025000
    k (  353) =    (   0.00000  0.00000 -0.01953 ),    weight =   0.0025000
    k (  354) =    (   0.00000  0.00000 -0.01912 ),    weight =   0.0025000
    k (  355) =    (   0.00000  0.00000 -0.01870 ),    weight =   0.0025000
    k (  356) =    (   0.00000  0.00000 -0.01829 ),    weight =   0.0025000
    k (  357) =    (   0.00000  0.00000 -0.01787 ),    weight =   0.0025000
    k (  358) =    (   0.00000  0.00000 -0.01746 ),    weight =   0.0025000
    k (  359) =    (   0.00000  0.00000 -0.01704 ),    weight =   0.0025000
    k (  360) =    (   0.00000  0.00000 -0.01662 ),    weight =   0.0025000
    k (  361) =    (   0.00000  0.00000 -0.01621 ),    weight =   0.0025000
    k (  362) =    (   0.00000  0.00000 -0.01579 ),    weight =   0.0025000
    k (  363) =    (   0.00000  0.00000 -0.01538 ),    weight =   0.0025000
    k (  364) =    (   0.00000  0.00000 -0.01496 ),    weight =   0.0025000
    k (  365) =    (   0.00000  0.00000 -0.01455 ),    weight =   0.0025000
    k (  366) =    (   0.00000  0.00000 -0.01413 ),    weight =   0.0025000
    k (  367) =    (   0.00000  0.00000 -0.01372 ),    weight =   0.0025000
    k (  368) =    (   0.00000  0.00000 -0.01330 ),    weight =   0.0025000
    k (  369) =    (   0.00000  0.00000 -0.01288 ),    weight =   0.0025000
    k (  370) =    (   0.00000  0.00000 -0.01247 ),    weight =   0.0025000
    k (  371) =    (   0.00000  0.00000 -0.01205 ),    weight =   0.0025000
    k (  372) =    (   0.00000  0.00000 -0.01164 ),    weight =   0.0025000
    k (  373) =    (   0.00000  0.00000 -0.01122 ),    weight =   0.0025000
    k (  374) =    (   0.00000  0.00000 -0.01081 ),    weight =   0.0025000
    k (  375) =    (   0.00000  0.00000 -0.01039 ),    weight =   0.0025000
    k (  376) =    (   0.00000  0.00000 -0.00997 ),    weight =   0.0025000
    k (  377) =    (   0.00000  0.00000 -0.00956 ),    weight =   0.0025000
    k (  378) =    (   0.00000  0.00000 -0.00914 ),    weight =   0.0025000
    k (  379) =    (   0.00000  0.00000 -0.00873 ),    weight =   0.0025000
    k (  380) =    (   0.00000  0.00000 -0.00831 ),    weight =   0.0025000
    k (  381) =    (   0.00000  0.00000 -0.00790 ),    weight =   0.0025000
    k (  382) =    (   0.00000  0.00000 -0.00748 ),    weight =   0.0025000
    k (  383) =    (   0.00000  0.00000 -0.00707 ),    weight =   0.0025000
    k (  384) =    (   0.00000  0.00000 -0.00665 ),    weight =   0.0025000
    k (  385) =    (   0.00000  0.00000 -0.00623 ),    weight =   0.0025000
    k (  386) =    (   0.00000  0.00000 -0.00582 ),    weight =   0.0025000
    k (  387) =    (   0.00000  0.00000 -0.00540 ),    weight =   0.0025000
    k (  388) =    (   0.00000  0.00000 -0.00499 ),    weight =   0.0025000
    k (  389) =    (   0.00000  0.00000 -0.00457 ),    weight =   0.0025000
    k (  390) =    (   0.00000  0.00000 -0.00416 ),    weight =   0.0025000
    k (  391) =    (   0.00000  0.00000 -0.00374 ),    weight =   0.0025000
    k (  392) =    (   0.00000  0.00000 -0.00332 ),    weight =   0.0025000
    k (  393) =    (   0.00000  0.00000 -0.00291 ),    weight =   0.0025000
    k (  394) =    (   0.00000  0.00000 -0.00249 ),    weight =   0.0025000
    k (  395) =    (   0.00000  0.00000 -0.00208 ),    weight =   0.0025000
    k (  396) =    (   0.00000  0.00000 -0.00166 ),    weight =   0.0025000
    k (  397) =    (   0.00000  0.00000 -0.00125 ),    weight =   0.0025000
    k (  398) =    (   0.00000  0.00000 -0.00083 ),    weight =   0.0025000
    k (  399) =    (   0.00000  0.00000 -0.00042 ),    weight =   0.0025000
    k (  400) =    (   0.00000  0.00000  0.00000 ),    weight =   0.0025000


  ======================================================================
  =  Loop over energies                                                =
  ======================================================================

  Computing E(     1 ) =    -12.00000 eV
                              Total time spent up to now :     1.60 secs

  Computing E(    50 ) =    -11.01877 eV
                              Total time spent up to now :     1.82 secs

  Computing E(   100 ) =    -10.01752 eV
                              Total time spent up to now :     2.04 secs

  Computing E(   150 ) =     -9.01627 eV
                              Total time spent up to now :     2.26 secs

  Computing E(   200 ) =     -8.01502 eV
                              Total time spent up to now :     2.49 secs

  Computing E(   250 ) =     -7.01377 eV
                              Total time spent up to now :     2.71 secs

  Computing E(   300 ) =     -6.01252 eV
                              Total time spent up to now :     2.94 secs

  Computing E(   350 ) =     -5.01126 eV
                              Total time spent up to now :     3.16 secs

  Computing E(   400 ) =     -4.01001 eV
                              Total time spent up to now :     3.39 secs

  Computing E(   450 ) =     -3.00876 eV
                              Total time spent up to now :     3.61 secs

  Computing E(   500 ) =     -2.00751 eV
                              Total time spent up to now :     3.84 secs

  Computing E(   550 ) =     -1.00626 eV
                              Total time spent up to now :     4.06 secs

  Computing E(   600 ) =     -0.00501 eV
                              Total time spent up to now :     4.29 secs

  Computing E(   650 ) =      0.99625 eV
                              Total time spent up to now :     4.51 secs

  Computing E(   700 ) =      1.99750 eV
                              Total time spent up to now :     4.74 secs

  Computing E(   750 ) =      2.99875 eV
                              Total time spent up to now :     4.96 secs

  Computing E(   800 ) =      4.00000 eV
                              Total time spent up to now :     5.18 secs


  Total DOS written on file:    ./dos_Au8_PROJ.dat

  ======================================================================

   <global routines>
             clock number :    13

                      dos :     5.00s CPU 

                dos_input :     0.07s CPU
           datafiles_init :     1.24s CPU
      atmproj_to_internal :     0.93s CPU
             compute_rham :     0.00s CPU (       5 calls,   0.000 s avg)
            postproc_init :     0.09s CPU
             want_dftread :     0.02s CPU
                want_init :     0.00s CPU
       para_get_poolindex :     0.00s CPU (       4 calls,   0.000 s avg)
             windows_read :     0.06s CPU
            subspace_read :     0.00s CPU
                   do_dos :     3.81s CPU
             compute_kham :     0.01s CPU (      67 calls,   0.000 s avg)


