
  ======================================================================
              =                                            =
              =     *** WanT *** Wannier Transport Code    =
              =        (www.wannier-transport.org)         =
              =      Ultra Soft Pseudopotential Implem.    =
              =                                            =
  ======================================================================


  Program <dos>  v. 2.5.0alpha2  starts ...
  Date 18Apr2014 at 12:55:41 

     Number of MPI processes:       6



          BUILT :    Fri 18 Apr 2014 12:52:07 PM CEST
           HOST :    x86_64-unknown-linux-gnu
           ARCH :    x86_64
             CC :    icc
            CPP :    cpp
            F90 :    mpif90
            F77 :    ifort
         DFLAGS :    -D__INTEL -D__FFTW -D__MPI -D__PARA
      BLAS LIBS :    -L/home/ferretti/want/install -lmkl_em64t_nothread
    LAPACK LIBS :    
       FFT LIBS :    
      MASS LIBS :    


  checking for fmt internal... no
  checking for fmt wannier90... no
  checking for fmt crystal... no
  checking for fmt qexml... ok

  DFT-data fmt automaticaly detected: qexml

  ======================================================================
  =  INPUT Summary                                                     =
  ======================================================================

                      fileout :     ./dos_PA.dat
                         type :     gaussian
               spin component :     all
                        delta :     0.05000 eV
                           nk :      1   1 200
                            s :      0   0   0
                        nktot :        200
                         emin :    -20.000
                         emax :      3.500
                           ne :     1200
                        shift :      0.000
                        scale :      1.000
                       nprint :       50
              compute projdos :     TRUE
           compute fermi surf :     FALSE
                 DFT datafile :     ./SCRATCH/poly_pa.save/atomic_proj.dat
              use ortho basis :     FALSE
                atmproj shift :         4.000000
                 atmproj nbnd :         0
                  atmproj thr :         0.900000
                   have sigma :     FALSE

  ======================================================================
  =  Post Processing Init                                              =
  ======================================================================

   file fmt: atmproj
   ATMPROJ conversion to be done using: 
     atmproj_nbnd :     30
     atmproj_thr  :      0.900000
     atmproj_sh   :      4.000000

  ./SCRATCH/poly_pa.save/atomic_proj.dat converted to internal fmt
  DFT-data read from file: poly_pa.save/data-file.xml

      Windows data read from file: poly_pa_WanT.space
     Subspace data read from file: poly_pa_WanT.space
  Hamiltonian data read from file: poly_pa_WanT.ham



  ======================================================================
  =  DFT data                                                          =
  ======================================================================

 <LATTICE>
  Alat  =      30.0000000 (Bohr)
  Alat  =      15.8753100 (Ang )
  Omega =    4200.2820000 (Bohr^3)
  Omega =     622.4168321 (Ang^3 )

  Crystal axes:
                in Bohr units                           in Alat units
    a(1) = (   30.00000    0.00000    0.00000 )    (    1.00000    0.00000    0.00000 )
    a(2) = (    0.00000   30.00000    0.00000 )    (    0.00000    1.00000    0.00000 )
    a(3) = (    0.00000    0.00000    4.66698 )    (    0.00000    0.00000    0.15557 )
                in Ang units
    a(1) = (   15.87531    0.00000    0.00000 )
    a(2) = (    0.00000   15.87531    0.00000 )
    a(3) = (    0.00000    0.00000    2.46966 )

   Reciprocal lattice vectors:
                in Bohr^-1 units                        in 2Pi/Alat units
    b(1) = (    0.20944    0.00000    0.00000 )    (    1.00000    0.00000    0.00000 )
    b(2) = (    0.00000    0.20944    0.00000 )    (    0.00000    1.00000    0.00000 )
    b(3) = (    0.00000    0.00000    1.34631 )    (    0.00000    0.00000    6.42814 )
 </LATTICE>

 <K-POINTS>
         nproc =     6   (Parallelism over kpts)
  global nkpts =    30
   local nkpts =     5
  Monkhorst-Pack grid:      nk = (   1   1  30 ),      shift = (   0   0   0 )

  K-point grid: (cart. coord. in Bohr^-1)
    k (    1) =    (    0.0000000   0.0000000   0.0000000 ),   weight =      0.0333333
    k (    2) =    (    0.0000000   0.0000000   0.0448769 ),   weight =      0.0333333
    k (    3) =    (    0.0000000   0.0000000   0.0897538 ),   weight =      0.0333333
    k (    4) =    (    0.0000000   0.0000000   0.1346306 ),   weight =      0.0333333
    k (    5) =    (    0.0000000   0.0000000   0.1795075 ),   weight =      0.0333333
    k (    6) =    (    0.0000000   0.0000000   0.2243844 ),   weight =      0.0333333
    k (    7) =    (    0.0000000   0.0000000   0.2692613 ),   weight =      0.0333333
    k (    8) =    (    0.0000000   0.0000000   0.3141382 ),   weight =      0.0333333
    k (    9) =    (    0.0000000   0.0000000   0.3590151 ),   weight =      0.0333333
    k (   10) =    (    0.0000000   0.0000000   0.4038919 ),   weight =      0.0333333
    k (   11) =    (    0.0000000   0.0000000   0.4487688 ),   weight =      0.0333333
    k (   12) =    (    0.0000000   0.0000000   0.4936457 ),   weight =      0.0333333
    k (   13) =    (    0.0000000   0.0000000   0.5385226 ),   weight =      0.0333333
    k (   14) =    (    0.0000000   0.0000000   0.5833995 ),   weight =      0.0333333
    k (   15) =    (    0.0000000   0.0000000   0.6282763 ),   weight =      0.0333333
    k (   16) =    (    0.0000000   0.0000000  -0.6731532 ),   weight =      0.0333333
    k (   17) =    (    0.0000000   0.0000000  -0.6282763 ),   weight =      0.0333333
    k (   18) =    (    0.0000000   0.0000000  -0.5833995 ),   weight =      0.0333333
    k (   19) =    (    0.0000000   0.0000000  -0.5385226 ),   weight =      0.0333333
    k (   20) =    (    0.0000000   0.0000000  -0.4936457 ),   weight =      0.0333333
    k (   21) =    (    0.0000000   0.0000000  -0.4487688 ),   weight =      0.0333333
    k (   22) =    (    0.0000000   0.0000000  -0.4038919 ),   weight =      0.0333333
    k (   23) =    (    0.0000000   0.0000000  -0.3590151 ),   weight =      0.0333333
    k (   24) =    (    0.0000000   0.0000000  -0.3141382 ),   weight =      0.0333333
    k (   25) =    (    0.0000000   0.0000000  -0.2692613 ),   weight =      0.0333333
    k (   26) =    (    0.0000000   0.0000000  -0.2243844 ),   weight =      0.0333333
    k (   27) =    (    0.0000000   0.0000000  -0.1795075 ),   weight =      0.0333333
    k (   28) =    (    0.0000000   0.0000000  -0.1346306 ),   weight =      0.0333333
    k (   29) =    (    0.0000000   0.0000000  -0.0897538 ),   weight =      0.0333333
    k (   30) =    (    0.0000000   0.0000000  -0.0448769 ),   weight =      0.0333333
 </K-POINTS>

 <R-GRID>
         nrtot =    31
  R-grid generators:      nr = (   1   1  30 )

  R-grid vectors:         (crystal units)
    R (    1) =    (       0      0    -14 ),   wr =      1.0000000
    R (    2) =    (       0      0    -13 ),   wr =      1.0000000
    R (    3) =    (       0      0    -12 ),   wr =      1.0000000
    R (    4) =    (       0      0    -11 ),   wr =      1.0000000
    R (    5) =    (       0      0    -10 ),   wr =      1.0000000
    R (    6) =    (       0      0     -9 ),   wr =      1.0000000
    R (    7) =    (       0      0     -8 ),   wr =      1.0000000
    R (    8) =    (       0      0     -7 ),   wr =      1.0000000
    R (    9) =    (       0      0     -6 ),   wr =      1.0000000
    R (   10) =    (       0      0     -5 ),   wr =      1.0000000
    R (   11) =    (       0      0     -4 ),   wr =      1.0000000
    R (   12) =    (       0      0     -3 ),   wr =      1.0000000
    R (   13) =    (       0      0     -2 ),   wr =      1.0000000
    R (   14) =    (       0      0     -1 ),   wr =      1.0000000
    R (   15) =    (       0      0      0 ),   wr =      1.0000000
    R (   16) =    (       0      0      1 ),   wr =      1.0000000
    R (   17) =    (       0      0      2 ),   wr =      1.0000000
    R (   18) =    (       0      0      3 ),   wr =      1.0000000
    R (   19) =    (       0      0      4 ),   wr =      1.0000000
    R (   20) =    (       0      0      5 ),   wr =      1.0000000
    R (   21) =    (       0      0      6 ),   wr =      1.0000000
    R (   22) =    (       0      0      7 ),   wr =      1.0000000
    R (   23) =    (       0      0      8 ),   wr =      1.0000000
    R (   24) =    (       0      0      9 ),   wr =      1.0000000
    R (   25) =    (       0      0     10 ),   wr =      1.0000000
    R (   26) =    (       0      0     11 ),   wr =      1.0000000
    R (   27) =    (       0      0     12 ),   wr =      1.0000000
    R (   28) =    (       0      0     13 ),   wr =      1.0000000
    R (   29) =    (       0      0     14 ),   wr =      1.0000000
    R (   30) =    (       0      0     15 ),   wr =      0.5000000
    R (   31) =    (       0      0    -15 ),   wr =      0.5000000
 </R-GRID>


  ======================================================================
  =  DOS computation using Wannier Functions                           =
  ======================================================================

  nktot =   200
  Monkhorst-Pack grid:      nk = (   1   1 200 ),      shift = (   0   0   0 )
  Generated kpt mesh: (cart. coord. in Bohr^-1)

    k (    1) =    (   0.00000  0.00000  0.00673 ),    weight =   0.0050000
    k (    2) =    (   0.00000  0.00000  0.01346 ),    weight =   0.0050000
    k (    3) =    (   0.00000  0.00000  0.02019 ),    weight =   0.0050000
    k (    4) =    (   0.00000  0.00000  0.02693 ),    weight =   0.0050000
    k (    5) =    (   0.00000  0.00000  0.03366 ),    weight =   0.0050000
    k (    6) =    (   0.00000  0.00000  0.04039 ),    weight =   0.0050000
    k (    7) =    (   0.00000  0.00000  0.04712 ),    weight =   0.0050000
    k (    8) =    (   0.00000  0.00000  0.05385 ),    weight =   0.0050000
    k (    9) =    (   0.00000  0.00000  0.06058 ),    weight =   0.0050000
    k (   10) =    (   0.00000  0.00000  0.06732 ),    weight =   0.0050000
    k (   11) =    (   0.00000  0.00000  0.07405 ),    weight =   0.0050000
    k (   12) =    (   0.00000  0.00000  0.08078 ),    weight =   0.0050000
    k (   13) =    (   0.00000  0.00000  0.08751 ),    weight =   0.0050000
    k (   14) =    (   0.00000  0.00000  0.09424 ),    weight =   0.0050000
    k (   15) =    (   0.00000  0.00000  0.10097 ),    weight =   0.0050000
    k (   16) =    (   0.00000  0.00000  0.10770 ),    weight =   0.0050000
    k (   17) =    (   0.00000  0.00000  0.11444 ),    weight =   0.0050000
    k (   18) =    (   0.00000  0.00000  0.12117 ),    weight =   0.0050000
    k (   19) =    (   0.00000  0.00000  0.12790 ),    weight =   0.0050000
    k (   20) =    (   0.00000  0.00000  0.13463 ),    weight =   0.0050000
    k (   21) =    (   0.00000  0.00000  0.14136 ),    weight =   0.0050000
    k (   22) =    (   0.00000  0.00000  0.14809 ),    weight =   0.0050000
    k (   23) =    (   0.00000  0.00000  0.15483 ),    weight =   0.0050000
    k (   24) =    (   0.00000  0.00000  0.16156 ),    weight =   0.0050000
    k (   25) =    (   0.00000  0.00000  0.16829 ),    weight =   0.0050000
    k (   26) =    (   0.00000  0.00000  0.17502 ),    weight =   0.0050000
    k (   27) =    (   0.00000  0.00000  0.18175 ),    weight =   0.0050000
    k (   28) =    (   0.00000  0.00000  0.18848 ),    weight =   0.0050000
    k (   29) =    (   0.00000  0.00000  0.19521 ),    weight =   0.0050000
    k (   30) =    (   0.00000  0.00000  0.20195 ),    weight =   0.0050000
    k (   31) =    (   0.00000  0.00000  0.20868 ),    weight =   0.0050000
    k (   32) =    (   0.00000  0.00000  0.21541 ),    weight =   0.0050000
    k (   33) =    (   0.00000  0.00000  0.22214 ),    weight =   0.0050000
    k (   34) =    (   0.00000  0.00000  0.22887 ),    weight =   0.0050000
    k (   35) =    (   0.00000  0.00000  0.23560 ),    weight =   0.0050000
    k (   36) =    (   0.00000  0.00000  0.24234 ),    weight =   0.0050000
    k (   37) =    (   0.00000  0.00000  0.24907 ),    weight =   0.0050000
    k (   38) =    (   0.00000  0.00000  0.25580 ),    weight =   0.0050000
    k (   39) =    (   0.00000  0.00000  0.26253 ),    weight =   0.0050000
    k (   40) =    (   0.00000  0.00000  0.26926 ),    weight =   0.0050000
    k (   41) =    (   0.00000  0.00000  0.27599 ),    weight =   0.0050000
    k (   42) =    (   0.00000  0.00000  0.28272 ),    weight =   0.0050000
    k (   43) =    (   0.00000  0.00000  0.28946 ),    weight =   0.0050000
    k (   44) =    (   0.00000  0.00000  0.29619 ),    weight =   0.0050000
    k (   45) =    (   0.00000  0.00000  0.30292 ),    weight =   0.0050000
    k (   46) =    (   0.00000  0.00000  0.30965 ),    weight =   0.0050000
    k (   47) =    (   0.00000  0.00000  0.31638 ),    weight =   0.0050000
    k (   48) =    (   0.00000  0.00000  0.32311 ),    weight =   0.0050000
    k (   49) =    (   0.00000  0.00000  0.32985 ),    weight =   0.0050000
    k (   50) =    (   0.00000  0.00000  0.33658 ),    weight =   0.0050000
    k (   51) =    (   0.00000  0.00000  0.34331 ),    weight =   0.0050000
    k (   52) =    (   0.00000  0.00000  0.35004 ),    weight =   0.0050000
    k (   53) =    (   0.00000  0.00000  0.35677 ),    weight =   0.0050000
    k (   54) =    (   0.00000  0.00000  0.36350 ),    weight =   0.0050000
    k (   55) =    (   0.00000  0.00000  0.37023 ),    weight =   0.0050000
    k (   56) =    (   0.00000  0.00000  0.37697 ),    weight =   0.0050000
    k (   57) =    (   0.00000  0.00000  0.38370 ),    weight =   0.0050000
    k (   58) =    (   0.00000  0.00000  0.39043 ),    weight =   0.0050000
    k (   59) =    (   0.00000  0.00000  0.39716 ),    weight =   0.0050000
    k (   60) =    (   0.00000  0.00000  0.40389 ),    weight =   0.0050000
    k (   61) =    (   0.00000  0.00000  0.41062 ),    weight =   0.0050000
    k (   62) =    (   0.00000  0.00000  0.41736 ),    weight =   0.0050000
    k (   63) =    (   0.00000  0.00000  0.42409 ),    weight =   0.0050000
    k (   64) =    (   0.00000  0.00000  0.43082 ),    weight =   0.0050000
    k (   65) =    (   0.00000  0.00000  0.43755 ),    weight =   0.0050000
    k (   66) =    (   0.00000  0.00000  0.44428 ),    weight =   0.0050000
    k (   67) =    (   0.00000  0.00000  0.45101 ),    weight =   0.0050000
    k (   68) =    (   0.00000  0.00000  0.45774 ),    weight =   0.0050000
    k (   69) =    (   0.00000  0.00000  0.46448 ),    weight =   0.0050000
    k (   70) =    (   0.00000  0.00000  0.47121 ),    weight =   0.0050000
    k (   71) =    (   0.00000  0.00000  0.47794 ),    weight =   0.0050000
    k (   72) =    (   0.00000  0.00000  0.48467 ),    weight =   0.0050000
    k (   73) =    (   0.00000  0.00000  0.49140 ),    weight =   0.0050000
    k (   74) =    (   0.00000  0.00000  0.49813 ),    weight =   0.0050000
    k (   75) =    (   0.00000  0.00000  0.50486 ),    weight =   0.0050000
    k (   76) =    (   0.00000  0.00000  0.51160 ),    weight =   0.0050000
    k (   77) =    (   0.00000  0.00000  0.51833 ),    weight =   0.0050000
    k (   78) =    (   0.00000  0.00000  0.52506 ),    weight =   0.0050000
    k (   79) =    (   0.00000  0.00000  0.53179 ),    weight =   0.0050000
    k (   80) =    (   0.00000  0.00000  0.53852 ),    weight =   0.0050000
    k (   81) =    (   0.00000  0.00000  0.54525 ),    weight =   0.0050000
    k (   82) =    (   0.00000  0.00000  0.55199 ),    weight =   0.0050000
    k (   83) =    (   0.00000  0.00000  0.55872 ),    weight =   0.0050000
    k (   84) =    (   0.00000  0.00000  0.56545 ),    weight =   0.0050000
    k (   85) =    (   0.00000  0.00000  0.57218 ),    weight =   0.0050000
    k (   86) =    (   0.00000  0.00000  0.57891 ),    weight =   0.0050000
    k (   87) =    (   0.00000  0.00000  0.58564 ),    weight =   0.0050000
    k (   88) =    (   0.00000  0.00000  0.59237 ),    weight =   0.0050000
    k (   89) =    (   0.00000  0.00000  0.59911 ),    weight =   0.0050000
    k (   90) =    (   0.00000  0.00000  0.60584 ),    weight =   0.0050000
    k (   91) =    (   0.00000  0.00000  0.61257 ),    weight =   0.0050000
    k (   92) =    (   0.00000  0.00000  0.61930 ),    weight =   0.0050000
    k (   93) =    (   0.00000  0.00000  0.62603 ),    weight =   0.0050000
    k (   94) =    (   0.00000  0.00000  0.63276 ),    weight =   0.0050000
    k (   95) =    (   0.00000  0.00000  0.63950 ),    weight =   0.0050000
    k (   96) =    (   0.00000  0.00000  0.64623 ),    weight =   0.0050000
    k (   97) =    (   0.00000  0.00000  0.65296 ),    weight =   0.0050000
    k (   98) =    (   0.00000  0.00000  0.65969 ),    weight =   0.0050000
    k (   99) =    (   0.00000  0.00000  0.66642 ),    weight =   0.0050000
    k (  100) =    (   0.00000  0.00000 -0.67315 ),    weight =   0.0050000
    k (  101) =    (   0.00000  0.00000 -0.66642 ),    weight =   0.0050000
    k (  102) =    (   0.00000  0.00000 -0.65969 ),    weight =   0.0050000
    k (  103) =    (   0.00000  0.00000 -0.65296 ),    weight =   0.0050000
    k (  104) =    (   0.00000  0.00000 -0.64623 ),    weight =   0.0050000
    k (  105) =    (   0.00000  0.00000 -0.63950 ),    weight =   0.0050000
    k (  106) =    (   0.00000  0.00000 -0.63276 ),    weight =   0.0050000
    k (  107) =    (   0.00000  0.00000 -0.62603 ),    weight =   0.0050000
    k (  108) =    (   0.00000  0.00000 -0.61930 ),    weight =   0.0050000
    k (  109) =    (   0.00000  0.00000 -0.61257 ),    weight =   0.0050000
    k (  110) =    (   0.00000  0.00000 -0.60584 ),    weight =   0.0050000
    k (  111) =    (   0.00000  0.00000 -0.59911 ),    weight =   0.0050000
    k (  112) =    (   0.00000  0.00000 -0.59237 ),    weight =   0.0050000
    k (  113) =    (   0.00000  0.00000 -0.58564 ),    weight =   0.0050000
    k (  114) =    (   0.00000  0.00000 -0.57891 ),    weight =   0.0050000
    k (  115) =    (   0.00000  0.00000 -0.57218 ),    weight =   0.0050000
    k (  116) =    (   0.00000  0.00000 -0.56545 ),    weight =   0.0050000
    k (  117) =    (   0.00000  0.00000 -0.55872 ),    weight =   0.0050000
    k (  118) =    (   0.00000  0.00000 -0.55199 ),    weight =   0.0050000
    k (  119) =    (   0.00000  0.00000 -0.54525 ),    weight =   0.0050000
    k (  120) =    (   0.00000  0.00000 -0.53852 ),    weight =   0.0050000
    k (  121) =    (   0.00000  0.00000 -0.53179 ),    weight =   0.0050000
    k (  122) =    (   0.00000  0.00000 -0.52506 ),    weight =   0.0050000
    k (  123) =    (   0.00000  0.00000 -0.51833 ),    weight =   0.0050000
    k (  124) =    (   0.00000  0.00000 -0.51160 ),    weight =   0.0050000
    k (  125) =    (   0.00000  0.00000 -0.50486 ),    weight =   0.0050000
    k (  126) =    (   0.00000  0.00000 -0.49813 ),    weight =   0.0050000
    k (  127) =    (   0.00000  0.00000 -0.49140 ),    weight =   0.0050000
    k (  128) =    (   0.00000  0.00000 -0.48467 ),    weight =   0.0050000
    k (  129) =    (   0.00000  0.00000 -0.47794 ),    weight =   0.0050000
    k (  130) =    (   0.00000  0.00000 -0.47121 ),    weight =   0.0050000
    k (  131) =    (   0.00000  0.00000 -0.46448 ),    weight =   0.0050000
    k (  132) =    (   0.00000  0.00000 -0.45774 ),    weight =   0.0050000
    k (  133) =    (   0.00000  0.00000 -0.45101 ),    weight =   0.0050000
    k (  134) =    (   0.00000  0.00000 -0.44428 ),    weight =   0.0050000
    k (  135) =    (   0.00000  0.00000 -0.43755 ),    weight =   0.0050000
    k (  136) =    (   0.00000  0.00000 -0.43082 ),    weight =   0.0050000
    k (  137) =    (   0.00000  0.00000 -0.42409 ),    weight =   0.0050000
    k (  138) =    (   0.00000  0.00000 -0.41736 ),    weight =   0.0050000
    k (  139) =    (   0.00000  0.00000 -0.41062 ),    weight =   0.0050000
    k (  140) =    (   0.00000  0.00000 -0.40389 ),    weight =   0.0050000
    k (  141) =    (   0.00000  0.00000 -0.39716 ),    weight =   0.0050000
    k (  142) =    (   0.00000  0.00000 -0.39043 ),    weight =   0.0050000
    k (  143) =    (   0.00000  0.00000 -0.38370 ),    weight =   0.0050000
    k (  144) =    (   0.00000  0.00000 -0.37697 ),    weight =   0.0050000
    k (  145) =    (   0.00000  0.00000 -0.37023 ),    weight =   0.0050000
    k (  146) =    (   0.00000  0.00000 -0.36350 ),    weight =   0.0050000
    k (  147) =    (   0.00000  0.00000 -0.35677 ),    weight =   0.0050000
    k (  148) =    (   0.00000  0.00000 -0.35004 ),    weight =   0.0050000
    k (  149) =    (   0.00000  0.00000 -0.34331 ),    weight =   0.0050000
    k (  150) =    (   0.00000  0.00000 -0.33658 ),    weight =   0.0050000
    k (  151) =    (   0.00000  0.00000 -0.32985 ),    weight =   0.0050000
    k (  152) =    (   0.00000  0.00000 -0.32311 ),    weight =   0.0050000
    k (  153) =    (   0.00000  0.00000 -0.31638 ),    weight =   0.0050000
    k (  154) =    (   0.00000  0.00000 -0.30965 ),    weight =   0.0050000
    k (  155) =    (   0.00000  0.00000 -0.30292 ),    weight =   0.0050000
    k (  156) =    (   0.00000  0.00000 -0.29619 ),    weight =   0.0050000
    k (  157) =    (   0.00000  0.00000 -0.28946 ),    weight =   0.0050000
    k (  158) =    (   0.00000  0.00000 -0.28272 ),    weight =   0.0050000
    k (  159) =    (   0.00000  0.00000 -0.27599 ),    weight =   0.0050000
    k (  160) =    (   0.00000  0.00000 -0.26926 ),    weight =   0.0050000
    k (  161) =    (   0.00000  0.00000 -0.26253 ),    weight =   0.0050000
    k (  162) =    (   0.00000  0.00000 -0.25580 ),    weight =   0.0050000
    k (  163) =    (   0.00000  0.00000 -0.24907 ),    weight =   0.0050000
    k (  164) =    (   0.00000  0.00000 -0.24234 ),    weight =   0.0050000
    k (  165) =    (   0.00000  0.00000 -0.23560 ),    weight =   0.0050000
    k (  166) =    (   0.00000  0.00000 -0.22887 ),    weight =   0.0050000
    k (  167) =    (   0.00000  0.00000 -0.22214 ),    weight =   0.0050000
    k (  168) =    (   0.00000  0.00000 -0.21541 ),    weight =   0.0050000
    k (  169) =    (   0.00000  0.00000 -0.20868 ),    weight =   0.0050000
    k (  170) =    (   0.00000  0.00000 -0.20195 ),    weight =   0.0050000
    k (  171) =    (   0.00000  0.00000 -0.19521 ),    weight =   0.0050000
    k (  172) =    (   0.00000  0.00000 -0.18848 ),    weight =   0.0050000
    k (  173) =    (   0.00000  0.00000 -0.18175 ),    weight =   0.0050000
    k (  174) =    (   0.00000  0.00000 -0.17502 ),    weight =   0.0050000
    k (  175) =    (   0.00000  0.00000 -0.16829 ),    weight =   0.0050000
    k (  176) =    (   0.00000  0.00000 -0.16156 ),    weight =   0.0050000
    k (  177) =    (   0.00000  0.00000 -0.15483 ),    weight =   0.0050000
    k (  178) =    (   0.00000  0.00000 -0.14809 ),    weight =   0.0050000
    k (  179) =    (   0.00000  0.00000 -0.14136 ),    weight =   0.0050000
    k (  180) =    (   0.00000  0.00000 -0.13463 ),    weight =   0.0050000
    k (  181) =    (   0.00000  0.00000 -0.12790 ),    weight =   0.0050000
    k (  182) =    (   0.00000  0.00000 -0.12117 ),    weight =   0.0050000
    k (  183) =    (   0.00000  0.00000 -0.11444 ),    weight =   0.0050000
    k (  184) =    (   0.00000  0.00000 -0.10770 ),    weight =   0.0050000
    k (  185) =    (   0.00000  0.00000 -0.10097 ),    weight =   0.0050000
    k (  186) =    (   0.00000  0.00000 -0.09424 ),    weight =   0.0050000
    k (  187) =    (   0.00000  0.00000 -0.08751 ),    weight =   0.0050000
    k (  188) =    (   0.00000  0.00000 -0.08078 ),    weight =   0.0050000
    k (  189) =    (   0.00000  0.00000 -0.07405 ),    weight =   0.0050000
    k (  190) =    (   0.00000  0.00000 -0.06732 ),    weight =   0.0050000
    k (  191) =    (   0.00000  0.00000 -0.06058 ),    weight =   0.0050000
    k (  192) =    (   0.00000  0.00000 -0.05385 ),    weight =   0.0050000
    k (  193) =    (   0.00000  0.00000 -0.04712 ),    weight =   0.0050000
    k (  194) =    (   0.00000  0.00000 -0.04039 ),    weight =   0.0050000
    k (  195) =    (   0.00000  0.00000 -0.03366 ),    weight =   0.0050000
    k (  196) =    (   0.00000  0.00000 -0.02693 ),    weight =   0.0050000
    k (  197) =    (   0.00000  0.00000 -0.02019 ),    weight =   0.0050000
    k (  198) =    (   0.00000  0.00000 -0.01346 ),    weight =   0.0050000
    k (  199) =    (   0.00000  0.00000 -0.00673 ),    weight =   0.0050000
    k (  200) =    (   0.00000  0.00000  0.00000 ),    weight =   0.0050000


  ======================================================================
  =  Loop over energies                                                =
  ======================================================================

  Computing E(     1 ) =    -20.00000 eV
                              Total time spent up to now :     0.54 secs

  Computing E(    50 ) =    -19.03962 eV
                              Total time spent up to now :     0.60 secs

  Computing E(   100 ) =    -18.05963 eV
                              Total time spent up to now :     0.65 secs

  Computing E(   150 ) =    -17.07965 eV
                              Total time spent up to now :     0.70 secs

  Computing E(   200 ) =    -16.09967 eV
                              Total time spent up to now :     0.76 secs

  Computing E(   250 ) =    -15.11968 eV
                              Total time spent up to now :     0.81 secs

  Computing E(   300 ) =    -14.13970 eV
                              Total time spent up to now :     0.87 secs

  Computing E(   350 ) =    -13.15972 eV
                              Total time spent up to now :     0.92 secs

  Computing E(   400 ) =    -12.17973 eV
                              Total time spent up to now :     0.97 secs

  Computing E(   450 ) =    -11.19975 eV
                              Total time spent up to now :     1.03 secs

  Computing E(   500 ) =    -10.21977 eV
                              Total time spent up to now :     1.08 secs

  Computing E(   550 ) =     -9.23978 eV
                              Total time spent up to now :     1.13 secs

  Computing E(   600 ) =     -8.25980 eV
                              Total time spent up to now :     1.19 secs

  Computing E(   650 ) =     -7.27982 eV
                              Total time spent up to now :     1.24 secs

  Computing E(   700 ) =     -6.29983 eV
                              Total time spent up to now :     1.30 secs

  Computing E(   750 ) =     -5.31985 eV
                              Total time spent up to now :     1.35 secs

  Computing E(   800 ) =     -4.33987 eV
                              Total time spent up to now :     1.40 secs

  Computing E(   850 ) =     -3.35988 eV
                              Total time spent up to now :     1.46 secs

  Computing E(   900 ) =     -2.37990 eV
                              Total time spent up to now :     1.51 secs

  Computing E(   950 ) =     -1.39992 eV
                              Total time spent up to now :     1.56 secs

  Computing E(  1000 ) =     -0.41993 eV
                              Total time spent up to now :     1.62 secs

  Computing E(  1050 ) =      0.56005 eV
                              Total time spent up to now :     1.67 secs

  Computing E(  1100 ) =      1.54003 eV
                              Total time spent up to now :     1.72 secs

  Computing E(  1150 ) =      2.52002 eV
                              Total time spent up to now :     1.78 secs

  Computing E(  1200 ) =      3.50000 eV
                              Total time spent up to now :     1.83 secs


  Computing projected-DOS...


  Total DOS written on file:    ./dos_PA.dat

  ======================================================================

   <global routines>
             clock number :    13

                      dos :     3.00s CPU 

                dos_input :     0.16s CPU
           datafiles_init :     0.21s CPU
      atmproj_to_internal :     0.19s CPU
             compute_rham :     0.01s CPU (      62 calls,   0.000 s avg)
            postproc_init :     0.14s CPU
             want_dftread :     0.07s CPU
                want_init :     0.00s CPU
       para_get_poolindex :     0.00s CPU (      30 calls,   0.000 s avg)
             windows_read :     0.05s CPU
            subspace_read :     0.00s CPU
                   do_dos :     3.05s CPU
             compute_kham :     0.01s CPU (     102 calls,   0.000 s avg)


