
     Program PWSCF v.5.0.2 (svn rev. 9392) starts on 17Apr2014 at 20:25:48 

     This program is part of the open-source Quantum ESPRESSO suite
     for quantum simulation of materials; please cite
         "P. Giannozzi et al., J. Phys.:Condens. Matter 21 395502 (2009);
          URL http://www.quantum-espresso.org", 
     in publications or presentations arising from this work. More details at
     http://www.quantum-espresso.org/quote.php

     Parallel version (MPI), running on     6 processors
     R & G space division:  proc/nbgrp/npool/nimage =       6

     Current dimensions of program PWSCF are:
     Max number of different atomic species (ntypx) = 10
     Max number of k-points (npk) =  40000
     Max angular momentum in pseudopotentials (lmaxx) =  3
     Reading input from /home/ferretti/want/tests/test16/nscf_Au8.in

     Atomic positions and unit cell read from directory:
     ./SCRATCH/gold8.save/
 

     Subspace diagonalization in iterative solution of the eigenvalue problem:
     a serial algorithm will be used

     Found symmetry operation: I + (  0.0000  0.0000  0.1250)
     This is a supercell, fractional translations are disabled
 
     Parallelization info
     --------------------
     sticks:   dense  smooth     PW     G-vecs:    dense   smooth      PW
     Min        1061    1061    269               120331   120331   15567
     Max        1062    1062    270               120334   120334   15574
     Sum        6369    6369   1617               721995   721995   93423
 


     bravais-lattice index     =            8
     lattice parameter (alat)  =      20.0000  a.u.
     unit-cell volume          =   15117.8150 (a.u.)^3
     number of atoms/cell      =            8
     number of atomic types    =            1
     number of electrons       =        88.00
     number of Kohn-Sham states=           80
     kinetic-energy cutoff     =      50.0000  Ry
     charge density cutoff     =     200.0000  Ry
     Exchange-correlation      =  SLA  PW   GGX  GGC ( 1 4 2 2 0)
     EXX-fraction              =        0.00

     celldm(1)=  20.000000  celldm(2)=   1.000000  celldm(3)=   1.889727
     celldm(4)=   0.000000  celldm(5)=   0.000000  celldm(6)=   0.000000

     crystal axes: (cart. coord. in units of alat)
               a(1) = (   1.000000   0.000000   0.000000 )  
               a(2) = (   0.000000   1.000000   0.000000 )  
               a(3) = (   0.000000   0.000000   1.889727 )  

     reciprocal axes: (cart. coord. in units 2 pi/alat)
               b(1) = (  1.000000  0.000000  0.000000 )  
               b(2) = (  0.000000  1.000000  0.000000 )  
               b(3) = (  0.000000  0.000000  0.529177 )  


     PseudoPot. # 1 for Au read from file:
     ../pseudo/Au11pw91.mt.UPF
     MD5 check sum: e270e13d0e45fa10676aee720c7982d9
     Pseudo is Norm-conserving + core correction, Zval = 11.0
     Generated by new atomic code, or converted to UPF format
     Using radial grid of  331 points,  2 beta functions with: 
                l(1) =   1
                l(2) =   2

     atomic species   valence    mass     pseudopotential
        Au            11.00   196.96650     Au( 1.00)

     No symmetry found



   Cartesian axes

     site n.     atom                  positions (alat units)
         1           Au  tau(   1) = (   0.0000000   0.0000000   0.0000000  )
         2           Au  tau(   2) = (   0.0000000   0.0000000   0.2362158  )
         3           Au  tau(   3) = (   0.0000000   0.0000000   0.4724315  )
         4           Au  tau(   4) = (   0.0000000   0.0000000   0.7086473  )
         5           Au  tau(   5) = (   0.0000000   0.0000000   0.9448631  )
         6           Au  tau(   6) = (   0.0000000   0.0000000   1.1810788  )
         7           Au  tau(   7) = (   0.0000000   0.0000000   1.4172946  )
         8           Au  tau(   8) = (   0.0000000   0.0000000   1.6535104  )

     number of k points=     4  gaussian smearing, width (Ry)=  0.0100
                       cart. coord. in units 2pi/alat
        k(    1) = (   0.0000000   0.0000000   0.0000000), wk =   0.5000000
        k(    2) = (   0.0000000   0.0000000   0.1322943), wk =   0.5000000
        k(    3) = (   0.0000000   0.0000000  -0.2645885), wk =   0.5000000
        k(    4) = (   0.0000000   0.0000000  -0.1322943), wk =   0.5000000

     Dense  grid:   721995 G-vectors     FFT dimensions: (  96,  96, 180)

     Largest allocated arrays     est. size (Mb)     dimensions
        Kohn-Sham Wavefunctions        18.38 Mb     (  15054,   80)
        NL pseudopotentials            14.70 Mb     (  15054,   64)
        Each V/rho on FFT grid          4.22 Mb     ( 276480)
        Each G-vector array             0.92 Mb     ( 120334)
        G-vector shells                 0.23 Mb     (  30306)
     Largest temporary arrays     est. size (Mb)     dimensions
        Auxiliary wavefunctions        73.51 Mb     (  15054,  320)
        Each subspace H/S matrix        1.56 Mb     ( 320, 320)
        Each <psi_i|beta_j> matrix      0.08 Mb     (     64,   80)

     Check: negative/imaginary core charge=   -0.000021    0.000000

     The potential is recalculated from file :
     ./SCRATCH/gold8.save/charge-density.dat

     Starting wfc are   72 randomized atomic wfcs

     total cpu time spent up to now is        1.7 secs

     per-process dynamical memory:   101.9 Mb

     Band Structure Calculation
     Davidson diagonalization with overlap
     c_bands:  1 eigenvalues not converged
     c_bands:  1 eigenvalues not converged

     ethr =  1.14E-11,  avg # of iterations = 83.0

     total cpu time spent up to now is      402.7 secs

     End of band structure calculation

          k = 0.0000 0.0000 0.0000     band energies (ev):

   -10.8370 -10.0344 -10.0343  -8.5081  -8.5081  -8.1542  -8.1542  -8.1541
    -8.1541  -7.8485  -7.8481  -7.1821  -7.1821  -7.1820  -7.1820  -6.7946
    -6.7945  -6.7007  -6.7007  -6.7006  -6.7006  -6.4671  -6.4670  -6.4670
    -6.4669  -6.4466  -6.2230  -6.2230  -6.2228  -6.2228  -6.2143  -6.2143
    -6.1186  -6.1184  -5.9205  -5.9205  -5.9205  -5.9205  -5.8139  -5.8138
    -5.4872  -5.4869  -5.3316  -5.2089  -5.2089  -3.3534  -3.3533  -1.1743
    -1.1743  -0.4745  -0.4745  -0.4745  -0.4745  -0.2639   1.0422   1.0422
     1.0449   1.0449   1.1481   1.5162   1.5162   2.0861   2.1167   2.4852
     2.4853   2.6205   2.6234   2.8330   2.8330   2.8941   2.9965   3.0354
     3.0354   3.0354   3.0354   3.2372   3.2372   3.2372   3.2372   3.2590

          k = 0.0000 0.0000 0.1323     band energies (ev):

   -10.7860 -10.3820  -9.5962  -8.4858  -8.4856  -8.4856  -8.3073  -8.3073
    -7.9613  -7.9613  -7.4706  -7.4706  -7.2020  -6.8732  -6.8732  -6.7885
    -6.7884  -6.7408  -6.7407  -6.6515  -6.6513  -6.5325  -6.5324  -6.4320
    -6.4008  -6.4007  -6.3157  -6.2762  -6.2760  -6.2302  -6.2302  -6.1789
    -6.1787  -6.1435  -6.1255  -6.1253  -6.0841  -5.7283  -5.6409  -5.6409
    -5.5904  -5.3593  -5.2622  -5.2622  -5.1734  -4.1292  -2.4681  -1.1235
    -1.1235  -0.7563  -0.7563  -0.6926  -0.1469  -0.1469   0.6155   0.6155
     1.1712   1.3552   1.5012   1.5012   1.7233   2.1397   2.2760   2.3240
     2.5004   2.5004   2.5318   2.6926   2.8586   2.8586   2.9169   3.0145
     3.0189   3.0615   3.0615   3.0994   3.1977   3.2454   3.4609   3.4611

          k = 0.0000 0.0000-0.2646     band energies (ev):

   -10.6337 -10.6337  -9.0757  -9.0756  -8.4183  -8.4183  -8.4183  -8.4183
    -7.7321  -7.7321  -7.7321  -7.7321  -6.7704  -6.7703  -6.7703  -6.7703
    -6.6111  -6.6111  -6.5947  -6.5947  -6.5946  -6.5946  -6.5523  -6.5523
    -6.5523  -6.5523  -6.3883  -6.3882  -6.3364  -6.3363  -6.3362  -6.3362
    -6.1460  -6.1459  -6.1458  -6.1457  -5.9235  -5.9235  -5.4437  -5.4437
    -5.4133  -5.4133  -5.4132  -5.4132  -4.7377  -4.7377  -1.5437  -1.5436
    -0.9786  -0.9786  -0.9786  -0.9786   0.2180   0.2180   0.2180   0.2180
     1.2402   1.2402   1.9766   1.9766   1.9875   1.9875   1.9875   1.9875
     2.2088   2.2088   2.9350   2.9350   2.9350   2.9350   2.9460   2.9460
     2.9853   2.9854   3.0859   3.0859   3.4384   3.4384   3.4542   3.4542

          k = 0.0000 0.0000-0.1323     band energies (ev):

   -10.7860 -10.3820  -9.5962  -8.4858  -8.4856  -8.4856  -8.3073  -8.3073
    -7.9613  -7.9613  -7.4706  -7.4706  -7.2020  -6.8732  -6.8732  -6.7885
    -6.7884  -6.7408  -6.7407  -6.6515  -6.6513  -6.5325  -6.5324  -6.4320
    -6.4008  -6.4007  -6.3157  -6.2762  -6.2760  -6.2302  -6.2302  -6.1789
    -6.1787  -6.1435  -6.1255  -6.1253  -6.0841  -5.7283  -5.6409  -5.6409
    -5.5904  -5.3593  -5.2622  -5.2622  -5.1734  -4.1292  -2.4681  -1.1235
    -1.1235  -0.7563  -0.7563  -0.6926  -0.1469  -0.1469   0.6155   0.6155
     1.1712   1.3552   1.5012   1.5012   1.7233   2.1397   2.2760   2.3240
     2.5004   2.5004   2.5318   2.6926   2.8586   2.8586   2.9169   3.0145
     3.0189   3.0615   3.0615   3.0994   3.1977   3.2454   3.4609   3.4609

     the Fermi energy is    -5.1874 ev

     Writing output data file gold8.save
 
     init_run     :      1.52s CPU      1.60s WALL (       1 calls)
     electrons    :    397.87s CPU    400.99s WALL (       1 calls)

     Called by init_run:
     wfcinit      :      0.00s CPU      0.00s WALL (       1 calls)
     potinit      :      0.60s CPU      0.66s WALL (       1 calls)

     Called by electrons:
     c_bands      :    397.87s CPU    400.98s WALL (       1 calls)
     v_of_rho     :      0.46s CPU      0.50s WALL (       1 calls)

     Called by c_bands:
     init_us_2    :      0.04s CPU      0.05s WALL (       4 calls)
     cegterg      :    383.72s CPU    386.57s WALL (      18 calls)

     Called by *egterg:
     h_psi        :    268.12s CPU    269.20s WALL (     354 calls)
     g_psi        :      2.46s CPU      2.51s WALL (     332 calls)
     cdiaghg      :     14.21s CPU     14.28s WALL (     336 calls)

     Called by h_psi:
     add_vuspsi   :      9.00s CPU      9.06s WALL (     354 calls)

     General routines
     calbec       :      9.30s CPU      9.39s WALL (     354 calls)
     fft          :      0.29s CPU      0.33s WALL (      11 calls)
     fftw         :    213.43s CPU    213.93s WALL (   15124 calls)
     davcio       :      0.01s CPU      0.17s WALL (       8 calls)
 
     Parallel routines
     fft_scatter  :     77.39s CPU     77.83s WALL (   15135 calls)
 
     PWSCF        :  6m42.72s CPU     6m46.45s WALL

 
   This run was terminated on:  20:32:35  17Apr2014            

=------------------------------------------------------------------------------=
   JOB DONE.
=------------------------------------------------------------------------------=
