
     Program PROJWFC v.5.0.2 (svn rev. 9392) starts on 17Apr2014 at 20:21:29 

     This program is part of the open-source Quantum ESPRESSO suite
     for quantum simulation of materials; please cite
         "P. Giannozzi et al., J. Phys.:Condens. Matter 21 395502 (2009);
          URL http://www.quantum-espresso.org", 
     in publications or presentations arising from this work. More details at
     http://www.quantum-espresso.org/quote.php

     Parallel version (MPI), running on     6 processors
     R & G space division:  proc/nbgrp/npool/nimage =       6

   Info: using nr1, nr2, nr3 values from input

   Info: using nr1s, nr2s, nr3s values from input

     IMPORTANT: XC functional enforced from input :
     Exchange-correlation      =  SLA  PW   GGX  GGC ( 1 4 2 2 0)
     EXX-fraction              =        0.00
     Any further DFT definition will be discarded
     Please, verify this is what you really want

 
     Parallelization info
     --------------------
     sticks:   dense  smooth     PW     G-vecs:    dense   smooth      PW
     Min        1060    1060    277                60174    60174    8054
     Max        1062    1062    279                60175    60175    8055
     Sum        6369    6369   1669               361045   361045   48327
 

     Check: negative/imaginary core charge=   -0.000021    0.000000

     Gaussian broadening (read from file): ngauss,degauss=   0    0.010000


     Calling projwave .... 

     Atomic states used for projection
     (read from pseudopotential files):

     state #   1: atom   1 (Au ), wfc  1 (l=0 m= 1)
     state #   2: atom   1 (Au ), wfc  2 (l=1 m= 1)
     state #   3: atom   1 (Au ), wfc  2 (l=1 m= 2)
     state #   4: atom   1 (Au ), wfc  2 (l=1 m= 3)
     state #   5: atom   1 (Au ), wfc  3 (l=2 m= 1)
     state #   6: atom   1 (Au ), wfc  3 (l=2 m= 2)
     state #   7: atom   1 (Au ), wfc  3 (l=2 m= 3)
     state #   8: atom   1 (Au ), wfc  3 (l=2 m= 4)
     state #   9: atom   1 (Au ), wfc  3 (l=2 m= 5)
     state #  10: atom   2 (Au ), wfc  1 (l=0 m= 1)
     state #  11: atom   2 (Au ), wfc  2 (l=1 m= 1)
     state #  12: atom   2 (Au ), wfc  2 (l=1 m= 2)
     state #  13: atom   2 (Au ), wfc  2 (l=1 m= 3)
     state #  14: atom   2 (Au ), wfc  3 (l=2 m= 1)
     state #  15: atom   2 (Au ), wfc  3 (l=2 m= 2)
     state #  16: atom   2 (Au ), wfc  3 (l=2 m= 3)
     state #  17: atom   2 (Au ), wfc  3 (l=2 m= 4)
     state #  18: atom   2 (Au ), wfc  3 (l=2 m= 5)
     state #  19: atom   3 (Au ), wfc  1 (l=0 m= 1)
     state #  20: atom   3 (Au ), wfc  2 (l=1 m= 1)
     state #  21: atom   3 (Au ), wfc  2 (l=1 m= 2)
     state #  22: atom   3 (Au ), wfc  2 (l=1 m= 3)
     state #  23: atom   3 (Au ), wfc  3 (l=2 m= 1)
     state #  24: atom   3 (Au ), wfc  3 (l=2 m= 2)
     state #  25: atom   3 (Au ), wfc  3 (l=2 m= 3)
     state #  26: atom   3 (Au ), wfc  3 (l=2 m= 4)
     state #  27: atom   3 (Au ), wfc  3 (l=2 m= 5)
     state #  28: atom   4 (Au ), wfc  1 (l=0 m= 1)
     state #  29: atom   4 (Au ), wfc  2 (l=1 m= 1)
     state #  30: atom   4 (Au ), wfc  2 (l=1 m= 2)
     state #  31: atom   4 (Au ), wfc  2 (l=1 m= 3)
     state #  32: atom   4 (Au ), wfc  3 (l=2 m= 1)
     state #  33: atom   4 (Au ), wfc  3 (l=2 m= 2)
     state #  34: atom   4 (Au ), wfc  3 (l=2 m= 3)
     state #  35: atom   4 (Au ), wfc  3 (l=2 m= 4)
     state #  36: atom   4 (Au ), wfc  3 (l=2 m= 5)

 k =   0.0000000000  0.0000000000  0.0000000000
==== e(   1) =   -10.85615 eV ==== 
     psi = 0.190*[#   5]+0.190*[#  14]+0.190*[#  23]+0.190*[#  32]+0.059*[#   1]+
          +0.059*[#  10]+0.059*[#  19]+0.059*[#  28]+
    |psi|^2 = 0.996
==== e(   2) =    -8.52377 eV ==== 
     psi = 0.172*[#  16]+0.172*[#  25]+0.172*[#   7]+0.172*[#  34]+0.078*[#   6]+
          +0.078*[#  15]+0.078*[#  24]+0.078*[#  33]+
    |psi|^2 = 0.999
==== e(   3) =    -8.52377 eV ==== 
     psi = 0.172*[#  15]+0.172*[#  24]+0.172*[#   6]+0.172*[#  33]+0.078*[#   7]+
          +0.078*[#  16]+0.078*[#  25]+0.078*[#  34]+
    |psi|^2 = 0.999
==== e(   4) =    -7.86759 eV ==== 
     psi = 0.419*[#   5]+0.419*[#  23]+0.036*[#   1]+0.036*[#  19]+0.031*[#  11]+
          +0.031*[#  29]+0.011*[#  14]+0.011*[#  32]+
    |psi|^2 = 0.997
==== e(   5) =    -7.86716 eV ==== 
     psi = 0.419*[#  14]+0.419*[#  32]+0.036*[#  10]+0.036*[#  28]+0.031*[#   2]+
          +0.031*[#  20]+0.011*[#   5]+0.011*[#  23]+
    |psi|^2 = 0.997
==== e(   6) =    -7.19792 eV ==== 
     psi = 0.400*[#  15]+0.400*[#  33]+0.046*[#   6]+0.046*[#  24]+0.039*[#  16]+
          +0.039*[#  34]+0.008*[#   3]+0.008*[#  21]+0.004*[#   7]+0.004*[#  25]+
    |psi|^2 = 0.998
==== e(   7) =    -7.19792 eV ==== 
     psi = 0.400*[#  16]+0.400*[#  34]+0.046*[#   7]+0.046*[#  25]+0.039*[#  15]+
          +0.039*[#  33]+0.008*[#   4]+0.008*[#  22]+0.004*[#   6]+0.004*[#  24]+
    |psi|^2 = 0.998
==== e(   8) =    -7.19782 eV ==== 
     psi = 0.292*[#   7]+0.292*[#  25]+0.146*[#   6]+0.146*[#  24]+0.034*[#  16]+
          +0.034*[#  34]+0.017*[#  15]+0.017*[#  33]+0.006*[#  13]+0.006*[#  31]+
          +0.003*[#  12]+0.003*[#  30]+
    |psi|^2 = 0.998
==== e(   9) =    -7.19782 eV ==== 
     psi = 0.292*[#   6]+0.292*[#  24]+0.146*[#   7]+0.146*[#  25]+0.034*[#  15]+
          +0.034*[#  33]+0.017*[#  16]+0.017*[#  34]+0.006*[#  12]+0.006*[#  30]+
          +0.003*[#  13]+0.003*[#  31]+
    |psi|^2 = 0.998
==== e(  10) =    -6.80477 eV ==== 
     psi = 0.250*[#  26]+0.250*[#  17]+0.250*[#  35]+0.250*[#   8]+
    |psi|^2 = 1.000
==== e(  11) =    -6.80470 eV ==== 
     psi = 0.250*[#  18]+0.250*[#  27]+0.250*[#  36]+0.250*[#   9]+
    |psi|^2 = 1.000
==== e(  12) =    -6.47744 eV ==== 
     psi = 0.499*[#   8]+0.499*[#  26]+0.001*[#  17]+0.001*[#  35]+
    |psi|^2 = 1.000
==== e(  13) =    -6.47735 eV ==== 
     psi = 0.499*[#  35]+0.499*[#  17]+0.001*[#   8]+0.001*[#  26]+
    |psi|^2 = 1.000
==== e(  14) =    -6.47729 eV ==== 
     psi = 0.499*[#  18]+0.499*[#  36]+
    |psi|^2 = 1.000
==== e(  15) =    -6.47718 eV ==== 
     psi = 0.499*[#   9]+0.499*[#  27]+
    |psi|^2 = 1.000
==== e(  16) =    -6.45325 eV ==== 
     psi = 0.190*[#  10]+0.190*[#  19]+0.190*[#   1]+0.190*[#  28]+0.059*[#   5]+
          +0.059*[#  14]+0.059*[#  23]+0.059*[#  32]+
    |psi|^2 = 0.996
==== e(  17) =    -6.12912 eV ==== 
     psi = 0.250*[#   8]+0.250*[#  35]+0.250*[#  17]+0.250*[#  26]+
    |psi|^2 = 1.000
==== e(  18) =    -6.12892 eV ==== 
     psi = 0.250*[#   9]+0.250*[#  36]+0.250*[#  18]+0.250*[#  27]+
    |psi|^2 = 1.000
==== e(  19) =    -5.49373 eV ==== 
     psi = 0.251*[#  10]+0.251*[#  28]+0.174*[#   2]+0.174*[#  20]+0.068*[#  14]+
          +0.068*[#  32]+0.002*[#   1]+0.002*[#  19]+0.001*[#  11]+0.001*[#  29]+
    |psi|^2 = 0.995
==== e(  20) =    -5.49345 eV ==== 
     psi = 0.251*[#  19]+0.251*[#   1]+0.174*[#  11]+0.174*[#  29]+0.068*[#  23]+
          +0.068*[#   5]+0.002*[#  10]+0.002*[#  28]+0.001*[#   2]+0.001*[#  20]+
    |psi|^2 = 0.995
==== e(  21) =    -5.34372 eV ==== 
     psi = 0.218*[#   5]+0.218*[#  32]+0.218*[#  14]+0.218*[#  23]+0.032*[#   1]+
          +0.032*[#  28]+0.032*[#  10]+0.032*[#  19]+
    |psi|^2 = 1.000
==== e(  22) =    -5.22595 eV ==== 
     psi = 0.238*[#   6]+0.238*[#  15]+0.238*[#  24]+0.238*[#  33]+0.012*[#   7]+
          +0.012*[#  16]+0.012*[#  25]+0.012*[#  34]+
    |psi|^2 = 1.000
==== e(  23) =    -5.22595 eV ==== 
     psi = 0.238*[#   7]+0.238*[#  16]+0.238*[#  25]+0.238*[#  34]+0.012*[#   6]+
          +0.012*[#  15]+0.012*[#  24]+0.012*[#  33]+
    |psi|^2 = 1.000
==== e(  24) =    -1.17753 eV ==== 
     psi = 0.143*[#  13]+0.143*[#  31]+0.143*[#   4]+0.143*[#  22]+0.088*[#   3]+
          +0.088*[#  12]+0.088*[#  21]+0.088*[#  30]+
    |psi|^2 = 0.926
==== e(  25) =    -1.17753 eV ==== 
     psi = 0.143*[#  12]+0.143*[#  30]+0.143*[#   3]+0.143*[#  21]+0.088*[#   4]+
          +0.088*[#  13]+0.088*[#  22]+0.088*[#  31]+
    |psi|^2 = 0.926
==== e(  26) =    -0.27425 eV ==== 
     psi = 0.242*[#   2]+0.242*[#  11]+0.242*[#  20]+0.242*[#  29]+
    |psi|^2 = 0.968
==== e(  27) =     1.03909 eV ==== 
     psi = 0.280*[#  13]+0.280*[#  31]+0.192*[#  12]+0.192*[#  30]+0.006*[#   7]+
          +0.006*[#  25]+0.004*[#   6]+0.004*[#  24]+
    |psi|^2 = 0.965
==== e(  28) =     1.03909 eV ==== 
     psi = 0.280*[#  12]+0.280*[#  30]+0.192*[#  13]+0.192*[#  31]+0.006*[#   6]+
          +0.006*[#  24]+0.004*[#   7]+0.004*[#  25]+
    |psi|^2 = 0.965
==== e(  29) =     1.04179 eV ==== 
     psi = 0.428*[#   3]+0.428*[#  21]+0.045*[#   4]+0.045*[#  22]+0.009*[#  15]+
          +0.009*[#  33]+
    |psi|^2 = 0.965
==== e(  30) =     1.04179 eV ==== 
     psi = 0.428*[#   4]+0.428*[#  22]+0.045*[#   3]+0.045*[#  21]+0.009*[#  16]+
          +0.009*[#  34]+
    |psi|^2 = 0.965
==== e(  31) =     1.14827 eV ==== 
     psi = 
    |psi|^2 = 0.002
==== e(  32) =     2.07316 eV ==== 
     psi = 0.209*[#   1]+0.209*[#  10]+0.209*[#  19]+0.209*[#  28]+0.030*[#   5]+
          +0.030*[#  14]+0.030*[#  23]+0.030*[#  32]+
    |psi|^2 = 0.959
==== e(  33) =     2.11683 eV ==== 
     psi = 
    |psi|^2 = 0.000
==== e(  34) =     2.62055 eV ==== 
     psi = 0.089*[#  11]+0.089*[#  29]+0.051*[#   1]+0.051*[#  19]+
    |psi|^2 = 0.280
==== e(  35) =     2.62343 eV ==== 
     psi = 0.089*[#   2]+0.089*[#  20]+0.051*[#  10]+0.051*[#  28]+
    |psi|^2 = 0.280
==== e(  36) =     2.83315 eV ==== 
     psi = 0.002*[#   4]+0.002*[#  13]+0.002*[#  22]+0.002*[#  31]+0.002*[#   3]+
          +0.002*[#  12]+0.002*[#  21]+0.002*[#  30]+
    |psi|^2 = 0.017
==== e(  37) =     2.83315 eV ==== 
     psi = 0.002*[#   3]+0.002*[#  12]+0.002*[#  21]+0.002*[#  30]+0.002*[#   4]+
          +0.002*[#  13]+0.002*[#  22]+0.002*[#  31]+
    |psi|^2 = 0.017
==== e(  38) =     2.89414 eV ==== 
     psi = 
    |psi|^2 = 0.002
==== e(  39) =     2.99621 eV ==== 
     psi = 
    |psi|^2 = 0.000
==== e(  40) =     3.58763 eV ==== 
     psi = 
    |psi|^2 = 0.000

 k =   0.0000000000  0.0000000000  0.2645883429
==== e(   1) =   -10.65283 eV ==== 
     psi = 0.190*[#   5]+0.190*[#  14]+0.190*[#  23]+0.190*[#  32]+0.056*[#   1]+
          +0.056*[#  10]+0.056*[#  19]+0.056*[#  28]+0.003*[#   2]+0.003*[#  11]+
          +0.003*[#  20]+0.003*[#  29]+
    |psi|^2 = 0.998
==== e(   2) =    -9.09483 eV ==== 
     psi = 0.198*[#   5]+0.198*[#  14]+0.198*[#  23]+0.198*[#  32]+0.036*[#   1]+
          +0.036*[#  10]+0.036*[#  19]+0.036*[#  28]+0.016*[#   2]+0.016*[#  11]+
          +0.016*[#  20]+0.016*[#  29]+
    |psi|^2 = 0.999
==== e(   3) =    -8.43400 eV ==== 
     psi = 0.247*[#  16]+0.247*[#  25]+0.246*[#   7]+0.246*[#  34]+0.003*[#   6]+
          +0.003*[#  15]+0.003*[#  24]+0.003*[#  33]+
    |psi|^2 = 0.999
==== e(   4) =    -8.43400 eV ==== 
     psi = 0.247*[#  15]+0.247*[#  24]+0.246*[#   6]+0.246*[#  33]+0.003*[#   7]+
          +0.003*[#  16]+0.003*[#  25]+0.003*[#  34]+
    |psi|^2 = 0.999
==== e(   5) =    -7.74784 eV ==== 
     psi = 0.207*[#   6]+0.207*[#  15]+0.207*[#  33]+0.207*[#  24]+0.040*[#   7]+
          +0.040*[#  16]+0.040*[#  25]+0.040*[#  34]+0.002*[#   3]+0.002*[#  12]+
          +0.002*[#  21]+0.002*[#  30]+
    |psi|^2 = 0.999
==== e(   6) =    -7.74784 eV ==== 
     psi = 0.207*[#   7]+0.207*[#  16]+0.207*[#  34]+0.207*[#  25]+0.040*[#   6]+
          +0.040*[#  15]+0.040*[#  24]+0.040*[#  33]+0.002*[#   4]+0.002*[#  13]+
          +0.002*[#  22]+0.002*[#  31]+
    |psi|^2 = 0.999
==== e(   7) =    -6.78053 eV ==== 
     psi = 0.250*[#  26]+0.250*[#  17]+0.250*[#  35]+0.250*[#   8]+
    |psi|^2 = 1.000
==== e(   8) =    -6.78044 eV ==== 
     psi = 0.250*[#  27]+0.250*[#  18]+0.250*[#  36]+0.249*[#   9]+
    |psi|^2 = 1.000
==== e(   9) =    -6.62876 eV ==== 
     psi = 0.244*[#  14]+0.244*[#  23]+0.244*[#   5]+0.244*[#  32]+0.005*[#   2]+
          +0.005*[#  11]+0.005*[#  20]+0.005*[#  29]+
    |psi|^2 = 0.996
==== e(  10) =    -6.60498 eV ==== 
     psi = 0.250*[#   8]+0.250*[#  35]+0.250*[#  17]+0.250*[#  26]+
    |psi|^2 = 1.000
==== e(  11) =    -6.60485 eV ==== 
     psi = 0.250*[#  36]+0.250*[#   9]+0.250*[#  18]+0.250*[#  27]+
    |psi|^2 = 1.000
==== e(  12) =    -6.56831 eV ==== 
     psi = 0.169*[#   7]+0.169*[#  16]+0.169*[#  25]+0.169*[#  34]+0.074*[#   6]+
          +0.074*[#  15]+0.074*[#  24]+0.074*[#  33]+0.005*[#   4]+0.005*[#  13]+
          +0.005*[#  22]+0.005*[#  31]+0.002*[#   3]+0.002*[#  12]+0.002*[#  21]+
          +0.002*[#  30]+
    |psi|^2 = 0.998
==== e(  13) =    -6.56831 eV ==== 
     psi = 0.169*[#   6]+0.169*[#  15]+0.169*[#  24]+0.169*[#  33]+0.074*[#   7]+
          +0.074*[#  16]+0.074*[#  25]+0.074*[#  34]+0.005*[#   3]+0.005*[#  12]+
          +0.005*[#  21]+0.005*[#  30]+0.002*[#   4]+0.002*[#  13]+0.002*[#  22]+
          +0.002*[#  31]+
    |psi|^2 = 0.998
==== e(  14) =    -6.39492 eV ==== 
     psi = 0.174*[#  10]+0.174*[#  19]+0.173*[#   1]+0.173*[#  28]+0.059*[#   5]+
          +0.059*[#  14]+0.059*[#  23]+0.059*[#  32]+0.017*[#   2]+0.017*[#  11]+
          +0.017*[#  20]+0.017*[#  29]+
    |psi|^2 = 0.998
==== e(  15) =    -6.34675 eV ==== 
     psi = 0.250*[#  17]+0.250*[#  26]+0.250*[#  35]+0.250*[#   8]+
    |psi|^2 = 1.000
==== e(  16) =    -6.34656 eV ==== 
     psi = 0.250*[#  27]+0.250*[#   9]+0.250*[#  18]+0.250*[#  36]+
    |psi|^2 = 1.000
==== e(  17) =    -6.15644 eV ==== 
     psi = 0.250*[#   8]+0.250*[#  35]+0.250*[#  17]+0.250*[#  26]+
    |psi|^2 = 1.000
==== e(  18) =    -6.15624 eV ==== 
     psi = 0.250*[#   9]+0.250*[#  36]+0.250*[#  18]+0.250*[#  27]+
    |psi|^2 = 1.000
==== e(  19) =    -5.93007 eV ==== 
     psi = 0.128*[#   1]+0.128*[#  10]+0.128*[#  28]+0.128*[#  19]+0.069*[#   2]+
          +0.069*[#  11]+0.069*[#  20]+0.069*[#  29]+0.052*[#   5]+0.052*[#  14]+
          +0.052*[#  23]+0.052*[#  32]+
    |psi|^2 = 0.998
==== e(  20) =    -5.45627 eV ==== 
     psi = 0.222*[#   5]+0.222*[#  14]+0.222*[#  32]+0.222*[#  23]+0.027*[#   1]+
          +0.027*[#  10]+0.027*[#  19]+0.027*[#  28]+
    |psi|^2 = 1.000
==== e(  21) =    -5.42998 eV ==== 
     psi = 0.134*[#   7]+0.134*[#  16]+0.134*[#  25]+0.134*[#  34]+0.113*[#   6]+
          +0.113*[#  15]+0.113*[#  24]+0.113*[#  33]+0.001*[#   4]+0.001*[#  13]+
          +0.001*[#  22]+0.001*[#  31]+0.001*[#   3]+0.001*[#  12]+0.001*[#  21]+
          +0.001*[#  30]+
    |psi|^2 = 0.999
==== e(  22) =    -5.42998 eV ==== 
     psi = 0.134*[#   6]+0.134*[#  15]+0.134*[#  24]+0.134*[#  33]+0.113*[#   7]+
          +0.113*[#  16]+0.113*[#  25]+0.113*[#  34]+0.001*[#   3]+0.001*[#  12]+
          +0.001*[#  21]+0.001*[#  30]+0.001*[#   4]+0.001*[#  13]+0.001*[#  22]+
          +0.001*[#  31]+
    |psi|^2 = 0.999
==== e(  23) =    -4.74536 eV ==== 
     psi = 0.129*[#   1]+0.128*[#  10]+0.129*[#  19]+0.128*[#  28]+0.114*[#   2]+
          +0.114*[#  11]+0.114*[#  20]+0.114*[#  29]+0.004*[#   5]+0.004*[#  14]+
          +0.004*[#  23]+0.004*[#  32]+
    |psi|^2 = 0.987
==== e(  24) =    -1.55498 eV ==== 
     psi = 0.175*[#   2]+0.175*[#  11]+0.175*[#  20]+0.175*[#  29]+0.058*[#   1]+
          +0.058*[#  10]+0.058*[#  19]+0.058*[#  28]+0.010*[#   5]+0.010*[#  14]+
          +0.010*[#  23]+0.010*[#  32]+
    |psi|^2 = 0.973
==== e(  25) =    -0.98199 eV ==== 
     psi = 0.131*[#  13]+0.131*[#  31]+0.131*[#   4]+0.131*[#  22]+0.099*[#  12]+
          +0.099*[#   3]+0.099*[#  21]+0.099*[#  30]+0.002*[#   7]+0.002*[#  16]+
          +0.002*[#  25]+0.002*[#  34]+0.001*[#   6]+0.001*[#  15]+0.001*[#  24]+
          +0.001*[#  33]+
    |psi|^2 = 0.932
==== e(  26) =    -0.98199 eV ==== 
     psi = 0.131*[#  12]+0.131*[#  30]+0.131*[#   3]+0.131*[#  21]+0.099*[#  13]+
          +0.099*[#  31]+0.099*[#   4]+0.099*[#  22]+0.002*[#   6]+0.002*[#  15]+
          +0.002*[#  24]+0.002*[#  33]+0.001*[#   7]+0.001*[#  16]+0.001*[#  25]+
          +0.001*[#  34]+
    |psi|^2 = 0.932
==== e(  27) =     0.21456 eV ==== 
     psi = 0.211*[#  12]+0.211*[#  30]+0.211*[#   3]+0.211*[#  21]+0.021*[#   4]+
          +0.021*[#  13]+0.021*[#  22]+0.021*[#  31]+0.006*[#   6]+0.006*[#  15]+
          +0.006*[#  24]+0.006*[#  33]+
    |psi|^2 = 0.958
==== e(  28) =     0.21456 eV ==== 
     psi = 0.211*[#  13]+0.211*[#  31]+0.211*[#   4]+0.211*[#  22]+0.021*[#   3]+
          +0.021*[#  12]+0.021*[#  21]+0.021*[#  30]+0.006*[#   7]+0.006*[#  16]+
          +0.006*[#  25]+0.006*[#  34]+
    |psi|^2 = 0.958
==== e(  29) =     1.24028 eV ==== 
     psi = 0.057*[#   2]+0.057*[#  11]+0.057*[#  20]+0.057*[#  29]+0.004*[#   1]+
          +0.004*[#  10]+0.004*[#  19]+0.004*[#  28]+
    |psi|^2 = 0.246
==== e(  30) =     1.97667 eV ==== 
     psi = 0.052*[#  11]+0.052*[#  29]+0.051*[#   2]+0.051*[#  20]+0.024*[#   1]+
          +0.024*[#  10]+0.024*[#  19]+0.024*[#  28]+
    |psi|^2 = 0.303
==== e(  31) =     1.98460 eV ==== 
     psi = 0.146*[#   3]+0.146*[#  21]+0.145*[#  12]+0.145*[#  30]+0.092*[#   4]+
          +0.092*[#  22]+0.091*[#  13]+0.091*[#  31]+0.002*[#   6]+0.002*[#  15]+
          +0.002*[#  24]+0.002*[#  33]+0.001*[#   7]+0.001*[#  16]+0.001*[#  25]+
          +0.001*[#  34]+
    |psi|^2 = 0.959
==== e(  32) =     1.98460 eV ==== 
     psi = 0.146*[#   4]+0.146*[#  22]+0.145*[#  13]+0.145*[#  31]+0.092*[#   3]+
          +0.092*[#  21]+0.091*[#  12]+0.091*[#  30]+0.002*[#   7]+0.002*[#  16]+
          +0.002*[#  25]+0.002*[#  34]+0.001*[#   6]+0.001*[#  15]+0.001*[#  24]+
          +0.001*[#  33]+
    |psi|^2 = 0.959
==== e(  33) =     2.20897 eV ==== 
     psi = 
    |psi|^2 = 0.000
==== e(  34) =     2.93513 eV ==== 
     psi = 0.002*[#   4]+0.002*[#  13]+0.002*[#  22]+0.002*[#  31]+0.002*[#   3]+
          +0.002*[#  12]+0.002*[#  21]+0.002*[#  30]+
    |psi|^2 = 0.015
==== e(  35) =     2.93513 eV ==== 
     psi = 0.002*[#   3]+0.002*[#  12]+0.002*[#  21]+0.002*[#  30]+0.002*[#   4]+
          +0.002*[#  13]+0.002*[#  22]+0.002*[#  31]+
    |psi|^2 = 0.015
==== e(  36) =     2.94611 eV ==== 
     psi = 
    |psi|^2 = 0.000
==== e(  37) =     2.98534 eV ==== 
     psi = 0.044*[#  11]+0.044*[#  29]+0.044*[#   2]+0.044*[#  20]+0.003*[#   1]+
          +0.003*[#  10]+0.003*[#  19]+0.003*[#  28]+
    |psi|^2 = 0.187
==== e(  38) =     3.08561 eV ==== 
     psi = 
    |psi|^2 = 0.000
==== e(  39) =     3.42713 eV ==== 
     psi = 0.149*[#   1]+0.149*[#  10]+0.149*[#  19]+0.149*[#  28]+0.052*[#   2]+
          +0.052*[#  11]+0.052*[#  20]+0.052*[#  29]+0.016*[#   5]+0.016*[#  14]+
          +0.016*[#  23]+0.016*[#  32]+
    |psi|^2 = 0.867
==== e(  40) =     3.45420 eV ==== 
     psi = 0.036*[#   2]+0.036*[#  20]+0.036*[#  11]+0.036*[#  29]+0.020*[#   1]+
          +0.020*[#  10]+0.020*[#  28]+0.020*[#  19]+
    |psi|^2 = 0.222

 k =   0.0000000000  0.0000000000 -0.5291766857
==== e(   1) =   -10.05363 eV ==== 
     psi = 0.339*[#  23]+0.315*[#  14]+0.084*[#  19]+0.078*[#  10]+0.068*[#  32]+
          +0.045*[#   5]+0.018*[#   2]+0.017*[#  28]+0.017*[#  29]+0.011*[#   1]+
          +0.004*[#  11]+0.002*[#  20]+
    |psi|^2 = 0.999
==== e(   2) =   -10.05332 eV ==== 
     psi = 0.339*[#   5]+0.315*[#  32]+0.084*[#   1]+0.078*[#  28]+0.068*[#  14]+
          +0.045*[#  23]+0.018*[#  20]+0.017*[#  10]+0.017*[#  11]+0.011*[#  19]+
          +0.004*[#  29]+0.002*[#   2]+
    |psi|^2 = 0.999
==== e(   3) =    -8.16998 eV ==== 
     psi = 0.422*[#  24]+0.350*[#  15]+0.107*[#  33]+0.038*[#  25]+0.035*[#   6]+
          +0.031*[#  16]+0.010*[#  34]+0.003*[#   7]+0.002*[#   3]+0.002*[#  30]+
    |psi|^2 = 0.999
==== e(   4) =    -8.16998 eV ==== 
     psi = 0.422*[#  25]+0.350*[#  16]+0.107*[#  34]+0.038*[#  24]+0.035*[#   7]+
          +0.031*[#  15]+0.010*[#  33]+0.003*[#   6]+0.002*[#   4]+0.002*[#  31]+
    |psi|^2 = 0.999
==== e(   5) =    -8.16971 eV ==== 
     psi = 0.310*[#   6]+0.257*[#  33]+0.149*[#   7]+0.124*[#  34]+0.079*[#  15]+
          +0.038*[#  16]+0.026*[#  24]+0.012*[#  25]+0.002*[#  21]+0.001*[#  12]+
    |psi|^2 = 0.999
==== e(   6) =    -8.16971 eV ==== 
     psi = 0.310*[#   7]+0.257*[#  34]+0.149*[#   6]+0.124*[#  33]+0.079*[#  16]+
          +0.038*[#  15]+0.026*[#  25]+0.012*[#  24]+0.002*[#  22]+0.001*[#  13]+
    |psi|^2 = 0.999
==== e(   7) =    -6.71100 eV ==== 
     psi = 0.475*[#  26]+0.359*[#  17]+0.140*[#  35]+0.025*[#   8]+
    |psi|^2 = 1.000
==== e(   8) =    -6.71090 eV ==== 
     psi = 0.475*[#  27]+0.360*[#  18]+0.140*[#  36]+0.025*[#   9]+
    |psi|^2 = 1.000
==== e(   9) =    -6.71076 eV ==== 
     psi = 0.474*[#   8]+0.359*[#  35]+0.141*[#  17]+0.025*[#  26]+
    |psi|^2 = 1.000
==== e(  10) =    -6.71066 eV ==== 
     psi = 0.474*[#   9]+0.360*[#  36]+0.141*[#  18]+0.025*[#  27]+
    |psi|^2 = 1.000
==== e(  11) =    -6.23358 eV ==== 
     psi = 0.478*[#  26]+0.352*[#  17]+0.148*[#  35]+0.022*[#   8]+
    |psi|^2 = 1.000
==== e(  12) =    -6.23339 eV ==== 
     psi = 0.478*[#  27]+0.352*[#  18]+0.148*[#  36]+0.022*[#   9]+
    |psi|^2 = 1.000
==== e(  13) =    -6.23335 eV ==== 
     psi = 0.478*[#   8]+0.352*[#  35]+0.148*[#  17]+0.022*[#  26]+
    |psi|^2 = 1.000
==== e(  14) =    -6.23315 eV ==== 
     psi = 0.479*[#   9]+0.352*[#  36]+0.148*[#  18]+0.022*[#  27]+
    |psi|^2 = 1.000
==== e(  15) =    -6.22102 eV ==== 
     psi = 0.267*[#  19]+0.223*[#  10]+0.106*[#  23]+0.088*[#  14]+0.087*[#   2]+
          +0.073*[#  29]+0.067*[#  28]+0.026*[#  32]+0.023*[#   1]+0.022*[#  11]+
          +0.009*[#   5]+0.007*[#  20]+
    |psi|^2 = 0.999
==== e(  16) =    -6.22084 eV ==== 
     psi = 0.267*[#   1]+0.223*[#  28]+0.106*[#   5]+0.089*[#  32]+0.087*[#  20]+
          +0.073*[#  11]+0.067*[#  10]+0.026*[#  14]+0.023*[#  19]+0.022*[#  29]+
          +0.009*[#  23]+0.007*[#   2]+
    |psi|^2 = 0.999
==== e(  17) =    -5.93689 eV ==== 
     psi = 0.413*[#  25]+0.285*[#  16]+0.141*[#  34]+0.058*[#  24]+0.040*[#  15]+
          +0.020*[#  33]+0.013*[#   7]+0.010*[#   4]+0.007*[#  31]+0.004*[#  13]+
          +0.002*[#   6]+0.001*[#   3]+0.001*[#  30]+
    |psi|^2 = 0.997
==== e(  18) =    -5.93689 eV ==== 
     psi = 0.413*[#  24]+0.285*[#  15]+0.141*[#  33]+0.058*[#  25]+0.040*[#  16]+
          +0.020*[#  34]+0.013*[#   6]+0.010*[#   3]+0.007*[#  30]+0.004*[#  12]+
          +0.002*[#   7]+0.001*[#   4]+0.001*[#  31]+
    |psi|^2 = 0.997
==== e(  19) =    -5.93669 eV ==== 
     psi = 0.406*[#   6]+0.280*[#  33]+0.138*[#  15]+0.066*[#   7]+0.046*[#  34]+
          +0.023*[#  16]+0.012*[#  24]+0.010*[#  21]+0.007*[#  12]+0.004*[#  30]+
          +0.002*[#  25]+0.002*[#  22]+0.001*[#  13]+
    |psi|^2 = 0.997
==== e(  20) =    -5.93669 eV ==== 
     psi = 0.406*[#   7]+0.280*[#  34]+0.138*[#  16]+0.066*[#   6]+0.046*[#  33]+
          +0.023*[#  15]+0.012*[#  25]+0.010*[#  22]+0.007*[#  13]+0.004*[#  31]+
          +0.002*[#  24]+0.002*[#  21]+0.001*[#  12]+
    |psi|^2 = 0.997
==== e(  21) =    -5.82827 eV ==== 
     psi = 0.459*[#  23]+0.322*[#  14]+0.153*[#  32]+0.024*[#  19]+0.017*[#  10]+
          +0.016*[#   5]+0.008*[#  28]+
    |psi|^2 = 0.999
==== e(  22) =    -5.82807 eV ==== 
     psi = 0.459*[#   5]+0.322*[#  32]+0.152*[#  14]+0.024*[#   1]+0.017*[#  28]+
          +0.016*[#  23]+0.008*[#  10]+
    |psi|^2 = 0.999
==== e(  23) =    -3.36391 eV ==== 
     psi = 0.272*[#  11]+0.193*[#  28]+0.182*[#  20]+0.129*[#   1]+0.097*[#   2]+
          +0.069*[#  19]+0.010*[#  32]+0.007*[#   5]+0.007*[#  29]+0.005*[#  10]+
          +0.004*[#  23]+
    |psi|^2 = 0.974
==== e(  24) =    -3.36381 eV ==== 
     psi = 0.272*[#  29]+0.193*[#  10]+0.182*[#   2]+0.129*[#  19]+0.097*[#  20]+
          +0.069*[#   1]+0.010*[#  14]+0.007*[#  23]+0.007*[#  11]+0.005*[#  28]+
          +0.004*[#   5]+
    |psi|^2 = 0.974
==== e(  25) =    -0.47804 eV ==== 
     psi = 0.232*[#  22]+0.218*[#  13]+0.172*[#  21]+0.161*[#  12]+0.046*[#  31]+
          +0.034*[#  30]+0.032*[#   4]+0.023*[#   3]+0.007*[#   7]+0.006*[#  34]+
          +0.005*[#   6]+0.005*[#  33]+0.001*[#  16]+
    |psi|^2 = 0.945
==== e(  26) =    -0.47804 eV ==== 
     psi = 0.232*[#  21]+0.218*[#  12]+0.172*[#  22]+0.161*[#  13]+0.046*[#  30]+
          +0.034*[#  31]+0.032*[#   3]+0.023*[#   4]+0.007*[#   6]+0.006*[#  33]+
          +0.005*[#   7]+0.005*[#  34]+0.001*[#  15]+
    |psi|^2 = 0.945
==== e(  27) =    -0.47796 eV ==== 
     psi = 0.249*[#   3]+0.234*[#  30]+0.155*[#   4]+0.145*[#  31]+0.050*[#  12]+
          +0.034*[#  21]+0.031*[#  13]+0.021*[#  22]+0.007*[#  24]+0.007*[#  15]+
          +0.005*[#  25]+0.004*[#  16]+0.001*[#  33]+
    |psi|^2 = 0.945
==== e(  28) =    -0.47796 eV ==== 
     psi = 0.249*[#   4]+0.234*[#  31]+0.155*[#   3]+0.145*[#  30]+0.050*[#  13]+
          +0.034*[#  22]+0.031*[#  12]+0.021*[#  21]+0.007*[#  25]+0.007*[#  16]+
          +0.005*[#  24]+0.004*[#  15]+0.001*[#  34]+
    |psi|^2 = 0.945
==== e(  29) =     1.51634 eV ==== 
     psi = 0.117*[#  20]+0.067*[#  11]+0.050*[#  29]+0.033*[#   1]+0.019*[#  28]+
          +0.014*[#  10]+
    |psi|^2 = 0.300
==== e(  30) =     1.51635 eV ==== 
     psi = 0.117*[#   2]+0.067*[#  29]+0.050*[#  11]+0.033*[#  19]+0.019*[#  10]+
          +0.014*[#  28]+
    |psi|^2 = 0.300
==== e(  31) =     2.48539 eV ==== 
     psi = 
    |psi|^2 = 0.000
==== e(  32) =     2.48541 eV ==== 
     psi = 
    |psi|^2 = 0.000
==== e(  33) =     3.03278 eV ==== 
     psi = 0.383*[#  22]+0.302*[#  13]+0.106*[#  31]+0.047*[#  21]+0.037*[#  12]+
          +0.025*[#   4]+0.013*[#  30]+0.003*[#   3]+0.002*[#   7]+0.001*[#  34]+
    |psi|^2 = 0.919
==== e(  34) =     3.03278 eV ==== 
     psi = 0.383*[#  21]+0.302*[#  12]+0.106*[#  30]+0.047*[#  22]+0.037*[#  13]+
          +0.025*[#   3]+0.013*[#  31]+0.003*[#   4]+0.002*[#   6]+0.001*[#  33]+
    |psi|^2 = 0.919
==== e(  35) =     3.03282 eV ==== 
     psi = 0.253*[#   3]+0.199*[#  30]+0.177*[#   4]+0.139*[#  31]+0.070*[#  12]+
          +0.049*[#  13]+0.017*[#  21]+0.012*[#  22]+0.001*[#  24]+
    |psi|^2 = 0.919
==== e(  36) =     3.03282 eV ==== 
     psi = 0.253*[#   4]+0.199*[#  31]+0.177*[#   3]+0.139*[#  30]+0.070*[#  13]+
          +0.049*[#  12]+0.017*[#  22]+0.012*[#  21]+0.001*[#  25]+
    |psi|^2 = 0.919
==== e(  37) =     3.23737 eV ==== 
     psi = 0.004*[#   4]+0.003*[#  31]+0.001*[#   3]+0.001*[#  13]+
    |psi|^2 = 0.011
==== e(  38) =     3.23737 eV ==== 
     psi = 0.004*[#   3]+0.003*[#  30]+0.001*[#   4]+0.001*[#  12]+
    |psi|^2 = 0.011
==== e(  39) =     3.23738 eV ==== 
     psi = 0.003*[#  22]+0.003*[#  21]+0.002*[#  13]+0.002*[#  12]+
    |psi|^2 = 0.011
==== e(  40) =     3.23738 eV ==== 
     psi = 0.003*[#  21]+0.003*[#  22]+0.002*[#  12]+0.002*[#  13]+
    |psi|^2 = 0.011

 k =   0.0000000000  0.0000000000 -0.2645883429
==== e(   1) =   -10.65283 eV ==== 
     psi = 0.190*[#   5]+0.190*[#  14]+0.190*[#  23]+0.190*[#  32]+0.056*[#   1]+
          +0.056*[#  10]+0.056*[#  19]+0.056*[#  28]+0.003*[#   2]+0.003*[#  11]+
          +0.003*[#  20]+0.003*[#  29]+
    |psi|^2 = 0.998
==== e(   2) =    -9.09483 eV ==== 
     psi = 0.198*[#   5]+0.198*[#  14]+0.198*[#  23]+0.198*[#  32]+0.036*[#   1]+
          +0.036*[#  10]+0.036*[#  19]+0.036*[#  28]+0.016*[#   2]+0.016*[#  11]+
          +0.016*[#  20]+0.016*[#  29]+
    |psi|^2 = 0.999
==== e(   3) =    -8.43400 eV ==== 
     psi = 0.228*[#  16]+0.228*[#  25]+0.228*[#   7]+0.228*[#  34]+0.021*[#   6]+
          +0.021*[#  15]+0.021*[#  24]+0.021*[#  33]+
    |psi|^2 = 0.999
==== e(   4) =    -8.43400 eV ==== 
     psi = 0.228*[#  15]+0.228*[#  24]+0.228*[#   6]+0.228*[#  33]+0.021*[#   7]+
          +0.021*[#  16]+0.021*[#  25]+0.021*[#  34]+
    |psi|^2 = 0.999
==== e(   5) =    -7.74784 eV ==== 
     psi = 0.221*[#   6]+0.221*[#  15]+0.221*[#  33]+0.221*[#  24]+0.026*[#   7]+
          +0.026*[#  16]+0.026*[#  25]+0.026*[#  34]+0.003*[#   3]+0.003*[#  12]+
          +0.003*[#  21]+0.003*[#  30]+
    |psi|^2 = 0.999
==== e(   6) =    -7.74784 eV ==== 
     psi = 0.221*[#   7]+0.221*[#  16]+0.221*[#  34]+0.221*[#  25]+0.026*[#   6]+
          +0.026*[#  15]+0.026*[#  24]+0.026*[#  33]+0.003*[#   4]+0.003*[#  13]+
          +0.003*[#  22]+0.003*[#  31]+
    |psi|^2 = 0.999
==== e(   7) =    -6.78053 eV ==== 
     psi = 0.250*[#  26]+0.250*[#  17]+0.250*[#  35]+0.250*[#   8]+
    |psi|^2 = 1.000
==== e(   8) =    -6.78044 eV ==== 
     psi = 0.250*[#  27]+0.250*[#  18]+0.250*[#  36]+0.249*[#   9]+
    |psi|^2 = 1.000
==== e(   9) =    -6.62876 eV ==== 
     psi = 0.244*[#  14]+0.244*[#  23]+0.244*[#   5]+0.244*[#  32]+0.005*[#   2]+
          +0.005*[#  11]+0.005*[#  20]+0.005*[#  29]+
    |psi|^2 = 0.996
==== e(  10) =    -6.60498 eV ==== 
     psi = 0.250*[#   8]+0.250*[#  35]+0.250*[#  17]+0.250*[#  26]+
    |psi|^2 = 1.000
==== e(  11) =    -6.60485 eV ==== 
     psi = 0.250*[#  36]+0.250*[#   9]+0.250*[#  18]+0.250*[#  27]+
    |psi|^2 = 1.000
==== e(  12) =    -6.56831 eV ==== 
     psi = 0.210*[#   7]+0.210*[#  16]+0.210*[#  25]+0.210*[#  34]+0.033*[#   6]+
          +0.033*[#  15]+0.033*[#  24]+0.033*[#  33]+0.006*[#   4]+0.006*[#  13]+
          +0.006*[#  22]+0.006*[#  31]+
    |psi|^2 = 0.998
==== e(  13) =    -6.56831 eV ==== 
     psi = 0.210*[#   6]+0.210*[#  15]+0.210*[#  24]+0.210*[#  33]+0.033*[#   7]+
          +0.033*[#  16]+0.033*[#  25]+0.033*[#  34]+0.006*[#   3]+0.006*[#  12]+
          +0.006*[#  21]+0.006*[#  30]+
    |psi|^2 = 0.998
==== e(  14) =    -6.39492 eV ==== 
     psi = 0.174*[#  10]+0.174*[#  19]+0.173*[#   1]+0.173*[#  28]+0.059*[#   5]+
          +0.059*[#  14]+0.059*[#  23]+0.059*[#  32]+0.017*[#   2]+0.017*[#  11]+
          +0.017*[#  20]+0.017*[#  29]+
    |psi|^2 = 0.998
==== e(  15) =    -6.34675 eV ==== 
     psi = 0.250*[#  17]+0.250*[#  26]+0.250*[#  35]+0.250*[#   8]+
    |psi|^2 = 1.000
==== e(  16) =    -6.34656 eV ==== 
     psi = 0.250*[#  27]+0.250*[#   9]+0.250*[#  18]+0.250*[#  36]+
    |psi|^2 = 1.000
==== e(  17) =    -6.15644 eV ==== 
     psi = 0.250*[#   8]+0.250*[#  35]+0.250*[#  17]+0.250*[#  26]+
    |psi|^2 = 1.000
==== e(  18) =    -6.15624 eV ==== 
     psi = 0.250*[#   9]+0.250*[#  36]+0.250*[#  18]+0.250*[#  27]+
    |psi|^2 = 1.000
==== e(  19) =    -5.93007 eV ==== 
     psi = 0.128*[#   1]+0.128*[#  10]+0.128*[#  28]+0.128*[#  19]+0.069*[#   2]+
          +0.069*[#  11]+0.069*[#  20]+0.069*[#  29]+0.052*[#   5]+0.052*[#  14]+
          +0.052*[#  23]+0.052*[#  32]+
    |psi|^2 = 0.998
==== e(  20) =    -5.45627 eV ==== 
     psi = 0.222*[#   5]+0.222*[#  14]+0.222*[#  32]+0.222*[#  23]+0.027*[#   1]+
          +0.027*[#  10]+0.027*[#  19]+0.027*[#  28]+
    |psi|^2 = 1.000
==== e(  21) =    -5.42998 eV ==== 
     psi = 0.240*[#   7]+0.240*[#  16]+0.240*[#  25]+0.240*[#  34]+0.007*[#   6]+
          +0.007*[#  15]+0.007*[#  24]+0.007*[#  33]+0.003*[#   4]+0.003*[#  13]+
          +0.003*[#  22]+0.003*[#  31]+
    |psi|^2 = 0.999
==== e(  22) =    -5.42998 eV ==== 
     psi = 0.240*[#   6]+0.240*[#  15]+0.240*[#  24]+0.240*[#  33]+0.007*[#   7]+
          +0.007*[#  16]+0.007*[#  25]+0.007*[#  34]+0.003*[#   3]+0.003*[#  12]+
          +0.003*[#  21]+0.003*[#  30]+
    |psi|^2 = 0.999
==== e(  23) =    -4.74536 eV ==== 
     psi = 0.129*[#   1]+0.128*[#  10]+0.129*[#  19]+0.128*[#  28]+0.114*[#   2]+
          +0.114*[#  11]+0.114*[#  20]+0.114*[#  29]+0.004*[#   5]+0.004*[#  14]+
          +0.004*[#  23]+0.004*[#  32]+
    |psi|^2 = 0.987
==== e(  24) =    -1.55498 eV ==== 
     psi = 0.175*[#   2]+0.175*[#  11]+0.175*[#  20]+0.175*[#  29]+0.058*[#   1]+
          +0.058*[#  10]+0.058*[#  19]+0.058*[#  28]+0.010*[#   5]+0.010*[#  14]+
          +0.010*[#  23]+0.010*[#  32]+
    |psi|^2 = 0.973
==== e(  25) =    -0.98199 eV ==== 
     psi = 0.205*[#  13]+0.205*[#  31]+0.204*[#   4]+0.204*[#  22]+0.025*[#   3]+
          +0.026*[#  12]+0.025*[#  21]+0.026*[#  30]+0.003*[#   7]+0.003*[#  16]+
          +0.003*[#  25]+0.003*[#  34]+
    |psi|^2 = 0.932
==== e(  26) =    -0.98199 eV ==== 
     psi = 0.205*[#  12]+0.205*[#  30]+0.204*[#   3]+0.204*[#  21]+0.025*[#   4]+
          +0.026*[#  13]+0.025*[#  22]+0.026*[#  31]+0.003*[#   6]+0.003*[#  15]+
          +0.003*[#  24]+0.003*[#  33]+
    |psi|^2 = 0.932
==== e(  27) =     0.21456 eV ==== 
     psi = 0.118*[#  13]+0.118*[#  31]+0.118*[#   4]+0.118*[#  22]+0.114*[#  12]+
          +0.114*[#  30]+0.114*[#   3]+0.114*[#  21]+0.004*[#   7]+0.004*[#  16]+
          +0.004*[#  25]+0.004*[#  34]+0.003*[#   6]+0.003*[#  15]+0.003*[#  24]+
          +0.003*[#  33]+
    |psi|^2 = 0.958
==== e(  28) =     0.21456 eV ==== 
     psi = 0.118*[#  12]+0.118*[#  30]+0.118*[#   3]+0.118*[#  21]+0.114*[#  13]+
          +0.114*[#  31]+0.114*[#   4]+0.114*[#  22]+0.004*[#   6]+0.004*[#  15]+
          +0.004*[#  24]+0.004*[#  33]+0.003*[#   7]+0.003*[#  16]+0.003*[#  25]+
          +0.003*[#  34]+
    |psi|^2 = 0.958
==== e(  29) =     1.24028 eV ==== 
     psi = 0.057*[#   2]+0.057*[#  11]+0.057*[#  20]+0.057*[#  29]+0.004*[#   1]+
          +0.004*[#  10]+0.004*[#  19]+0.004*[#  28]+
    |psi|^2 = 0.246
==== e(  30) =     1.97667 eV ==== 
     psi = 0.052*[#  11]+0.052*[#  29]+0.051*[#   2]+0.051*[#  20]+0.024*[#   1]+
          +0.024*[#  10]+0.024*[#  19]+0.024*[#  28]+
    |psi|^2 = 0.303
==== e(  31) =     1.98460 eV ==== 
     psi = 0.143*[#   4]+0.143*[#  22]+0.142*[#  13]+0.142*[#  31]+0.095*[#   3]+
          +0.095*[#  21]+0.094*[#  12]+0.094*[#  30]+0.002*[#   7]+0.002*[#  16]+
          +0.002*[#  25]+0.002*[#  34]+0.001*[#   6]+0.001*[#  15]+0.001*[#  24]+
          +0.001*[#  33]+
    |psi|^2 = 0.959
==== e(  32) =     1.98460 eV ==== 
     psi = 0.143*[#   3]+0.143*[#  21]+0.142*[#  12]+0.142*[#  30]+0.095*[#   4]+
          +0.095*[#  22]+0.094*[#  13]+0.094*[#  31]+0.002*[#   6]+0.002*[#  15]+
          +0.002*[#  24]+0.002*[#  33]+0.001*[#   7]+0.001*[#  16]+0.001*[#  25]+
          +0.001*[#  34]+
    |psi|^2 = 0.959
==== e(  33) =     2.20897 eV ==== 
     psi = 
    |psi|^2 = 0.000
==== e(  34) =     2.93513 eV ==== 
     psi = 0.003*[#   4]+0.003*[#  13]+0.003*[#  22]+0.003*[#  31]+
    |psi|^2 = 0.015
==== e(  35) =     2.93513 eV ==== 
     psi = 0.003*[#   3]+0.003*[#  12]+0.003*[#  21]+0.003*[#  30]+
    |psi|^2 = 0.015
==== e(  36) =     2.94611 eV ==== 
     psi = 
    |psi|^2 = 0.000
==== e(  37) =     2.98534 eV ==== 
     psi = 0.044*[#  11]+0.044*[#  29]+0.044*[#   2]+0.044*[#  20]+0.003*[#   1]+
          +0.003*[#  10]+0.003*[#  19]+0.003*[#  28]+
    |psi|^2 = 0.187
==== e(  38) =     3.08561 eV ==== 
     psi = 
    |psi|^2 = 0.000
==== e(  39) =     3.42713 eV ==== 
     psi = 0.149*[#   1]+0.149*[#  10]+0.149*[#  19]+0.149*[#  28]+0.052*[#   2]+
          +0.052*[#  11]+0.052*[#  20]+0.052*[#  29]+0.016*[#   5]+0.016*[#  14]+
          +0.016*[#  23]+0.016*[#  32]+
    |psi|^2 = 0.867
==== e(  40) =     3.45420 eV ==== 
     psi = 0.036*[#   2]+0.036*[#  20]+0.036*[#  11]+0.036*[#  29]+0.020*[#   1]+
          +0.020*[#  10]+0.020*[#  28]+0.020*[#  19]+
    |psi|^2 = 0.222

Lowdin Charges: 

     Atom #   1: total charge =  10.9868, s =  0.9096, p =  0.3215, d =  9.7557, 
     Atom #   2: total charge =  10.9870, s =  0.9098, p =  0.3215, d =  9.7557, 
     Atom #   3: total charge =  10.9870, s =  0.9097, p =  0.3216, d =  9.7557, 
     Atom #   4: total charge =  10.9869, s =  0.9097, p =  0.3214, d =  9.7557, 
     Spilling Parameter:   0.0012
