
     Program PWSCF v.5.0.2 (svn rev. 9392) starts on 17Apr2014 at 20:33: 4 

     This program is part of the open-source Quantum ESPRESSO suite
     for quantum simulation of materials; please cite
         "P. Giannozzi et al., J. Phys.:Condens. Matter 21 395502 (2009);
          URL http://www.quantum-espresso.org", 
     in publications or presentations arising from this work. More details at
     http://www.quantum-espresso.org/quote.php

     Parallel version (MPI), running on     6 processors
     R & G space division:  proc/nbgrp/npool/nimage =       6

     Current dimensions of program PWSCF are:
     Max number of different atomic species (ntypx) = 10
     Max number of k-points (npk) =  40000
     Max angular momentum in pseudopotentials (lmaxx) =  3
     Reading input from /home/ferretti/want/tests/test16/scf_benzene.in

     Subspace diagonalization in iterative solution of the eigenvalue problem:
     a serial algorithm will be used

 
     Parallelization info
     --------------------
     sticks:   dense  smooth     PW     G-vecs:    dense   smooth      PW
     Min        2148    2148    538               183436   183436   22924
     Max        2149    2149    540               183439   183439   22925
     Sum       12893   12893   3233              1100629  1100629  137545
 


     bravais-lattice index     =            8
     lattice parameter (alat)  =      30.0000  a.u.
     unit-cell volume          =   27000.0000 (a.u.)^3
     number of atoms/cell      =           12
     number of atomic types    =            2
     number of electrons       =        30.00
     number of Kohn-Sham states=           19
     kinetic-energy cutoff     =      45.0000  Ry
     charge density cutoff     =     180.0000  Ry
     convergence threshold     =      1.0E-08
     mixing beta               =       0.3000
     number of iterations used =            8  plain     mixing
     Exchange-correlation      =  SLA  LYP  B88  BLYP ( 1 3 1 3 0)
     EXX-fraction              =        0.00

     celldm(1)=  30.000000  celldm(2)=   1.000000  celldm(3)=   1.000000
     celldm(4)=   0.000000  celldm(5)=   0.000000  celldm(6)=   0.000000

     crystal axes: (cart. coord. in units of alat)
               a(1) = (   1.000000   0.000000   0.000000 )  
               a(2) = (   0.000000   1.000000   0.000000 )  
               a(3) = (   0.000000   0.000000   1.000000 )  

     reciprocal axes: (cart. coord. in units 2 pi/alat)
               b(1) = (  1.000000  0.000000  0.000000 )  
               b(2) = (  0.000000  1.000000  0.000000 )  
               b(3) = (  0.000000  0.000000  1.000000 )  


     PseudoPot. # 1 for C  read from file:
     ../pseudo/C.blyp-mt.UPF
     MD5 check sum: 9707c83c4328ed89710f741247262d6d
     Pseudo is Norm-conserving, Zval =  4.0
     Generated by new atomic code, or converted to UPF format
     Using radial grid of  279 points,  1 beta functions with: 
                l(1) =   0

     PseudoPot. # 2 for H  read from file:
     ../pseudo/H.blyp-vbc.UPF
     MD5 check sum: 64d25ad537c4b939b17faee1147b797b
     Pseudo is Norm-conserving, Zval =  1.0
     Generated by new atomic code, or converted to UPF format
     Using radial grid of  243 points,  0 beta functions with: 

     atomic species   valence    mass     pseudopotential
        C              4.00    12.01100     C ( 1.00)
        H              1.00     1.00800     H ( 1.00)

     No symmetry found



   Cartesian axes

     site n.     atom                  positions (alat units)
         1           H   tau(   1) = (  -0.2117753   0.0827070   0.1044389  )
         2           C   tau(   2) = (  -0.0995886   0.1590519   0.1036200  )
         3           H   tau(   3) = (  -0.1336036   0.2179484   0.1041239  )
         4           C   tau(   4) = (  -0.0114013   0.1589890   0.1028641  )
         5           H   tau(   5) = (   0.0226137   0.2178854   0.1027381  )
         6           C   tau(   6) = (   0.0326293   0.0825810   0.1021712  )
         7           H   tau(   7) = (   0.1006594   0.0825810   0.1015413  )
         8           C   tau(   8) = (  -0.0114643   0.0062361   0.1023602  )
         9           H   tau(   9) = (   0.0224877  -0.0526604   0.1017932  )
        10           C   tau(  10) = (  -0.0996516   0.0062991   0.1031161  )
        11           H   tau(  11) = (  -0.1337296  -0.0525974   0.1032420  )
        12           C   tau(  12) = (  -0.1437452   0.0827070   0.1038090  )

     number of k points=     1  gaussian smearing, width (Ry)=  0.0100
                       cart. coord. in units 2pi/alat
        k(    1) = (   0.0000000   0.0000000   0.0000000), wk =   2.0000000

     Dense  grid:  1100629 G-vectors     FFT dimensions: ( 135, 135, 135)

     Largest allocated arrays     est. size (Mb)     dimensions
        Kohn-Sham Wavefunctions         6.65 Mb     (  22925,   19)
        NL pseudopotentials             2.10 Mb     (  22925,    6)
        Each V/rho on FFT grid          6.40 Mb     ( 419175)
        Each G-vector array             1.40 Mb     ( 183439)
        G-vector shells                 0.03 Mb     (   3413)
     Largest temporary arrays     est. size (Mb)     dimensions
        Auxiliary wavefunctions        26.59 Mb     (  22925,   76)
        Each subspace H/S matrix        0.09 Mb     (  76,  76)
        Each <psi_i|beta_j> matrix      0.00 Mb     (      6,   19)
        Arrays for rho mixing          51.17 Mb     ( 419175,   8)

     Initial potential from superposition of free atoms
     Check: negative starting charge=   -0.033579

     starting charge   29.99964, renormalised to   30.00000

     negative rho (up, down):  0.336E-01 0.000E+00
     Starting wfc are   30 randomized atomic wfcs

     total cpu time spent up to now is        3.5 secs

     per-process dynamical memory:   102.9 Mb

     Self-consistent Calculation

     iteration #  1     ecut=    45.00 Ry     beta=0.30
     Davidson diagonalization with overlap
     ethr =  1.00E-02,  avg # of iterations =  4.0

     negative rho (up, down):  0.234E-01 0.000E+00

     total cpu time spent up to now is        9.1 secs

     total energy              =     -74.92513207 Ry
     Harris-Foulkes estimate   =     -75.46998438 Ry
     estimated scf accuracy    <       1.52499475 Ry

     iteration #  2     ecut=    45.00 Ry     beta=0.30
     Davidson diagonalization with overlap
     ethr =  5.08E-03,  avg # of iterations =  1.0

     negative rho (up, down):  0.106E-01 0.000E+00

     total cpu time spent up to now is       13.1 secs

     total energy              =     -74.85467988 Ry
     Harris-Foulkes estimate   =     -75.01977397 Ry
     estimated scf accuracy    <       0.36052224 Ry

     iteration #  3     ecut=    45.00 Ry     beta=0.30
     Davidson diagonalization with overlap
     ethr =  1.20E-03,  avg # of iterations =  9.0

     negative rho (up, down):  0.204E-02 0.000E+00

     total cpu time spent up to now is       18.8 secs

     total energy              =     -74.90973993 Ry
     Harris-Foulkes estimate   =     -74.93435850 Ry
     estimated scf accuracy    <       0.06332719 Ry

     iteration #  4     ecut=    45.00 Ry     beta=0.30
     Davidson diagonalization with overlap
     ethr =  2.11E-04,  avg # of iterations =  3.0

     negative rho (up, down):  0.175E-02 0.000E+00

     total cpu time spent up to now is       24.4 secs

     total energy              =     -74.88215068 Ry
     Harris-Foulkes estimate   =     -74.98481020 Ry
     estimated scf accuracy    <       0.18183286 Ry

     iteration #  5     ecut=    45.00 Ry     beta=0.30
     Davidson diagonalization with overlap
     ethr =  2.11E-04,  avg # of iterations =  3.0

     negative rho (up, down):  0.389E-03 0.000E+00

     total cpu time spent up to now is       29.8 secs

     total energy              =     -74.92123366 Ry
     Harris-Foulkes estimate   =     -74.92151166 Ry
     estimated scf accuracy    <       0.00103749 Ry

     iteration #  6     ecut=    45.00 Ry     beta=0.30
     Davidson diagonalization with overlap
     ethr =  3.46E-06,  avg # of iterations =  5.0

     negative rho (up, down):  0.294E-04 0.000E+00

     total cpu time spent up to now is       35.5 secs

     total energy              =     -74.92158171 Ry
     Harris-Foulkes estimate   =     -74.92162057 Ry
     estimated scf accuracy    <       0.00026381 Ry

     iteration #  7     ecut=    45.00 Ry     beta=0.30
     Davidson diagonalization with overlap
     ethr =  8.79E-07,  avg # of iterations =  1.0

     negative rho (up, down):  0.233E-07 0.000E+00

     total cpu time spent up to now is       39.5 secs

     total energy              =     -74.92151153 Ry
     Harris-Foulkes estimate   =     -74.92159072 Ry
     estimated scf accuracy    <       0.00014608 Ry

     iteration #  8     ecut=    45.00 Ry     beta=0.30
     Davidson diagonalization with overlap
     ethr =  4.87E-07,  avg # of iterations =  2.0

     negative rho (up, down):  0.225E-07 0.000E+00

     total cpu time spent up to now is       47.2 secs

     total energy              =     -74.92154413 Ry
     Harris-Foulkes estimate   =     -74.92154434 Ry
     estimated scf accuracy    <       0.00000087 Ry

     iteration #  9     ecut=    45.00 Ry     beta=0.30
     Davidson diagonalization with overlap
     ethr =  2.91E-09,  avg # of iterations =  3.0

     total cpu time spent up to now is       52.4 secs

     total energy              =     -74.92154461 Ry
     Harris-Foulkes estimate   =     -74.92154449 Ry
     estimated scf accuracy    <       0.00000028 Ry

     iteration # 10     ecut=    45.00 Ry     beta=0.30
     Davidson diagonalization with overlap
     ethr =  9.46E-10,  avg # of iterations =  2.0

     total cpu time spent up to now is       56.5 secs

     total energy              =     -74.92154457 Ry
     Harris-Foulkes estimate   =     -74.92154462 Ry
     estimated scf accuracy    <       0.00000020 Ry

     iteration # 11     ecut=    45.00 Ry     beta=0.30
     Davidson diagonalization with overlap
     ethr =  6.70E-10,  avg # of iterations =  2.0

     total cpu time spent up to now is       60.7 secs

     End of self-consistent calculation

          k = 0.0000 0.0000 0.0000 (137545 PWs)   bands (ev):

   -20.8022 -18.0878 -18.0840 -14.5143 -14.5137 -12.5669 -10.9956 -10.5462
    -9.9686  -9.9638  -8.5934  -7.9992  -7.9987  -5.8909  -5.8882  -0.8426
    -0.8409  -0.2975   0.3647

     the Fermi energy is    -4.7910 ev

!    total energy              =     -74.92154460 Ry
     Harris-Foulkes estimate   =     -74.92154460 Ry
     estimated scf accuracy    <          2.3E-09 Ry

     The total energy is the sum of the following terms:

     one-electron contribution =    -350.79633289 Ry
     hartree contribution      =     178.51276481 Ry
     xc contribution           =     -24.81604843 Ry
     ewald contribution        =     122.17807192 Ry
     smearing contrib. (-TS)   =       0.00000000 Ry

     convergence has been achieved in  11 iterations

     Forces acting on atoms (Ry/au):

     atom    1 type  2   force =    -0.00973631    0.00008137    0.00004590
     atom    2 type  1   force =    -0.00421511    0.00582828    0.00035301
     atom    3 type  2   force =    -0.00490850    0.00890830    0.00006284
     atom    4 type  1   force =     0.00348838    0.00610042   -0.00030466
     atom    5 type  2   force =     0.00522625    0.00872843   -0.00002858
     atom    6 type  1   force =     0.00793936    0.00051923    0.00020001
     atom    7 type  2   force =     0.00981114   -0.00006412   -0.00009081
     atom    8 type  1   force =     0.00291596   -0.00566719   -0.00043597
     atom    9 type  2   force =     0.00540016   -0.00929639   -0.00001919
     atom   10 type  1   force =    -0.00474198   -0.00602524    0.00036718
     atom   11 type  2   force =    -0.00472475   -0.00829361   -0.00001786
     atom   12 type  1   force =    -0.00645460   -0.00081949   -0.00013187

     Total force =     0.030191     Total SCF correction =     0.000100

     Writing output data file benzene.save
 
     init_run     :      3.32s CPU      3.46s WALL (       1 calls)
     electrons    :     55.90s CPU     57.19s WALL (       1 calls)
     forces       :      0.53s CPU      0.53s WALL (       1 calls)

     Called by init_run:
     wfcinit      :      1.79s CPU      1.81s WALL (       1 calls)
     potinit      :      0.76s CPU      0.83s WALL (       1 calls)

     Called by electrons:
     c_bands      :     38.17s CPU     38.44s WALL (      11 calls)
     sum_band     :      7.56s CPU      7.68s WALL (      11 calls)
     v_of_rho     :      6.96s CPU      7.18s WALL (      12 calls)
     mix_rho      :      1.92s CPU      1.96s WALL (      11 calls)

     Called by c_bands:
     init_us_2    :      0.05s CPU      0.12s WALL (      23 calls)
     cegterg      :     38.01s CPU     38.36s WALL (      11 calls)

     Called by *egterg:
     h_psi        :     33.29s CPU     33.46s WALL (      47 calls)
     g_psi        :      0.22s CPU      0.24s WALL (      35 calls)
     cdiaghg      :      0.08s CPU      0.07s WALL (      46 calls)

     Called by h_psi:
     add_vuspsi   :      0.17s CPU      0.18s WALL (      47 calls)

     General routines
     calbec       :      0.20s CPU      0.18s WALL (      48 calls)
     fft          :      6.55s CPU      6.62s WALL (     133 calls)
     fftw         :     33.54s CPU     33.79s WALL (    1405 calls)
     davcio       :      0.01s CPU      0.27s WALL (      12 calls)
 
     Parallel routines
     fft_scatter  :     13.09s CPU     13.27s WALL (    1538 calls)
 
     PWSCF        :  1m 0.52s CPU     1m 2.17s WALL

 
   This run was terminated on:  20:34: 6  17Apr2014            

=------------------------------------------------------------------------------=
   JOB DONE.
=------------------------------------------------------------------------------=
