
     Program PWSCF v.5.0.2 (svn rev. 9392) starts on 17Apr2014 at 20:18:52 

     This program is part of the open-source Quantum ESPRESSO suite
     for quantum simulation of materials; please cite
         "P. Giannozzi et al., J. Phys.:Condens. Matter 21 395502 (2009);
          URL http://www.quantum-espresso.org", 
     in publications or presentations arising from this work. More details at
     http://www.quantum-espresso.org/quote.php

     Parallel version (MPI), running on     6 processors
     R & G space division:  proc/nbgrp/npool/nimage =       6

     Current dimensions of program PWSCF are:
     Max number of different atomic species (ntypx) = 10
     Max number of k-points (npk) =  40000
     Max angular momentum in pseudopotentials (lmaxx) =  3
     Reading input from /home/ferretti/want/tests/test16/scf_Au1.in

     Subspace diagonalization in iterative solution of the eigenvalue problem:
     a serial algorithm will be used

 
     Parallelization info
     --------------------
     sticks:   dense  smooth     PW     G-vecs:    dense   smooth      PW
     Min        1061    1061    315                15056    15056    2433
     Max        1063    1063    317                15057    15057    2434
     Sum        6369    6369   1893                90341    90341   14599
 


     bravais-lattice index     =            8
     lattice parameter (alat)  =      20.0000  a.u.
     unit-cell volume          =    1889.7280 (a.u.)^3
     number of atoms/cell      =            1
     number of atomic types    =            1
     number of electrons       =        11.00
     number of Kohn-Sham states=           10
     kinetic-energy cutoff     =      50.0000  Ry
     charge density cutoff     =     200.0000  Ry
     convergence threshold     =      1.0E-08
     mixing beta               =       0.3000
     number of iterations used =            8  plain     mixing
     Exchange-correlation      =  SLA  PW   GGX  GGC ( 1 4 2 2 0)
     EXX-fraction              =        0.00

     celldm(1)=  20.000000  celldm(2)=   1.000000  celldm(3)=   0.236216
     celldm(4)=   0.000000  celldm(5)=   0.000000  celldm(6)=   0.000000

     crystal axes: (cart. coord. in units of alat)
               a(1) = (   1.000000   0.000000   0.000000 )  
               a(2) = (   0.000000   1.000000   0.000000 )  
               a(3) = (   0.000000   0.000000   0.236216 )  

     reciprocal axes: (cart. coord. in units 2 pi/alat)
               b(1) = (  1.000000  0.000000  0.000000 )  
               b(2) = (  0.000000  1.000000  0.000000 )  
               b(3) = (  0.000000  0.000000  4.233413 )  


     PseudoPot. # 1 for Au read from file:
     ../pseudo/Au11pw91.mt.UPF
     MD5 check sum: e270e13d0e45fa10676aee720c7982d9
     Pseudo is Norm-conserving + core correction, Zval = 11.0
     Generated by new atomic code, or converted to UPF format
     Using radial grid of  331 points,  2 beta functions with: 
                l(1) =   1
                l(2) =   2

     atomic species   valence    mass     pseudopotential
        Au            11.00   196.96650     Au( 1.00)

     16 Sym. Ops., with inversion, found



   Cartesian axes

     site n.     atom                  positions (alat units)
         1           Au  tau(   1) = (   0.0000000   0.0000000   0.0000000  )

     number of k points=    12  gaussian smearing, width (Ry)=  0.0100
                       cart. coord. in units 2pi/alat
        k(    1) = (   0.0000000   0.0000000   0.0881961), wk =   0.1666667
        k(    2) = (   0.0000000   0.0000000   0.2645883), wk =   0.1666667
        k(    3) = (   0.0000000   0.0000000   0.4409806), wk =   0.1666667
        k(    4) = (   0.0000000   0.0000000   0.6173728), wk =   0.1666667
        k(    5) = (   0.0000000   0.0000000   0.7937650), wk =   0.1666667
        k(    6) = (   0.0000000   0.0000000   0.9701573), wk =   0.1666667
        k(    7) = (   0.0000000   0.0000000   1.1465495), wk =   0.1666667
        k(    8) = (   0.0000000   0.0000000   1.3229417), wk =   0.1666667
        k(    9) = (   0.0000000   0.0000000   1.4993339), wk =   0.1666667
        k(   10) = (   0.0000000   0.0000000   1.6757262), wk =   0.1666667
        k(   11) = (   0.0000000   0.0000000   1.8521184), wk =   0.1666667
        k(   12) = (   0.0000000   0.0000000   2.0285106), wk =   0.1666667

     Dense  grid:    90341 G-vectors     FFT dimensions: (  96,  96,  24)

     Largest allocated arrays     est. size (Mb)     dimensions
        Kohn-Sham Wavefunctions         0.29 Mb     (   1874,   10)
        NL pseudopotentials             0.23 Mb     (   1874,    8)
        Each V/rho on FFT grid          0.56 Mb     (  36864)
        Each G-vector array             0.11 Mb     (  15057)
        G-vector shells                 0.03 Mb     (   4147)
     Largest temporary arrays     est. size (Mb)     dimensions
        Auxiliary wavefunctions         1.14 Mb     (   1874,   40)
        Each subspace H/S matrix        0.02 Mb     (  40,  40)
        Each <psi_i|beta_j> matrix      0.00 Mb     (      8,   10)
        Arrays for rho mixing           4.50 Mb     (  36864,   8)

     Check: negative/imaginary core charge=   -0.000021    0.000000

     Initial potential from superposition of free atoms
     Check: negative starting charge=   -0.005701

     starting charge   10.99993, renormalised to   11.00000

     negative rho (up, down):  0.570E-02 0.000E+00
     Starting wfc are    9 randomized atomic wfcs

     total cpu time spent up to now is        1.5 secs

     per-process dynamical memory:    13.6 Mb

     Self-consistent Calculation

     iteration #  1     ecut=    50.00 Ry     beta=0.30
     Davidson diagonalization with overlap
     ethr =  1.00E-02,  avg # of iterations =  6.2

     Threshold (ethr) on eigenvalues was too large:
     Diagonalizing with lowered threshold

     Davidson diagonalization with overlap
     ethr =  5.47E-04,  avg # of iterations =  3.6

     negative rho (up, down):  0.357E-02 0.000E+00

     total cpu time spent up to now is        4.3 secs

     total energy              =     -91.08643956 Ry
     Harris-Foulkes estimate   =     -91.11232145 Ry
     estimated scf accuracy    <       0.06167149 Ry

     iteration #  2     ecut=    50.00 Ry     beta=0.30
     Davidson diagonalization with overlap
     ethr =  5.61E-04,  avg # of iterations =  1.1

     negative rho (up, down):  0.237E-02 0.000E+00

     total cpu time spent up to now is        5.4 secs

     total energy              =     -91.09773817 Ry
     Harris-Foulkes estimate   =     -91.09824607 Ry
     estimated scf accuracy    <       0.00113892 Ry

     iteration #  3     ecut=    50.00 Ry     beta=0.30
     Davidson diagonalization with overlap
     ethr =  1.04E-05,  avg # of iterations =  5.1

     negative rho (up, down):  0.150E-03 0.000E+00

     total cpu time spent up to now is        7.0 secs

     total energy              =     -91.09694098 Ry
     Harris-Foulkes estimate   =     -91.09785058 Ry
     estimated scf accuracy    <       0.00050510 Ry

     iteration #  4     ecut=    50.00 Ry     beta=0.30
     Davidson diagonalization with overlap
     ethr =  4.59E-06,  avg # of iterations =  2.1

     negative rho (up, down):  0.222E-03 0.000E+00

     total cpu time spent up to now is        8.4 secs

     total energy              =     -91.09706470 Ry
     Harris-Foulkes estimate   =     -91.09707483 Ry
     estimated scf accuracy    <       0.00005480 Ry

     iteration #  5     ecut=    50.00 Ry     beta=0.30
     Davidson diagonalization with overlap
     ethr =  4.98E-07,  avg # of iterations =  1.1

     negative rho (up, down):  0.719E-05 0.000E+00

     total cpu time spent up to now is        9.5 secs

     total energy              =     -91.09704346 Ry
     Harris-Foulkes estimate   =     -91.09706764 Ry
     estimated scf accuracy    <       0.00001804 Ry

     iteration #  6     ecut=    50.00 Ry     beta=0.30
     Davidson diagonalization with overlap
     ethr =  1.64E-07,  avg # of iterations =  2.0

     negative rho (up, down):  0.160E-04 0.000E+00

     total cpu time spent up to now is       10.8 secs

     total energy              =     -91.09704732 Ry
     Harris-Foulkes estimate   =     -91.09704679 Ry
     estimated scf accuracy    <       0.00000034 Ry

     iteration #  7     ecut=    50.00 Ry     beta=0.30
     Davidson diagonalization with overlap
     ethr =  3.11E-09,  avg # of iterations =  2.0

     total cpu time spent up to now is       12.0 secs

     total energy              =     -91.09704588 Ry
     Harris-Foulkes estimate   =     -91.09704737 Ry
     estimated scf accuracy    <       0.00000024 Ry

     iteration #  8     ecut=    50.00 Ry     beta=0.30
     Davidson diagonalization with overlap
     ethr =  2.15E-09,  avg # of iterations =  2.0

     negative rho (up, down):  0.894E-07 0.000E+00

     total cpu time spent up to now is       13.2 secs

     total energy              =     -91.09704585 Ry
     Harris-Foulkes estimate   =     -91.09704592 Ry
     estimated scf accuracy    <       0.00000003 Ry

     iteration #  9     ecut=    50.00 Ry     beta=0.30
     Davidson diagonalization with overlap
     ethr =  3.05E-10,  avg # of iterations =  2.0

     total cpu time spent up to now is       14.5 secs

     total energy              =     -91.09704590 Ry
     Harris-Foulkes estimate   =     -91.09704587 Ry
     estimated scf accuracy    <       0.00000002 Ry

     iteration # 10     ecut=    50.00 Ry     beta=0.30
     Davidson diagonalization with overlap
     ethr =  2.00E-10,  avg # of iterations =  1.0

     total cpu time spent up to now is       15.6 secs

     End of self-consistent calculation

          k = 0.0000 0.0000 0.0882 ( 11319 PWs)   bands (ev):

   -10.8423  -6.8135  -6.8134  -6.4523  -5.2632  -5.2632  -1.1550  -1.1550
     1.1551   2.1249

          k = 0.0000 0.0000 0.2646 ( 11319 PWs)   bands (ev):

   -10.6617  -6.7920  -6.7919  -6.4004  -5.4430  -5.4430  -0.9823  -0.9823
     1.2369   2.2067

          k = 0.0000 0.0000 0.4410 ( 11323 PWs)   bands (ev):

   -10.3046  -6.7502  -6.7501  -6.2972  -5.7585  -5.7585  -0.6722  -0.6722
     1.4005   2.3706

          k = 0.0000 0.0000 0.6174 ( 11291 PWs)   bands (ev):

    -9.7801  -6.6906  -6.6905  -6.1531  -6.1531  -6.1428  -0.2647  -0.2647
     1.6460   2.6163

          k = 0.0000 0.0000 0.7938 ( 11263 PWs)   bands (ev):

    -9.1043  -6.6167  -6.6165  -6.5801  -6.5801  -5.9353   0.2140   0.2140
     1.9734   2.9440

          k = 0.0000 0.0000 0.9702 ( 11287 PWs)   bands (ev):

    -8.3062  -7.0053  -7.0053  -6.5330  -6.5329  -5.6653   0.7511   0.7511
     2.3830   3.3535

          k = 0.0000 0.0000 1.1465 ( 11287 PWs)   bands (ev):

    -7.4447  -7.4042  -7.4042  -6.4451  -6.4449  -5.2995   1.3420   1.3420
     2.8754   3.8450

          k = 0.0000 0.0000 1.3229 ( 11271 PWs)   bands (ev):

    -7.7590  -7.7590  -6.6404  -6.3587  -6.3586  -4.7489   1.9843   1.9843
     3.4511   4.4183

          k = 0.0000 0.0000 1.4993 ( 11242 PWs)   bands (ev):

    -8.0566  -8.0566  -6.2802  -6.2800  -6.0467  -3.8999   2.6738   2.6738
     4.1115   5.0735

          k = 0.0000 0.0000 1.6757 ( 11274 PWs)   bands (ev):

    -8.2875  -8.2875  -6.2151  -6.2150  -5.6803  -2.7860   3.3969   3.3969
     4.7897   4.8850

          k = 0.0000 0.0000 1.8521 ( 11294 PWs)   bands (ev):

    -8.4449  -8.4449  -6.1687  -6.1685  -5.4675  -1.5586   3.4219   4.1110
     4.1110   5.6965

          k = 0.0000 0.0000 2.0285 ( 11254 PWs)   bands (ev):

    -8.5247  -8.5247  -6.1445  -6.1443  -5.3672  -0.4855   2.2827   4.6615
     4.6615   6.6180

     the Fermi energy is    -5.2242 ev

!    total energy              =     -91.09704592 Ry
     Harris-Foulkes estimate   =     -91.09704591 Ry
     estimated scf accuracy    <          1.1E-09 Ry

     The total energy is the sum of the following terms:

     one-electron contribution =    -118.73827935 Ry
     hartree contribution      =      65.01620792 Ry
     xc contribution           =     -38.22098093 Ry
     ewald contribution        =       0.84746490 Ry
     smearing contrib. (-TS)   =      -0.00145847 Ry

     convergence has been achieved in  10 iterations

     Forces acting on atoms (Ry/au):

     atom    1 type  1   force =     0.00000000    0.00000000    0.00000000

     Total force =     0.000000     Total SCF correction =     0.000000

     Writing output data file gold1.save
 
     init_run     :      1.10s CPU      1.41s WALL (       1 calls)
     electrons    :     13.94s CPU     14.15s WALL (       1 calls)
     forces       :      0.17s CPU      0.16s WALL (       1 calls)

     Called by init_run:
     wfcinit      :      0.51s CPU      0.79s WALL (       1 calls)
     potinit      :      0.09s CPU      0.09s WALL (       1 calls)

     Called by electrons:
     c_bands      :     10.96s CPU     11.12s WALL (      11 calls)
     sum_band     :      2.17s CPU      2.24s WALL (      11 calls)
     v_of_rho     :      0.56s CPU      0.56s WALL (      11 calls)
     mix_rho      :      0.12s CPU      0.09s WALL (      11 calls)

     Called by c_bands:
     init_us_2    :      0.23s CPU      0.19s WALL (     288 calls)
     cegterg      :     10.57s CPU     10.76s WALL (     132 calls)

     Called by *egterg:
     h_psi        :      9.91s CPU     10.08s WALL (     481 calls)
     g_psi        :      0.12s CPU      0.10s WALL (     337 calls)
     cdiaghg      :      0.17s CPU      0.17s WALL (     457 calls)

     Called by h_psi:
     add_vuspsi   :      0.09s CPU      0.09s WALL (     481 calls)

     General routines
     calbec       :      0.13s CPU      0.13s WALL (     493 calls)
     fft          :      0.31s CPU      0.33s WALL (     133 calls)
     fftw         :     10.44s CPU     10.64s WALL (    7954 calls)
     davcio       :      0.10s CPU      0.40s WALL (     420 calls)
 
     Parallel routines
     fft_scatter  :      3.03s CPU      3.18s WALL (    8087 calls)
 
     PWSCF        :    15.31s CPU        15.89s WALL

 
   This run was terminated on:  20:19: 8  17Apr2014            

=------------------------------------------------------------------------------=
   JOB DONE.
=------------------------------------------------------------------------------=
