
     Program PWSCF v.5.0.2 (svn rev. 9392) starts on 17Apr2014 at 20:37:13 

     This program is part of the open-source Quantum ESPRESSO suite
     for quantum simulation of materials; please cite
         "P. Giannozzi et al., J. Phys.:Condens. Matter 21 395502 (2009);
          URL http://www.quantum-espresso.org", 
     in publications or presentations arising from this work. More details at
     http://www.quantum-espresso.org/quote.php

     Parallel version (MPI), running on     6 processors
     R & G space division:  proc/nbgrp/npool/nimage =       6

     Current dimensions of program PWSCF are:
     Max number of different atomic species (ntypx) = 10
     Max number of k-points (npk) =  40000
     Max angular momentum in pseudopotentials (lmaxx) =  3
     Reading input from /home/ferretti/want/tests/test16/scf_PA.in

     IMPORTANT: XC functional enforced from input :
     Exchange-correlation      = PZ ( 1 1 0 0 0)
     EXX-fraction              =        0.00
     Any further DFT definition will be discarded
     Please, verify this is what you really want

               file C.pw-mt_fhi.UPF: wavefunction(s)  4f renormalized
               file H.pz-vbc.UPF: wavefunction(s)  1S renormalized

     Subspace diagonalization in iterative solution of the eigenvalue problem:
     a serial algorithm will be used

 
     Parallelization info
     --------------------
     sticks:   dense  smooth     PW     G-vecs:    dense   smooth      PW
     Min        1907    1907    584                23948    23948    4049
     Max        1909    1909    586                23949    23949    4050
     Sum       11449   11449   3513               143691   143691   24299
 


     bravais-lattice index     =            8
     lattice parameter (alat)  =      30.0000  a.u.
     unit-cell volume          =    4200.2820 (a.u.)^3
     number of atoms/cell      =            4
     number of atomic types    =            2
     number of electrons       =        10.00
     number of Kohn-Sham states=            5
     kinetic-energy cutoff     =      40.0000  Ry
     charge density cutoff     =     160.0000  Ry
     convergence threshold     =      1.0E-08
     mixing beta               =       0.3000
     number of iterations used =            8  plain     mixing
     Exchange-correlation      = PZ ( 1 1 0 0 0)
     EXX-fraction              =        0.00

     celldm(1)=  30.000000  celldm(2)=   1.000000  celldm(3)=   0.155566
     celldm(4)=   0.000000  celldm(5)=   0.000000  celldm(6)=   0.000000

     crystal axes: (cart. coord. in units of alat)
               a(1) = (   1.000000   0.000000   0.000000 )  
               a(2) = (   0.000000   1.000000   0.000000 )  
               a(3) = (   0.000000   0.000000   0.155566 )  

     reciprocal axes: (cart. coord. in units 2 pi/alat)
               b(1) = (  1.000000  0.000000  0.000000 )  
               b(2) = (  0.000000  1.000000  0.000000 )  
               b(3) = (  0.000000  0.000000  6.428140 )  


     PseudoPot. # 1 for  C read from file:
     ../pseudo/C.pw-mt_fhi.UPF
     MD5 check sum: 13ff76dfb29e90984447383659675a25
     Pseudo is Norm-conserving, Zval =  4.0
     Generated using FHI98PP, converted with fhi2upf.x v.5.0.1
     Using radial grid of  461 points,  3 beta functions with: 
                l(1) =   0
                l(2) =   1
                l(3) =   3

     PseudoPot. # 2 for H  read from file:
     ../pseudo/H.pz-vbc.UPF
     MD5 check sum: 90becb985b714f09656c73597998d266
     Pseudo is Norm-conserving, Zval =  1.0
     Generated by new atomic code, or converted to UPF format
     Using radial grid of  131 points,  0 beta functions with: 

     atomic species   valence    mass     pseudopotential
        C              4.00     1.00000      C( 1.00)
        H              1.00     1.00000     H ( 1.00)

      2 Sym. Ops. (no inversion) found
          (note:  2 additional sym.ops. were found but ignored
           their fractional translations are incommensurate with FFT grid)


   Cartesian axes

     site n.     atom                  positions (alat units)
         1           C   tau(   1) = (   0.0000000   0.0000000  -0.0368990  )
         2           C   tau(   2) = (   0.0408396   0.0000000   0.0368992  )
         3           H   tau(   3) = (  -0.0678406   0.0000000  -0.0371833  )
         4           H   tau(   4) = (   0.1086802   0.0000000   0.0371835  )

     number of k points=    11
                       cart. coord. in units 2pi/alat
        k(    1) = (   0.0000000   0.0000000   0.0000000), wk =   0.1000000
        k(    2) = (   0.0000000   0.0000000   0.3214070), wk =   0.2000000
        k(    3) = (   0.0000000   0.0000000   0.6428140), wk =   0.2000000
        k(    4) = (   0.0000000   0.0000000   0.9642210), wk =   0.2000000
        k(    5) = (   0.0000000   0.0000000   1.2856280), wk =   0.2000000
        k(    6) = (   0.0000000   0.0000000   1.6070350), wk =   0.2000000
        k(    7) = (   0.0000000   0.0000000   1.9284419), wk =   0.2000000
        k(    8) = (   0.0000000   0.0000000   2.2498489), wk =   0.2000000
        k(    9) = (   0.0000000   0.0000000   2.5712559), wk =   0.2000000
        k(   10) = (   0.0000000   0.0000000   2.8926629), wk =   0.2000000
        k(   11) = (   0.0000000   0.0000000  -3.2140699), wk =   0.1000000

     Dense  grid:   143691 G-vectors     FFT dimensions: ( 125, 125,  20)

     Largest allocated arrays     est. size (Mb)     dimensions
        Kohn-Sham Wavefunctions         0.23 Mb     (   3009,    5)
        NL pseudopotentials             1.01 Mb     (   3009,   22)
        Each V/rho on FFT grid          0.95 Mb     (  62500)
        Each G-vector array             0.18 Mb     (  23949)
        G-vector shells                 0.05 Mb     (   6184)
     Largest temporary arrays     est. size (Mb)     dimensions
        Auxiliary wavefunctions         0.92 Mb     (   3009,   20)
        Each subspace H/S matrix        0.01 Mb     (  20,  20)
        Each <psi_i|beta_j> matrix      0.00 Mb     (     22,    5)
        Arrays for rho mixing           7.63 Mb     (  62500,   8)

     Initial potential from superposition of free atoms
     Check: negative starting charge=   -0.002355

     starting charge    9.99988, renormalised to   10.00000

     negative rho (up, down):  0.236E-02 0.000E+00
     Starting wfc are   34 randomized atomic wfcs

     total cpu time spent up to now is        3.6 secs

     per-process dynamical memory:    23.2 Mb

     Self-consistent Calculation

     iteration #  1     ecut=    40.00 Ry     beta=0.30
     Davidson diagonalization with overlap
     ethr =  1.00E-02,  avg # of iterations =  2.0

     negative rho (up, down):  0.163E-02 0.000E+00

     total cpu time spent up to now is        5.2 secs

     total energy              =     -25.12983679 Ry
     Harris-Foulkes estimate   =     -25.32779484 Ry
     estimated scf accuracy    <       0.52266725 Ry

     iteration #  2     ecut=    40.00 Ry     beta=0.30
     Davidson diagonalization with overlap
     ethr =  5.23E-03,  avg # of iterations =  1.0

     negative rho (up, down):  0.688E-03 0.000E+00

     total cpu time spent up to now is        6.4 secs

     total energy              =     -25.08647035 Ry
     Harris-Foulkes estimate   =     -25.15732175 Ry
     estimated scf accuracy    <       0.12735292 Ry

     iteration #  3     ecut=    40.00 Ry     beta=0.30
     Davidson diagonalization with overlap
     ethr =  1.27E-03,  avg # of iterations =  2.0

     negative rho (up, down):  0.299E-03 0.000E+00

     total cpu time spent up to now is        7.9 secs

     total energy              =     -25.10699534 Ry
     Harris-Foulkes estimate   =     -25.11557461 Ry
     estimated scf accuracy    <       0.01616909 Ry

     iteration #  4     ecut=    40.00 Ry     beta=0.30
     Davidson diagonalization with overlap
     ethr =  1.62E-04,  avg # of iterations =  2.0

     negative rho (up, down):  0.234E-04 0.000E+00

     total cpu time spent up to now is        9.4 secs

     total energy              =     -25.10853801 Ry
     Harris-Foulkes estimate   =     -25.11371430 Ry
     estimated scf accuracy    <       0.01045504 Ry

     iteration #  5     ecut=    40.00 Ry     beta=0.30
     Davidson diagonalization with overlap
     ethr =  1.05E-04,  avg # of iterations =  2.0

     negative rho (up, down):  0.271E-04 0.000E+00

     total cpu time spent up to now is       10.8 secs

     total energy              =     -25.10983318 Ry
     Harris-Foulkes estimate   =     -25.10998625 Ry
     estimated scf accuracy    <       0.00051037 Ry

     iteration #  6     ecut=    40.00 Ry     beta=0.30
     Davidson diagonalization with overlap
     ethr =  5.10E-06,  avg # of iterations =  2.3

     negative rho (up, down):  0.132E-05 0.000E+00

     total cpu time spent up to now is       12.2 secs

     total energy              =     -25.10979847 Ry
     Harris-Foulkes estimate   =     -25.10991004 Ry
     estimated scf accuracy    <       0.00018639 Ry

     iteration #  7     ecut=    40.00 Ry     beta=0.30
     Davidson diagonalization with overlap
     ethr =  1.86E-06,  avg # of iterations =  2.0

     negative rho (up, down):  0.225E-07 0.000E+00

     total cpu time spent up to now is       13.7 secs

     total energy              =     -25.10984898 Ry
     Harris-Foulkes estimate   =     -25.10985329 Ry
     estimated scf accuracy    <       0.00000795 Ry

     iteration #  8     ecut=    40.00 Ry     beta=0.30
     Davidson diagonalization with overlap
     ethr =  7.95E-08,  avg # of iterations =  2.4

     total cpu time spent up to now is       15.2 secs

     total energy              =     -25.10985099 Ry
     Harris-Foulkes estimate   =     -25.10985123 Ry
     estimated scf accuracy    <       0.00000079 Ry

     iteration #  9     ecut=    40.00 Ry     beta=0.30
     Davidson diagonalization with overlap
     ethr =  7.87E-09,  avg # of iterations =  2.1

     total cpu time spent up to now is       16.6 secs

     total energy              =     -25.10985102 Ry
     Harris-Foulkes estimate   =     -25.10985105 Ry
     estimated scf accuracy    <       0.00000009 Ry

     iteration # 10     ecut=    40.00 Ry     beta=0.30
     Davidson diagonalization with overlap
     ethr =  8.73E-10,  avg # of iterations =  2.5

     total cpu time spent up to now is       18.0 secs

     total energy              =     -25.10985103 Ry
     Harris-Foulkes estimate   =     -25.10985103 Ry
     estimated scf accuracy    <       0.00000002 Ry

     iteration # 11     ecut=    40.00 Ry     beta=0.30
     Davidson diagonalization with overlap
     ethr =  1.68E-10,  avg # of iterations =  2.0

     total cpu time spent up to now is       19.4 secs

     End of self-consistent calculation

          k = 0.0000 0.0000 0.0000 ( 18029 PWs)   bands (ev):

   -20.4728 -13.9110  -8.9235  -8.8678  -7.9629

          k = 0.0000 0.0000 0.3214 ( 18033 PWs)   bands (ev):

   -20.4313 -13.8728  -9.0398  -8.8145  -8.0210

          k = 0.0000 0.0000 0.6428 ( 17957 PWs)   bands (ev):

   -20.3066 -13.7588  -9.4187  -8.6515  -8.1311

          k = 0.0000 0.0000 0.9642 ( 17969 PWs)   bands (ev):

   -20.0997 -13.5750 -10.0524  -8.3829  -8.2324

          k = 0.0000 0.0000 1.2856 ( 17997 PWs)   bands (ev):

   -19.8112 -13.3364 -10.8386  -8.3409  -8.0094

          k = 0.0000 0.0000 1.6070 ( 17925 PWs)   bands (ev):

   -19.4424 -13.0980 -11.6407  -8.4927  -7.5322

          k = 0.0000 0.0000 1.9284 ( 17893 PWs)   bands (ev):

   -18.9959 -13.1840 -12.0868  -8.7166  -6.9568

          k = 0.0000 0.0000 2.2498 ( 17874 PWs)   bands (ev):

   -18.4751 -13.8814 -11.8618  -9.0256  -6.2888

          k = 0.0000 0.0000 2.5713 ( 17910 PWs)   bands (ev):

   -17.8883 -14.7169 -11.4227  -9.4194  -5.5418

          k = 0.0000 0.0000 2.8927 ( 17918 PWs)   bands (ev):

   -17.2618 -15.5108 -10.9258  -9.8771  -4.7513

          k = 0.0000 0.0000-3.2141 ( 17978 PWs)   bands (ev):

   -16.8311 -16.0002 -10.5078 -10.2836  -4.2088

!    total energy              =     -25.10985103 Ry
     Harris-Foulkes estimate   =     -25.10985103 Ry
     estimated scf accuracy    <          1.7E-09 Ry

     The total energy is the sum of the following terms:

     one-electron contribution =    -125.49977650 Ry
     hartree contribution      =      63.75144499 Ry
     xc contribution           =      -8.24674841 Ry
     ewald contribution        =      44.88522889 Ry

     convergence has been achieved in  11 iterations

     Writing output data file poly_pa.save
 
     init_run     :      3.10s CPU      3.52s WALL (       1 calls)
     electrons    :     15.53s CPU     15.77s WALL (       1 calls)

     Called by init_run:
     wfcinit      :      2.83s CPU      3.23s WALL (       1 calls)
     potinit      :      0.12s CPU      0.11s WALL (       1 calls)

     Called by electrons:
     c_bands      :     12.61s CPU     12.73s WALL (      11 calls)
     sum_band     :      2.32s CPU      2.41s WALL (      11 calls)
     v_of_rho     :      0.16s CPU      0.16s WALL (      12 calls)
     mix_rho      :      0.19s CPU      0.19s WALL (      11 calls)

     Called by c_bands:
     init_us_2    :      0.42s CPU      0.49s WALL (     253 calls)
     cegterg      :     11.48s CPU     11.63s WALL (     121 calls)

     Called by *egterg:
     h_psi        :     13.55s CPU     13.57s WALL (     377 calls)
     g_psi        :      0.06s CPU      0.09s WALL (     245 calls)
     cdiaghg      :      0.07s CPU      0.07s WALL (     366 calls)

     Called by h_psi:
     add_vuspsi   :      0.24s CPU      0.23s WALL (     377 calls)

     General routines
     calbec       :      0.29s CPU      0.34s WALL (     377 calls)
     fft          :      0.21s CPU      0.25s WALL (      47 calls)
     fftw         :     13.71s CPU     13.69s WALL (    4595 calls)
     davcio       :      0.18s CPU      0.46s WALL (     374 calls)
 
     Parallel routines
     fft_scatter  :      3.59s CPU      3.62s WALL (    4642 calls)
 
     PWSCF        :    18.78s CPU        19.52s WALL

 
   This run was terminated on:  20:37:33  17Apr2014            

=------------------------------------------------------------------------------=
   JOB DONE.
=------------------------------------------------------------------------------=
