
     Program PWSCF v.5.0.2 (svn rev. 9392) starts on 17Apr2014 at 20:19:22 

     This program is part of the open-source Quantum ESPRESSO suite
     for quantum simulation of materials; please cite
         "P. Giannozzi et al., J. Phys.:Condens. Matter 21 395502 (2009);
          URL http://www.quantum-espresso.org", 
     in publications or presentations arising from this work. More details at
     http://www.quantum-espresso.org/quote.php

     Parallel version (MPI), running on     6 processors
     R & G space division:  proc/nbgrp/npool/nimage =       6

     Current dimensions of program PWSCF are:
     Max number of different atomic species (ntypx) = 10
     Max number of k-points (npk) =  40000
     Max angular momentum in pseudopotentials (lmaxx) =  3
     Reading input from /home/ferretti/want/tests/test16/scf_Au4.in

     Subspace diagonalization in iterative solution of the eigenvalue problem:
     a serial algorithm will be used

     Found symmetry operation: I + (  0.0000  0.0000  0.2500)
     This is a supercell, fractional translations are disabled
 
     Parallelization info
     --------------------
     sticks:   dense  smooth     PW     G-vecs:    dense   smooth      PW
     Min        1060    1060    277                60174    60174    8054
     Max        1062    1062    279                60175    60175    8055
     Sum        6369    6369   1669               361045   361045   48327
 


     bravais-lattice index     =            8
     lattice parameter (alat)  =      20.0000  a.u.
     unit-cell volume          =    7558.9120 (a.u.)^3
     number of atoms/cell      =            4
     number of atomic types    =            1
     number of electrons       =        44.00
     number of Kohn-Sham states=           26
     kinetic-energy cutoff     =      50.0000  Ry
     charge density cutoff     =     200.0000  Ry
     convergence threshold     =      1.0E-08
     mixing beta               =       0.3000
     number of iterations used =            8  plain     mixing
     Exchange-correlation      =  SLA  PW   GGX  GGC ( 1 4 2 2 0)
     EXX-fraction              =        0.00

     celldm(1)=  20.000000  celldm(2)=   1.000000  celldm(3)=   0.944864
     celldm(4)=   0.000000  celldm(5)=   0.000000  celldm(6)=   0.000000

     crystal axes: (cart. coord. in units of alat)
               a(1) = (   1.000000   0.000000   0.000000 )  
               a(2) = (   0.000000   1.000000   0.000000 )  
               a(3) = (   0.000000   0.000000   0.944864 )  

     reciprocal axes: (cart. coord. in units 2 pi/alat)
               b(1) = (  1.000000  0.000000  0.000000 )  
               b(2) = (  0.000000  1.000000  0.000000 )  
               b(3) = (  0.000000  0.000000  1.058353 )  


     PseudoPot. # 1 for Au read from file:
     ../pseudo/Au11pw91.mt.UPF
     MD5 check sum: e270e13d0e45fa10676aee720c7982d9
     Pseudo is Norm-conserving + core correction, Zval = 11.0
     Generated by new atomic code, or converted to UPF format
     Using radial grid of  331 points,  2 beta functions with: 
                l(1) =   1
                l(2) =   2

     atomic species   valence    mass     pseudopotential
        Au            11.00   196.96650     Au( 1.00)

     16 Sym. Ops., with inversion, found



   Cartesian axes

     site n.     atom                  positions (alat units)
         1           Au  tau(   1) = (   0.0000000   0.0000000   0.0000000  )
         2           Au  tau(   2) = (   0.0000000   0.0000000   0.2362158  )
         3           Au  tau(   3) = (   0.0000000   0.0000000   0.4724315  )
         4           Au  tau(   4) = (   0.0000000   0.0000000   0.7086473  )

     number of k points=     3  gaussian smearing, width (Ry)=  0.0100
                       cart. coord. in units 2pi/alat
        k(    1) = (   0.0000000   0.0000000   0.0000000), wk =   0.5000000
        k(    2) = (   0.0000000   0.0000000   0.2645883), wk =   1.0000000
        k(    3) = (   0.0000000   0.0000000  -0.5291767), wk =   0.5000000

     Dense  grid:   361045 G-vectors     FFT dimensions: (  96,  96,  90)

     Largest allocated arrays     est. size (Mb)     dimensions
        Kohn-Sham Wavefunctions         2.99 Mb     (   7527,   26)
        NL pseudopotentials             3.68 Mb     (   7527,   32)
        Each V/rho on FFT grid          2.11 Mb     ( 138240)
        Each G-vector array             0.46 Mb     (  60174)
        G-vector shells                 0.11 Mb     (  14938)
     Largest temporary arrays     est. size (Mb)     dimensions
        Auxiliary wavefunctions        11.94 Mb     (   7527,  104)
        Each subspace H/S matrix        0.17 Mb     ( 104, 104)
        Each <psi_i|beta_j> matrix      0.01 Mb     (     32,   26)
        Arrays for rho mixing          16.88 Mb     ( 138240,   8)

     Check: negative/imaginary core charge=   -0.000021    0.000000

     Initial potential from superposition of free atoms
     Check: negative starting charge=   -0.022838

     starting charge   43.99971, renormalised to   44.00000

     negative rho (up, down):  0.228E-01 0.000E+00
     Starting wfc are   36 randomized atomic wfcs

     total cpu time spent up to now is        3.3 secs

     per-process dynamical memory:    36.2 Mb

     Self-consistent Calculation

     iteration #  1     ecut=    50.00 Ry     beta=0.30
     Davidson diagonalization with overlap
     ethr =  1.00E-02,  avg # of iterations =  3.0

     Threshold (ethr) on eigenvalues was too large:
     Diagonalizing with lowered threshold

     Davidson diagonalization with overlap
     ethr =  4.90E-04,  avg # of iterations =  2.0

     negative rho (up, down):  0.142E-01 0.000E+00

     total cpu time spent up to now is       11.3 secs

     total energy              =    -364.34422552 Ry
     Harris-Foulkes estimate   =    -364.44499000 Ry
     estimated scf accuracy    <       0.24064515 Ry

     iteration #  2     ecut=    50.00 Ry     beta=0.30
     Davidson diagonalization with overlap
     ethr =  5.47E-04,  avg # of iterations =  2.0

     negative rho (up, down):  0.928E-02 0.000E+00

     total cpu time spent up to now is       15.3 secs

     total energy              =    -364.39201327 Ry
     Harris-Foulkes estimate   =    -364.39432272 Ry
     estimated scf accuracy    <       0.00468010 Ry

     iteration #  3     ecut=    50.00 Ry     beta=0.30
     Davidson diagonalization with overlap
     ethr =  1.06E-05,  avg # of iterations =  6.0

     negative rho (up, down):  0.141E-02 0.000E+00

     total cpu time spent up to now is       20.3 secs

     total energy              =    -364.38947210 Ry
     Harris-Foulkes estimate   =    -364.39290426 Ry
     estimated scf accuracy    <       0.00208778 Ry

     iteration #  4     ecut=    50.00 Ry     beta=0.30
     Davidson diagonalization with overlap
     ethr =  4.74E-06,  avg # of iterations =  3.0

     negative rho (up, down):  0.104E-02 0.000E+00

     total cpu time spent up to now is       25.1 secs

     total energy              =    -364.38990373 Ry
     Harris-Foulkes estimate   =    -364.39005091 Ry
     estimated scf accuracy    <       0.00046795 Ry

     iteration #  5     ecut=    50.00 Ry     beta=0.30
     Davidson diagonalization with overlap
     ethr =  1.06E-06,  avg # of iterations =  2.0

     negative rho (up, down):  0.899E-03 0.000E+00

     total cpu time spent up to now is       29.0 secs

     total energy              =    -364.38988836 Ry
     Harris-Foulkes estimate   =    -364.38994611 Ry
     estimated scf accuracy    <       0.00011745 Ry

     iteration #  6     ecut=    50.00 Ry     beta=0.30
     Davidson diagonalization with overlap
     ethr =  2.67E-07,  avg # of iterations =  2.0

     negative rho (up, down):  0.376E-04 0.000E+00

     total cpu time spent up to now is       33.8 secs

     total energy              =    -364.38984087 Ry
     Harris-Foulkes estimate   =    -364.38990909 Ry
     estimated scf accuracy    <       0.00001383 Ry

     iteration #  7     ecut=    50.00 Ry     beta=0.30
     Davidson diagonalization with overlap
     ethr =  3.14E-08,  avg # of iterations =  2.3

     negative rho (up, down):  0.190E-04 0.000E+00

     total cpu time spent up to now is       38.7 secs

     total energy              =    -364.38984282 Ry
     Harris-Foulkes estimate   =    -364.38984493 Ry
     estimated scf accuracy    <       0.00000235 Ry

     iteration #  8     ecut=    50.00 Ry     beta=0.30
     Davidson diagonalization with overlap
     ethr =  5.33E-09,  avg # of iterations =  2.0

     negative rho (up, down):  0.613E-05 0.000E+00

     total cpu time spent up to now is       42.6 secs

     total energy              =    -364.38984181 Ry
     Harris-Foulkes estimate   =    -364.38984311 Ry
     estimated scf accuracy    <       0.00000033 Ry

     iteration #  9     ecut=    50.00 Ry     beta=0.30
     Davidson diagonalization with overlap
     ethr =  7.54E-10,  avg # of iterations =  2.7

     negative rho (up, down):  0.121E-05 0.000E+00

     total cpu time spent up to now is       47.6 secs

     total energy              =    -364.38984086 Ry
     Harris-Foulkes estimate   =    -364.38984191 Ry
     estimated scf accuracy    <       0.00000055 Ry

     iteration # 10     ecut=    50.00 Ry     beta=0.30
     Davidson diagonalization with overlap
     ethr =  7.54E-10,  avg # of iterations =  2.0

     negative rho (up, down):  0.282E-07 0.000E+00

     total cpu time spent up to now is       51.9 secs

     total energy              =    -364.38984020 Ry
     Harris-Foulkes estimate   =    -364.38984090 Ry
     estimated scf accuracy    <       0.00000010 Ry

     iteration # 11     ecut=    50.00 Ry     beta=0.30
     Davidson diagonalization with overlap
     ethr =  2.35E-10,  avg # of iterations =  2.7

     total cpu time spent up to now is       56.6 secs

     End of self-consistent calculation

          k = 0.0000 0.0000 0.0000 ( 45103 PWs)   bands (ev):

   -10.8564  -8.5240  -8.5240  -7.8678  -7.8675  -7.1982  -7.1982  -7.1980
    -7.1980  -6.8050  -6.8049  -6.4776  -6.4776  -6.4776  -6.4774  -6.4534
    -6.1294  -6.1292  -5.4939  -5.4936  -5.3440  -5.2262  -5.2262  -1.1776
    -1.1776  -0.2744

          k = 0.0000 0.0000 0.2646 ( 45147 PWs)   bands (ev):

   -10.6531  -9.0951  -8.4343  -8.4343  -7.7481  -7.7481  -6.7808  -6.7807
    -6.6290  -6.6052  -6.6051  -6.5686  -6.5686  -6.3951  -6.3470  -6.3468
    -6.1567  -6.1565  -5.9302  -5.4565  -5.4303  -5.4303  -4.7455  -1.5551
    -0.9821  -0.9821

          k = 0.0000 0.0000-0.5292 ( 45106 PWs)   bands (ev):

   -10.0538 -10.0536  -8.1702  -8.1702  -8.1700  -8.1700  -6.7112  -6.7111
    -6.7111  -6.7110  -6.2338  -6.2337  -6.2336  -6.2335  -6.2211  -6.2210
    -5.9371  -5.9371  -5.9370  -5.9370  -5.8285  -5.8284  -3.3641  -3.3640
    -0.4781  -0.4781

     the Fermi energy is    -5.2095 ev

!    total energy              =    -364.38984033 Ry
     Harris-Foulkes estimate   =    -364.38984023 Ry
     estimated scf accuracy    <          2.0E-09 Ry

     The total energy is the sum of the following terms:

     one-electron contribution =    -474.98062734 Ry
     hartree contribution      =     260.09902742 Ry
     xc contribution           =    -152.89424432 Ry
     ewald contribution        =       3.38985979 Ry
     smearing contrib. (-TS)   =      -0.00385589 Ry

     convergence has been achieved in  11 iterations

     Forces acting on atoms (Ry/au):

     atom    1 type  1   force =     0.00000000    0.00000000    0.00000000
     atom    2 type  1   force =     0.00000000    0.00000000    0.00000987
     atom    3 type  1   force =     0.00000000    0.00000000    0.00000000
     atom    4 type  1   force =     0.00000000    0.00000000   -0.00000987

     Total force =     0.000014     Total SCF correction =     0.000068
     SCF correction compared to forces is large: reduce conv_thr to get better values

     Writing output data file gold4.save
 
     init_run     :      2.65s CPU      3.05s WALL (       1 calls)
     electrons    :     52.03s CPU     53.37s WALL (       1 calls)
     forces       :      0.74s CPU      0.74s WALL (       1 calls)

     Called by init_run:
     wfcinit      :      1.83s CPU      2.18s WALL (       1 calls)
     potinit      :      0.37s CPU      0.39s WALL (       1 calls)

     Called by electrons:
     c_bands      :     40.32s CPU     41.31s WALL (      12 calls)
     sum_band     :      8.10s CPU      8.32s WALL (      12 calls)
     v_of_rho     :      2.62s CPU      2.68s WALL (      12 calls)
     mix_rho      :      0.51s CPU      0.52s WALL (      12 calls)

     Called by c_bands:
     init_us_2    :      0.31s CPU      0.35s WALL (      78 calls)
     cegterg      :     39.53s CPU     40.24s WALL (      36 calls)

     Called by *egterg:
     h_psi        :     36.21s CPU     36.44s WALL (     134 calls)
     g_psi        :      0.35s CPU      0.29s WALL (      95 calls)
     cdiaghg      :      0.35s CPU      0.29s WALL (     128 calls)

     Called by h_psi:
     add_vuspsi   :      0.64s CPU      0.76s WALL (     134 calls)

     General routines
     calbec       :      0.94s CPU      0.90s WALL (     137 calls)
     fft          :      1.72s CPU      1.75s WALL (     144 calls)
     fftw         :     35.85s CPU     36.02s WALL (    5726 calls)
     davcio       :      0.00s CPU      0.69s WALL (     114 calls)
 
     Parallel routines
     fft_scatter  :     13.59s CPU     13.89s WALL (    5870 calls)
 
     PWSCF        :    55.71s CPU        57.55s WALL

 
   This run was terminated on:  20:20:19  17Apr2014            

=------------------------------------------------------------------------------=
   JOB DONE.
=------------------------------------------------------------------------------=
